Archive member included to satisfy reference by file (symbol)

c:/st/stm32cubeide_1.12.0/stm32cubeide/plugins/com.st.stm32cube.ide.mcu.externaltools.gnu-tools-for-stm32.10.3-2021.10.win32_1.0.200.202301161003/tools/bin/../lib/gcc/arm-none-eabi/10.3.1/../../../../arm-none-eabi/lib/thumb/v7e-m+dp/hard\libc_nano.a(lib_a-errno.o)
                              ./Core/Src/syscalls.o (__errno)
c:/st/stm32cubeide_1.12.0/stm32cubeide/plugins/com.st.stm32cube.ide.mcu.externaltools.gnu-tools-for-stm32.10.3-2021.10.win32_1.0.200.202301161003/tools/bin/../lib/gcc/arm-none-eabi/10.3.1/../../../../arm-none-eabi/lib/thumb/v7e-m+dp/hard\libc_nano.a(lib_a-exit.o)
                              c:/st/stm32cubeide_1.12.0/stm32cubeide/plugins/com.st.stm32cube.ide.mcu.externaltools.gnu-tools-for-stm32.10.3-2021.10.win32_1.0.200.202301161003/tools/bin/../lib/gcc/arm-none-eabi/10.3.1/../../../../arm-none-eabi/lib/thumb/v7e-m+dp/hard/crt0.o (exit)
c:/st/stm32cubeide_1.12.0/stm32cubeide/plugins/com.st.stm32cube.ide.mcu.externaltools.gnu-tools-for-stm32.10.3-2021.10.win32_1.0.200.202301161003/tools/bin/../lib/gcc/arm-none-eabi/10.3.1/../../../../arm-none-eabi/lib/thumb/v7e-m+dp/hard\libc_nano.a(lib_a-findfp.o)
                              ./Middlewares/Third_Party/FreeRTOS/Source/tasks.o (__sf_fake_stderr)
c:/st/stm32cubeide_1.12.0/stm32cubeide/plugins/com.st.stm32cube.ide.mcu.externaltools.gnu-tools-for-stm32.10.3-2021.10.win32_1.0.200.202301161003/tools/bin/../lib/gcc/arm-none-eabi/10.3.1/../../../../arm-none-eabi/lib/thumb/v7e-m+dp/hard\libc_nano.a(lib_a-fwalk.o)
                              c:/st/stm32cubeide_1.12.0/stm32cubeide/plugins/com.st.stm32cube.ide.mcu.externaltools.gnu-tools-for-stm32.10.3-2021.10.win32_1.0.200.202301161003/tools/bin/../lib/gcc/arm-none-eabi/10.3.1/../../../../arm-none-eabi/lib/thumb/v7e-m+dp/hard\libc_nano.a(lib_a-findfp.o) (_fwalk)
c:/st/stm32cubeide_1.12.0/stm32cubeide/plugins/com.st.stm32cube.ide.mcu.externaltools.gnu-tools-for-stm32.10.3-2021.10.win32_1.0.200.202301161003/tools/bin/../lib/gcc/arm-none-eabi/10.3.1/../../../../arm-none-eabi/lib/thumb/v7e-m+dp/hard\libc_nano.a(lib_a-impure.o)
                              c:/st/stm32cubeide_1.12.0/stm32cubeide/plugins/com.st.stm32cube.ide.mcu.externaltools.gnu-tools-for-stm32.10.3-2021.10.win32_1.0.200.202301161003/tools/bin/../lib/gcc/arm-none-eabi/10.3.1/../../../../arm-none-eabi/lib/thumb/v7e-m+dp/hard\libc_nano.a(lib_a-exit.o) (_global_impure_ptr)
c:/st/stm32cubeide_1.12.0/stm32cubeide/plugins/com.st.stm32cube.ide.mcu.externaltools.gnu-tools-for-stm32.10.3-2021.10.win32_1.0.200.202301161003/tools/bin/../lib/gcc/arm-none-eabi/10.3.1/../../../../arm-none-eabi/lib/thumb/v7e-m+dp/hard\libc_nano.a(lib_a-init.o)
                              c:/st/stm32cubeide_1.12.0/stm32cubeide/plugins/com.st.stm32cube.ide.mcu.externaltools.gnu-tools-for-stm32.10.3-2021.10.win32_1.0.200.202301161003/tools/bin/../lib/gcc/arm-none-eabi/10.3.1/../../../../arm-none-eabi/lib/thumb/v7e-m+dp/hard/crt0.o (__libc_init_array)
c:/st/stm32cubeide_1.12.0/stm32cubeide/plugins/com.st.stm32cube.ide.mcu.externaltools.gnu-tools-for-stm32.10.3-2021.10.win32_1.0.200.202301161003/tools/bin/../lib/gcc/arm-none-eabi/10.3.1/../../../../arm-none-eabi/lib/thumb/v7e-m+dp/hard\libc_nano.a(lib_a-lock.o)
                              c:/st/stm32cubeide_1.12.0/stm32cubeide/plugins/com.st.stm32cube.ide.mcu.externaltools.gnu-tools-for-stm32.10.3-2021.10.win32_1.0.200.202301161003/tools/bin/../lib/gcc/arm-none-eabi/10.3.1/../../../../arm-none-eabi/lib/thumb/v7e-m+dp/hard\libc_nano.a(lib_a-findfp.o) (__retarget_lock_init_recursive)
c:/st/stm32cubeide_1.12.0/stm32cubeide/plugins/com.st.stm32cube.ide.mcu.externaltools.gnu-tools-for-stm32.10.3-2021.10.win32_1.0.200.202301161003/tools/bin/../lib/gcc/arm-none-eabi/10.3.1/../../../../arm-none-eabi/lib/thumb/v7e-m+dp/hard\libc_nano.a(lib_a-malloc.o)
                              ./Core/Src/GZP6859D.o (free)
c:/st/stm32cubeide_1.12.0/stm32cubeide/plugins/com.st.stm32cube.ide.mcu.externaltools.gnu-tools-for-stm32.10.3-2021.10.win32_1.0.200.202301161003/tools/bin/../lib/gcc/arm-none-eabi/10.3.1/../../../../arm-none-eabi/lib/thumb/v7e-m+dp/hard\libc_nano.a(lib_a-memcpy-stub.o)
                              ./Middlewares/Third_Party/FreeRTOS/Source/queue.o (memcpy)
c:/st/stm32cubeide_1.12.0/stm32cubeide/plugins/com.st.stm32cube.ide.mcu.externaltools.gnu-tools-for-stm32.10.3-2021.10.win32_1.0.200.202301161003/tools/bin/../lib/gcc/arm-none-eabi/10.3.1/../../../../arm-none-eabi/lib/thumb/v7e-m+dp/hard\libc_nano.a(lib_a-memset.o)
                              c:/st/stm32cubeide_1.12.0/stm32cubeide/plugins/com.st.stm32cube.ide.mcu.externaltools.gnu-tools-for-stm32.10.3-2021.10.win32_1.0.200.202301161003/tools/bin/../lib/gcc/arm-none-eabi/10.3.1/../../../../arm-none-eabi/lib/thumb/v7e-m+dp/hard/crt0.o (memset)
[...]
Memory Configuration

Name             Origin             Length             Attributes
FLASH            0x0000000008000000 0x0000000000200000 xr
DTCMRAM          0x0000000020000000 0x0000000000020000 xrw
RAM_D1           0x0000000024000000 0x0000000000080000 xrw
RAM_D2           0x0000000030000000 0x0000000000048000 xrw
RAM_D3           0x0000000038000000 0x0000000000010000 xrw
ITCMRAM          0x0000000000000000 0x0000000000010000 xrw
*default*        0x0000000000000000 0xffffffffffffffff

Linker script and memory map

LOAD c:/st/stm32cubeide_1.12.0/stm32cubeide/plugins/com.st.stm32cube.ide.mcu.externaltools.gnu-tools-for-stm32.10.3-2021.10.win32_1.0.200.202301161003/tools/bin/../lib/gcc/arm-none-eabi/10.3.1/thumb/v7e-m+dp/hard/crti.o
LOAD c:/st/stm32cubeide_1.12.0/stm32cubeide/plugins/com.st.stm32cube.ide.mcu.externaltools.gnu-tools-for-stm32.10.3-2021.10.win32_1.0.200.202301161003/tools/bin/../lib/gcc/arm-none-eabi/10.3.1/thumb/v7e-m+dp/hard/crtbegin.o
LOAD c:/st/stm32cubeide_1.12.0/stm32cubeide/plugins/com.st.stm32cube.ide.mcu.externaltools.gnu-tools-for-stm32.10.3-2021.10.win32_1.0.200.202301161003/tools/bin/../lib/gcc/arm-none-eabi/10.3.1/../../../../arm-none-eabi/lib/thumb/v7e-m+dp/hard/crt0.o
LOAD ./Core/Src/GZP6859D.o
LOAD ./Core/Src/freertos.o
LOAD ./Core/Src/main.o
LOAD ./Core/Src/stm32h7xx_hal_msp.o
LOAD ./Core/Src/stm32h7xx_hal_timebase_tim.o
LOAD ./Core/Src/stm32h7xx_it.o
LOAD ./Core/Src/syscalls.o
LOAD ./Core/Src/sysmem.o
LOAD ./Core/Src/system_stm32h7xx.o
LOAD ./Core/Startup/startup_stm32h743zitx.o
LOAD ./Drivers/STM32H7xx_HAL_Driver/Src/stm32h7xx_hal.o
LOAD ./Drivers/STM32H7xx_HAL_Driver/Src/stm32h7xx_hal_cortex.o
LOAD ./Drivers/STM32H7xx_HAL_Driver/Src/stm32h7xx_hal_dma.o
LOAD ./Drivers/STM32H7xx_HAL_Driver/Src/stm32h7xx_hal_dma_ex.o
LOAD ./Drivers/STM32H7xx_HAL_Driver/Src/stm32h7xx_hal_exti.o
LOAD ./Drivers/STM32H7xx_HAL_Driver/Src/stm32h7xx_hal_flash.o
LOAD ./Drivers/STM32H7xx_HAL_Driver/Src/stm32h7xx_hal_flash_ex.o
LOAD ./Drivers/STM32H7xx_HAL_Driver/Src/stm32h7xx_hal_gpio.o
LOAD ./Drivers/STM32H7xx_HAL_Driver/Src/stm32h7xx_hal_hsem.o
LOAD ./Drivers/STM32H7xx_HAL_Driver/Src/stm32h7xx_hal_i2c.o
LOAD ./Drivers/STM32H7xx_HAL_Driver/Src/stm32h7xx_hal_i2c_ex.o
LOAD ./Drivers/STM32H7xx_HAL_Driver/Src/stm32h7xx_hal_mdma.o
LOAD ./Drivers/STM32H7xx_HAL_Driver/Src/stm32h7xx_hal_pwr.o
LOAD ./Drivers/STM32H7xx_HAL_Driver/Src/stm32h7xx_hal_pwr_ex.o
LOAD ./Drivers/STM32H7xx_HAL_Driver/Src/stm32h7xx_hal_rcc.o
LOAD ./Drivers/STM32H7xx_HAL_Driver/Src/stm32h7xx_hal_rcc_ex.o
LOAD ./Drivers/STM32H7xx_HAL_Driver/Src/stm32h7xx_hal_tim.o
LOAD ./Drivers/STM32H7xx_HAL_Driver/Src/stm32h7xx_hal_tim_ex.o
LOAD ./Drivers/STM32H7xx_HAL_Driver/Src/stm32h7xx_hal_uart.o
LOAD ./Drivers/STM32H7xx_HAL_Driver/Src/stm32h7xx_hal_uart_ex.o
LOAD ./Middlewares/Third_Party/FreeRTOS/Source/CMSIS_RTOS/cmsis_os.o
LOAD ./Middlewares/Third_Party/FreeRTOS/Source/croutine.o
LOAD ./Middlewares/Third_Party/FreeRTOS/Source/event_groups.o
LOAD ./Middlewares/Third_Party/FreeRTOS/Source/list.o
LOAD ./Middlewares/Third_Party/FreeRTOS/Source/queue.o
LOAD ./Middlewares/Third_Party/FreeRTOS/Source/stream_buffer.o
LOAD ./Middlewares/Third_Party/FreeRTOS/Source/tasks.o
LOAD ./Middlewares/Third_Party/FreeRTOS/Source/timers.o
LOAD ./Middlewares/Third_Party/FreeRTOS/Source/portable/GCC/ARM_CM4F/port.o
LOAD ./Middlewares/Third_Party/FreeRTOS/Source/portable/MemMang/heap_4.o
START GROUP
LOAD c:/st/stm32cubeide_1.12.0/stm32cubeide/plugins/com.st.stm32cube.ide.mcu.externaltools.gnu-tools-for-stm32.10.3-2021.10.win32_1.0.200.202301161003/tools/bin/../lib/gcc/arm-none-eabi/10.3.1/../../../../arm-none-eabi/lib/thumb/v7e-m+dp/hard\libc_nano.a
LOAD c:/st/stm32cubeide_1.12.0/stm32cubeide/plugins/com.st.stm32cube.ide.mcu.externaltools.gnu-tools-for-stm32.10.3-2021.10.win32_1.0.200.202301161003/tools/bin/../lib/gcc/arm-none-eabi/10.3.1/../../../../arm-none-eabi/lib/thumb/v7e-m+dp/hard\libm.a
END GROUP
START GROUP
LOAD c:/st/stm32cubeide_1.12.0/stm32cubeide/plugins/com.st.stm32cube.ide.mcu.externaltools.gnu-tools-for-stm32.10.3-2021.10.win32_1.0.200.202301161003/tools/bin/../lib/gcc/arm-none-eabi/10.3.1/thumb/v7e-m+dp/hard\libgcc.a
LOAD c:/st/stm32cubeide_1.12.0/stm32cubeide/plugins/com.st.stm32cube.ide.mcu.externaltools.gnu-tools-for-stm32.10.3-2021.10.win32_1.0.200.202301161003/tools/bin/../lib/gcc/arm-none-eabi/10.3.1/../../../../arm-none-eabi/lib/thumb/v7e-m+dp/hard\libc_nano.a
END GROUP
START GROUP
LOAD c:/st/stm32cubeide_1.12.0/stm32cubeide/plugins/com.st.stm32cube.ide.mcu.externaltools.gnu-tools-for-stm32.10.3-2021.10.win32_1.0.200.202301161003/tools/bin/../lib/gcc/arm-none-eabi/10.3.1/thumb/v7e-m+dp/hard\libgcc.a
LOAD c:/st/stm32cubeide_1.12.0/stm32cubeide/plugins/com.st.stm32cube.ide.mcu.externaltools.gnu-tools-for-stm32.10.3-2021.10.win32_1.0.200.202301161003/tools/bin/../lib/gcc/arm-none-eabi/10.3.1/../../../../arm-none-eabi/lib/thumb/v7e-m+dp/hard\libc_nano.a
LOAD c:/st/stm32cubeide_1.12.0/stm32cubeide/plugins/com.st.stm32cube.ide.mcu.externaltools.gnu-tools-for-stm32.10.3-2021.10.win32_1.0.200.202301161003/tools/bin/../lib/gcc/arm-none-eabi/10.3.1/../../../../arm-none-eabi/lib/thumb/v7e-m+dp/hard\libnosys.a
END GROUP
START GROUP
LOAD c:/st/stm32cubeide_1.12.0/stm32cubeide/plugins/com.st.stm32cube.ide.mcu.externaltools.gnu-tools-for-stm32.10.3-2021.10.win32_1.0.200.202301161003/tools/bin/../lib/gcc/arm-none-eabi/10.3.1/thumb/v7e-m+dp/hard\libgcc.a
LOAD c:/st/stm32cubeide_1.12.0/stm32cubeide/plugins/com.st.stm32cube.ide.mcu.externaltools.gnu-tools-for-stm32.10.3-2021.10.win32_1.0.200.202301161003/tools/bin/../lib/gcc/arm-none-eabi/10.3.1/../../../../arm-none-eabi/lib/thumb/v7e-m+dp/hard\libc_nano.a
LOAD c:/st/stm32cubeide_1.12.0/stm32cubeide/plugins/com.st.stm32cube.ide.mcu.externaltools.gnu-tools-for-stm32.10.3-2021.10.win32_1.0.200.202301161003/tools/bin/../lib/gcc/arm-none-eabi/10.3.1/../../../../arm-none-eabi/lib/thumb/v7e-m+dp/hard\libnosys.a
END GROUP
LOAD c:/st/stm32cubeide_1.12.0/stm32cubeide/plugins/com.st.stm32cube.ide.mcu.externaltools.gnu-tools-for-stm32.10.3-2021.10.win32_1.0.200.202301161003/tools/bin/../lib/gcc/arm-none-eabi/10.3.1/thumb/v7e-m+dp/hard/crtend.o
LOAD c:/st/stm32cubeide_1.12.0/stm32cubeide/plugins/com.st.stm32cube.ide.mcu.externaltools.gnu-tools-for-stm32.10.3-2021.10.win32_1.0.200.202301161003/tools/bin/../lib/gcc/arm-none-eabi/10.3.1/thumb/v7e-m+dp/hard/crtn.o
                0x0000000024080000                _estack = (ORIGIN (RAM_D1) + LENGTH (RAM_D1))
                0x0000000000000200                _Min_Heap_Size = 0x200
                0x0000000000000400                _Min_Stack_Size = 0x400

.isr_vector     0x0000000008000000      0x298
                0x0000000008000000                . = ALIGN (0x4)
 *(.isr_vector)
 .isr_vector    0x0000000008000000      0x298 ./Core/Startup/startup_stm32h743zitx.o
                0x0000000008000000                g_pfnVectors
                0x0000000008000298                . = ALIGN (0x4)

.text           0x00000000080002a0     0x7c34
                0x00000000080002a0                . = ALIGN (0x4)
 *(.text)
 .text          0x00000000080002a0       0x40 c:/st/stm32cubeide_1.12.0/stm32cubeide/plugins/com.st.stm32cube.ide.mcu.externaltools.gnu-tools-for-stm32.10.3-2021.10.win32_1.0.200.202301161003/tools/bin/../lib/gcc/arm-none-eabi/10.3.1/thumb/v7e-m+dp/hard/crtbegin.o
 .text          0x00000000080002e0       0x30 c:/st/stm32cubeide_1.12.0/stm32cubeide/plugins/com.st.stm32cube.ide.mcu.externaltools.gnu-tools-for-stm32.10.3-2021.10.win32_1.0.200.202301161003/tools/bin/../lib/gcc/arm-none-eabi/10.3.1/thumb/v7e-m+dp/hard\libgcc.a(_aeabi_uldivmod.o)
                0x00000000080002e0                __aeabi_uldivmod
 .text          0x0000000008000310      0x2d0 c:/st/stm32cubeide_1.12.0/stm32cubeide/plugins/com.st.stm32cube.ide.mcu.externaltools.gnu-tools-for-stm32.10.3-2021.10.win32_1.0.200.202301161003/tools/bin/../lib/gcc/arm-none-eabi/10.3.1/thumb/v7e-m+dp/hard\libgcc.a(_udivmoddi4.o)
                0x0000000008000310                __udivmoddi4
 .text          0x00000000080005e0        0x4 c:/st/stm32cubeide_1.12.0/stm32cubeide/plugins/com.st.stm32cube.ide.mcu.externaltools.gnu-tools-for-stm32.10.3-2021.10.win32_1.0.200.202301161003/tools/bin/../lib/gcc/arm-none-eabi/10.3.1/thumb/v7e-m+dp/hard\libgcc.a(_dvmd_tls.o)
                0x00000000080005e0                __aeabi_idiv0
                0x00000000080005e0                __aeabi_ldiv0
 *(.text*)
 .text.GZP_SET_REG
                0x00000000080005e4       0x34 ./Core/Src/GZP6859D.o
                0x00000000080005e4                GZP_SET_REG
 .text.GZP_READ_REG
                0x0000000008000618       0x32 ./Core/Src/GZP6859D.o
                0x0000000008000618                GZP_READ_REG
 .text.GZP_READ_DATA
                0x000000000800064a       0x56 ./Core/Src/GZP6859D.o
                0x000000000800064a                GZP_READ_DATA
 .text.vApplicationGetIdleTaskMemory
                0x00000000080006a0       0x34 ./Core/Src/freertos.o
                0x00000000080006a0                vApplicationGetIdleTaskMemory
 .text.main     0x00000000080006d4       0x50 ./Core/Src/main.o
                0x00000000080006d4                main
 .text.SystemClock_Config
                0x0000000008000724       0xf4 ./Core/Src/main.o
                0x0000000008000724                SystemClock_Config
 .text.MX_I2C4_Init
                0x0000000008000818       0x80 ./Core/Src/main.o
 .text.MX_USART1_UART_Init
                0x0000000008000898       0x98 ./Core/Src/main.o
 .text.MX_USART3_UART_Init
                0x0000000008000930       0x98 ./Core/Src/main.o
 .text.MX_GPIO_Init
                0x00000000080009c8      0x20c ./Core/Src/main.o
 .text.GZP_Entry
                0x0000000008000bd4       0x20 ./Core/Src/main.o
                0x0000000008000bd4                GZP_Entry
 .text.HAL_TIM_PeriodElapsedCallback
                0x0000000008000bf4       0x24 ./Core/Src/main.o
                0x0000000008000bf4                HAL_TIM_PeriodElapsedCallback
 .text.Error_Handler
                0x0000000008000c18        0xa ./Core/Src/main.o
                0x0000000008000c18                Error_Handler
 *fill*         0x0000000008000c22        0x2 
 .text.HAL_MspInit
                0x0000000008000c24       0x3c ./Core/Src/stm32h7xx_hal_msp.o
                0x0000000008000c24                HAL_MspInit
 .text.HAL_I2C_MspInit
                0x0000000008000c60       0xd4 ./Core/Src/stm32h7xx_hal_msp.o
                0x0000000008000c60                HAL_I2C_MspInit
 .text.HAL_UART_MspInit
                0x0000000008000d34      0x170 ./Core/Src/stm32h7xx_hal_msp.o
                0x0000000008000d34                HAL_UART_MspInit
 .text.HAL_InitTick
                0x0000000008000ea4       0xc0 ./Core/Src/stm32h7xx_hal_timebase_tim.o
                0x0000000008000ea4                HAL_InitTick
 .text.NMI_Handler
                0x0000000008000f64        0x6 ./Core/Src/stm32h7xx_it.o
                0x0000000008000f64                NMI_Handler
 .text.HardFault_Handler
                0x0000000008000f6a        0x6 ./Core/Src/stm32h7xx_it.o
                0x0000000008000f6a                HardFault_Handler
 .text.MemManage_Handler
                0x0000000008000f70        0x6 ./Core/Src/stm32h7xx_it.o
                0x0000000008000f70                MemManage_Handler
 .text.BusFault_Handler
                0x0000000008000f76        0x6 ./Core/Src/stm32h7xx_it.o
                0x0000000008000f76                BusFault_Handler
 .text.UsageFault_Handler
                0x0000000008000f7c        0x6 ./Core/Src/stm32h7xx_it.o
                0x0000000008000f7c                UsageFault_Handler
 .text.DebugMon_Handler
                0x0000000008000f82        0xe ./Core/Src/stm32h7xx_it.o
                0x0000000008000f82                DebugMon_Handler
 .text.TIM1_UP_IRQHandler
                0x0000000008000f90       0x14 ./Core/Src/stm32h7xx_it.o
                0x0000000008000f90                TIM1_UP_IRQHandler
 .text.SystemInit
                0x0000000008000fa4      0x110 ./Core/Src/system_stm32h7xx.o
                0x0000000008000fa4                SystemInit
 .text.Reset_Handler
                0x00000000080010b4       0x50 ./Core/Startup/startup_stm32h743zitx.o
                0x00000000080010b4                Reset_Handler
 .text.Default_Handler
                0x0000000008001104        0x2 ./Core/Startup/startup_stm32h743zitx.o
                0x0000000008001104                RTC_Alarm_IRQHandler
                0x0000000008001104                EXTI2_IRQHandler
                0x0000000008001104                TIM8_CC_IRQHandler
                0x0000000008001104                HRTIM1_Master_IRQHandler
                0x0000000008001104                UART8_IRQHandler
                0x0000000008001104                SPI4_IRQHandler
                0x0000000008001104                TIM1_CC_IRQHandler
                0x0000000008001104                BDMA_Channel6_IRQHandler
                0x0000000008001104                DMA2_Stream5_IRQHandler
                0x0000000008001104                HRTIM1_FLT_IRQHandler
                0x0000000008001104                JPEG_IRQHandler
                0x0000000008001104                DMA1_Stream5_IRQHandler
                0x0000000008001104                BDMA_Channel1_IRQHandler
                0x0000000008001104                HRTIM1_TIMD_IRQHandler
                0x0000000008001104                TAMP_STAMP_IRQHandler
                0x0000000008001104                EXTI3_IRQHandler
                0x0000000008001104                LPTIM4_IRQHandler
                0x0000000008001104                TIM8_TRG_COM_TIM14_IRQHandler
                0x0000000008001104                LPTIM2_IRQHandler
                0x0000000008001104                DFSDM1_FLT1_IRQHandler
                0x0000000008001104                DMAMUX2_OVR_IRQHandler
                0x0000000008001104                TIM8_UP_TIM13_IRQHandler
                0x0000000008001104                I2C3_ER_IRQHandler
                0x0000000008001104                DFSDM1_FLT2_IRQHandler
                0x0000000008001104                MDMA_IRQHandler
                0x0000000008001104                LPTIM3_IRQHandler
                0x0000000008001104                HSEM1_IRQHandler
                0x0000000008001104                EXTI0_IRQHandler
                0x0000000008001104                I2C2_EV_IRQHandler
                0x0000000008001104                DMA1_Stream2_IRQHandler
                0x0000000008001104                FPU_IRQHandler
                0x0000000008001104                OTG_HS_WKUP_IRQHandler
                0x0000000008001104                FDCAN1_IT1_IRQHandler
                0x0000000008001104                LTDC_ER_IRQHandler
                0x0000000008001104                DMA2_Stream2_IRQHandler
                0x0000000008001104                HRTIM1_TIME_IRQHandler
                0x0000000008001104                SPI1_IRQHandler
                0x0000000008001104                TIM6_DAC_IRQHandler
                0x0000000008001104                DCMI_IRQHandler
                0x0000000008001104                HRTIM1_TIMC_IRQHandler
                0x0000000008001104                DMA2_Stream3_IRQHandler
                0x0000000008001104                SAI2_IRQHandler
                0x0000000008001104                DFSDM1_FLT3_IRQHandler
                0x0000000008001104                USART6_IRQHandler
                0x0000000008001104                TIM17_IRQHandler
                0x0000000008001104                USART3_IRQHandler
                0x0000000008001104                BDMA_Channel7_IRQHandler
                0x0000000008001104                LPTIM5_IRQHandler
                0x0000000008001104                UART5_IRQHandler
                0x0000000008001104                ADC3_IRQHandler
                0x0000000008001104                DMA2_Stream0_IRQHandler
                0x0000000008001104                TIM4_IRQHandler
                0x0000000008001104                BDMA_Channel2_IRQHandler
                0x0000000008001104                QUADSPI_IRQHandler
                0x0000000008001104                I2C1_EV_IRQHandler
                0x0000000008001104                DMA1_Stream6_IRQHandler
                0x0000000008001104                DMAMUX1_OVR_IRQHandler
                0x0000000008001104                DMA1_Stream1_IRQHandler
                0x0000000008001104                TIM16_IRQHandler
                0x0000000008001104                UART4_IRQHandler
                0x0000000008001104                BDMA_Channel5_IRQHandler
                0x0000000008001104                TIM3_IRQHandler
                0x0000000008001104                RCC_IRQHandler
                0x0000000008001104                TIM8_BRK_TIM12_IRQHandler
                0x0000000008001104                TIM1_TRG_COM_IRQHandler
                0x0000000008001104                Default_Handler
                0x0000000008001104                ECC_IRQHandler
                0x0000000008001104                CEC_IRQHandler
                0x0000000008001104                EXTI15_10_IRQHandler
                0x0000000008001104                BDMA_Channel0_IRQHandler
                0x0000000008001104                ADC_IRQHandler
                0x0000000008001104                DMA1_Stream7_IRQHandler
                0x0000000008001104                HRTIM1_TIMA_IRQHandler
                0x0000000008001104                SPI5_IRQHandler
                0x0000000008001104                TIM7_IRQHandler
                0x0000000008001104                SDMMC1_IRQHandler
                0x0000000008001104                TIM5_IRQHandler
                0x0000000008001104                DMA2_Stream7_IRQHandler
                0x0000000008001104                TIM15_IRQHandler
                0x0000000008001104                PVD_AVD_IRQHandler
                0x0000000008001104                I2C3_EV_IRQHandler
                0x0000000008001104                EXTI9_5_IRQHandler
                0x0000000008001104                RTC_WKUP_IRQHandler
                0x0000000008001104                LTDC_IRQHandler
                0x0000000008001104                SAI3_IRQHandler
                0x0000000008001104                ETH_WKUP_IRQHandler
                0x0000000008001104                SPDIF_RX_IRQHandler
                0x0000000008001104                SPI2_IRQHandler
                0x0000000008001104                OTG_HS_EP1_IN_IRQHandler
                0x0000000008001104                DMA1_Stream0_IRQHandler
                0x0000000008001104                CRS_IRQHandler
                0x0000000008001104                EXTI4_IRQHandler
                0x0000000008001104                RNG_IRQHandler
                0x0000000008001104                HRTIM1_TIMB_IRQHandler
                0x0000000008001104                FDCAN2_IT1_IRQHandler
                0x0000000008001104                ETH_IRQHandler
                0x0000000008001104                BDMA_Channel4_IRQHandler
                0x0000000008001104                OTG_HS_EP1_OUT_IRQHandler
                0x0000000008001104                WWDG_IRQHandler
                0x0000000008001104                SPI6_IRQHandler
                0x0000000008001104                MDIOS_IRQHandler
                0x0000000008001104                I2C4_EV_IRQHandler
                0x0000000008001104                FDCAN2_IT0_IRQHandler
                0x0000000008001104                LPUART1_IRQHandler
                0x0000000008001104                FDCAN1_IT0_IRQHandler
                0x0000000008001104                TIM2_IRQHandler
                0x0000000008001104                OTG_FS_WKUP_IRQHandler
                0x0000000008001104                OTG_HS_IRQHandler
                0x0000000008001104                DMA2D_IRQHandler
                0x0000000008001104                TIM1_BRK_IRQHandler
                0x0000000008001104                EXTI1_IRQHandler
                0x0000000008001104                SDMMC2_IRQHandler
                0x0000000008001104                OTG_FS_EP1_OUT_IRQHandler
                0x0000000008001104                BDMA_Channel3_IRQHandler
                0x0000000008001104                UART7_IRQHandler
                0x0000000008001104                MDIOS_WKUP_IRQHandler
                0x0000000008001104                USART2_IRQHandler
                0x0000000008001104                DFSDM1_FLT0_IRQHandler
                0x0000000008001104                SAI4_IRQHandler
                0x0000000008001104                I2C2_ER_IRQHandler
                0x0000000008001104                DMA2_Stream1_IRQHandler
                0x0000000008001104                FLASH_IRQHandler
                0x0000000008001104                DMA2_Stream4_IRQHandler
                0x0000000008001104                USART1_IRQHandler
                0x0000000008001104                OTG_FS_IRQHandler
                0x0000000008001104                SPI3_IRQHandler
                0x0000000008001104                WAKEUP_PIN_IRQHandler
                0x0000000008001104                DMA1_Stream4_IRQHandler
                0x0000000008001104                OTG_FS_EP1_IN_IRQHandler
                0x0000000008001104                I2C1_ER_IRQHandler
                0x0000000008001104                FMC_IRQHandler
                0x0000000008001104                FDCAN_CAL_IRQHandler
                0x0000000008001104                SWPMI1_IRQHandler
                0x0000000008001104                COMP1_IRQHandler
                0x0000000008001104                LPTIM1_IRQHandler
                0x0000000008001104                I2C4_ER_IRQHandler
                0x0000000008001104                DMA2_Stream6_IRQHandler
                0x0000000008001104                SAI1_IRQHandler
                0x0000000008001104                DMA1_Stream3_IRQHandler
 *fill*         0x0000000008001106        0x2 
 .text.HAL_Init
                0x0000000008001108       0x78 ./Drivers/STM32H7xx_HAL_Driver/Src/stm32h7xx_hal.o
                0x0000000008001108                HAL_Init
 .text.HAL_IncTick
                0x0000000008001180       0x28 ./Drivers/STM32H7xx_HAL_Driver/Src/stm32h7xx_hal.o
                0x0000000008001180                HAL_IncTick
 .text.HAL_GetTick
                0x00000000080011a8       0x18 ./Drivers/STM32H7xx_HAL_Driver/Src/stm32h7xx_hal.o
                0x00000000080011a8                HAL_GetTick
 .text.HAL_GetREVID
                0x00000000080011c0       0x18 ./Drivers/STM32H7xx_HAL_Driver/Src/stm32h7xx_hal.o
                0x00000000080011c0                HAL_GetREVID
 .text.__NVIC_SetPriorityGrouping
                0x00000000080011d8       0x48 ./Drivers/STM32H7xx_HAL_Driver/Src/stm32h7xx_hal_cortex.o
 .text.__NVIC_GetPriorityGrouping
                0x0000000008001220       0x1c ./Drivers/STM32H7xx_HAL_Driver/Src/stm32h7xx_hal_cortex.o
 .text.__NVIC_EnableIRQ
                0x000000000800123c       0x3c ./Drivers/STM32H7xx_HAL_Driver/Src/stm32h7xx_hal_cortex.o
 .text.__NVIC_SetPriority
                0x0000000008001278       0x54 ./Drivers/STM32H7xx_HAL_Driver/Src/stm32h7xx_hal_cortex.o
 .text.NVIC_EncodePriority
                0x00000000080012cc       0x66 ./Drivers/STM32H7xx_HAL_Driver/Src/stm32h7xx_hal_cortex.o
 .text.HAL_NVIC_SetPriorityGrouping
                0x0000000008001332       0x16 ./Drivers/STM32H7xx_HAL_Driver/Src/stm32h7xx_hal_cortex.o
                0x0000000008001332                HAL_NVIC_SetPriorityGrouping
 .text.HAL_NVIC_SetPriority
                0x0000000008001348       0x34 ./Drivers/STM32H7xx_HAL_Driver/Src/stm32h7xx_hal_cortex.o
                0x0000000008001348                HAL_NVIC_SetPriority
 .text.HAL_NVIC_EnableIRQ
                0x000000000800137c       0x1c ./Drivers/STM32H7xx_HAL_Driver/Src/stm32h7xx_hal_cortex.o
                0x000000000800137c                HAL_NVIC_EnableIRQ
 .text.HAL_GPIO_Init
                0x0000000008001398      0x360 ./Drivers/STM32H7xx_HAL_Driver/Src/stm32h7xx_hal_gpio.o
                0x0000000008001398                HAL_GPIO_Init
 .text.HAL_GPIO_WritePin
                0x00000000080016f8       0x32 ./Drivers/STM32H7xx_HAL_Driver/Src/stm32h7xx_hal_gpio.o
                0x00000000080016f8                HAL_GPIO_WritePin
 *fill*         0x000000000800172a        0x2 
 .text.HAL_I2C_Init
                0x000000000800172c      0x138 ./Drivers/STM32H7xx_HAL_Driver/Src/stm32h7xx_hal_i2c.o
                0x000000000800172c                HAL_I2C_Init
 .text.HAL_I2C_Mem_Write
                0x0000000008001864      0x228 ./Drivers/STM32H7xx_HAL_Driver/Src/stm32h7xx_hal_i2c.o
                0x0000000008001864                HAL_I2C_Mem_Write
 .text.HAL_I2C_Mem_Read
                0x0000000008001a8c      0x234 ./Drivers/STM32H7xx_HAL_Driver/Src/stm32h7xx_hal_i2c.o
                0x0000000008001a8c                HAL_I2C_Mem_Read
 .text.I2C_RequestMemoryWrite
                0x0000000008001cc0       0xa8 ./Drivers/STM32H7xx_HAL_Driver/Src/stm32h7xx_hal_i2c.o
 .text.I2C_RequestMemoryRead
                0x0000000008001d68       0xa8 ./Drivers/STM32H7xx_HAL_Driver/Src/stm32h7xx_hal_i2c.o
 .text.I2C_Flush_TXDR
                0x0000000008001e10       0x48 ./Drivers/STM32H7xx_HAL_Driver/Src/stm32h7xx_hal_i2c.o
 .text.I2C_WaitOnFlagUntilTimeout
                0x0000000008001e58       0xb2 ./Drivers/STM32H7xx_HAL_Driver/Src/stm32h7xx_hal_i2c.o
 .text.I2C_WaitOnTXISFlagUntilTimeout
                0x0000000008001f0a       0x8e ./Drivers/STM32H7xx_HAL_Driver/Src/stm32h7xx_hal_i2c.o
 .text.I2C_WaitOnSTOPFlagUntilTimeout
                0x0000000008001f98       0x86 ./Drivers/STM32H7xx_HAL_Driver/Src/stm32h7xx_hal_i2c.o
 *fill*         0x000000000800201e        0x2 
 .text.I2C_IsErrorOccurred
                0x0000000008002020      0x1c0 ./Drivers/STM32H7xx_HAL_Driver/Src/stm32h7xx_hal_i2c.o
 .text.I2C_TransferConfig
                0x00000000080021e0       0x64 ./Drivers/STM32H7xx_HAL_Driver/Src/stm32h7xx_hal_i2c.o
 .text.HAL_I2CEx_ConfigAnalogFilter
                0x0000000008002244       0x96 ./Drivers/STM32H7xx_HAL_Driver/Src/stm32h7xx_hal_i2c_ex.o
                0x0000000008002244                HAL_I2CEx_ConfigAnalogFilter
 .text.HAL_I2CEx_ConfigDigitalFilter
                0x00000000080022da       0x98 ./Drivers/STM32H7xx_HAL_Driver/Src/stm32h7xx_hal_i2c_ex.o
                0x00000000080022da                HAL_I2CEx_ConfigDigitalFilter
 *fill*         0x0000000008002372        0x2 
 .text.HAL_PWREx_ConfigSupply
                0x0000000008002374       0x74 ./Drivers/STM32H7xx_HAL_Driver/Src/stm32h7xx_hal_pwr_ex.o
                0x0000000008002374                HAL_PWREx_ConfigSupply
 .text.HAL_RCC_OscConfig
                0x00000000080023e8      0x8b4 ./Drivers/STM32H7xx_HAL_Driver/Src/stm32h7xx_hal_rcc.o
                0x00000000080023e8                HAL_RCC_OscConfig
 .text.HAL_RCC_ClockConfig
                0x0000000008002c9c      0x36c ./Drivers/STM32H7xx_HAL_Driver/Src/stm32h7xx_hal_rcc.o
                0x0000000008002c9c                HAL_RCC_ClockConfig
 .text.HAL_RCC_GetSysClockFreq
                0x0000000008003008      0x2f4 ./Drivers/STM32H7xx_HAL_Driver/Src/stm32h7xx_hal_rcc.o
                0x0000000008003008                HAL_RCC_GetSysClockFreq
 .text.HAL_RCC_GetHCLKFreq
                0x00000000080032fc       0x60 ./Drivers/STM32H7xx_HAL_Driver/Src/stm32h7xx_hal_rcc.o
                0x00000000080032fc                HAL_RCC_GetHCLKFreq
 .text.HAL_RCC_GetPCLK1Freq
                0x000000000800335c       0x2c ./Drivers/STM32H7xx_HAL_Driver/Src/stm32h7xx_hal_rcc.o
                0x000000000800335c                HAL_RCC_GetPCLK1Freq
 .text.HAL_RCC_GetPCLK2Freq
                0x0000000008003388       0x2c ./Drivers/STM32H7xx_HAL_Driver/Src/stm32h7xx_hal_rcc.o
                0x0000000008003388                HAL_RCC_GetPCLK2Freq
 .text.HAL_RCC_GetClockConfig
                0x00000000080033b4       0x84 ./Drivers/STM32H7xx_HAL_Driver/Src/stm32h7xx_hal_rcc.o
                0x00000000080033b4                HAL_RCC_GetClockConfig
 .text.HAL_RCCEx_PeriphCLKConfig
                0x0000000008003438     0x1414 ./Drivers/STM32H7xx_HAL_Driver/Src/stm32h7xx_hal_rcc_ex.o
                0x0000000008003438                HAL_RCCEx_PeriphCLKConfig
 .text.HAL_RCCEx_GetD3PCLK1Freq
                0x000000000800484c       0x2c ./Drivers/STM32H7xx_HAL_Driver/Src/stm32h7xx_hal_rcc_ex.o
                0x000000000800484c                HAL_RCCEx_GetD3PCLK1Freq
 .text.HAL_RCCEx_GetPLL2ClockFreq
                0x0000000008004878      0x2a8 ./Drivers/STM32H7xx_HAL_Driver/Src/stm32h7xx_hal_rcc_ex.o
                0x0000000008004878                HAL_RCCEx_GetPLL2ClockFreq
 .text.HAL_RCCEx_GetPLL3ClockFreq
                0x0000000008004b20      0x2a8 ./Drivers/STM32H7xx_HAL_Driver/Src/stm32h7xx_hal_rcc_ex.o
                0x0000000008004b20                HAL_RCCEx_GetPLL3ClockFreq
 .text.RCCEx_PLL2_Config
                0x0000000008004dc8      0x164 ./Drivers/STM32H7xx_HAL_Driver/Src/stm32h7xx_hal_rcc_ex.o
 .text.RCCEx_PLL3_Config
                0x0000000008004f2c      0x164 ./Drivers/STM32H7xx_HAL_Driver/Src/stm32h7xx_hal_rcc_ex.o
 .text.HAL_TIM_Base_Init
                0x0000000008005090       0xae ./Drivers/STM32H7xx_HAL_Driver/Src/stm32h7xx_hal_tim.o
                0x0000000008005090                HAL_TIM_Base_Init
 .text.HAL_TIM_Base_MspInit
                0x000000000800513e       0x14 ./Drivers/STM32H7xx_HAL_Driver/Src/stm32h7xx_hal_tim.o
                0x000000000800513e                HAL_TIM_Base_MspInit
 *fill*         0x0000000008005152        0x2 
 .text.HAL_TIM_Base_Start_IT
                0x0000000008005154       0xf0 ./Drivers/STM32H7xx_HAL_Driver/Src/stm32h7xx_hal_tim.o
                0x0000000008005154                HAL_TIM_Base_Start_IT
 .text.HAL_TIM_IRQHandler
                0x0000000008005244      0x20e ./Drivers/STM32H7xx_HAL_Driver/Src/stm32h7xx_hal_tim.o
                0x0000000008005244                HAL_TIM_IRQHandler
 .text.HAL_TIM_OC_DelayElapsedCallback
                0x0000000008005452       0x14 ./Drivers/STM32H7xx_HAL_Driver/Src/stm32h7xx_hal_tim.o
                0x0000000008005452                HAL_TIM_OC_DelayElapsedCallback
 .text.HAL_TIM_IC_CaptureCallback
                0x0000000008005466       0x14 ./Drivers/STM32H7xx_HAL_Driver/Src/stm32h7xx_hal_tim.o
                0x0000000008005466                HAL_TIM_IC_CaptureCallback
 .text.HAL_TIM_PWM_PulseFinishedCallback
                0x000000000800547a       0x14 ./Drivers/STM32H7xx_HAL_Driver/Src/stm32h7xx_hal_tim.o
                0x000000000800547a                HAL_TIM_PWM_PulseFinishedCallback
 .text.HAL_TIM_TriggerCallback
                0x000000000800548e       0x14 ./Drivers/STM32H7xx_HAL_Driver/Src/stm32h7xx_hal_tim.o
                0x000000000800548e                HAL_TIM_TriggerCallback
 *fill*         0x00000000080054a2        0x2 
 .text.TIM_Base_SetConfig
                0x00000000080054a4      0x14c ./Drivers/STM32H7xx_HAL_Driver/Src/stm32h7xx_hal_tim.o
                0x00000000080054a4                TIM_Base_SetConfig
 .text.HAL_TIMEx_CommutCallback
                0x00000000080055f0       0x14 ./Drivers/STM32H7xx_HAL_Driver/Src/stm32h7xx_hal_tim_ex.o
                0x00000000080055f0                HAL_TIMEx_CommutCallback
 .text.HAL_TIMEx_BreakCallback
                0x0000000008005604       0x14 ./Drivers/STM32H7xx_HAL_Driver/Src/stm32h7xx_hal_tim_ex.o
                0x0000000008005604                HAL_TIMEx_BreakCallback
 .text.HAL_TIMEx_Break2Callback
                0x0000000008005618       0x14 ./Drivers/STM32H7xx_HAL_Driver/Src/stm32h7xx_hal_tim_ex.o
                0x0000000008005618                HAL_TIMEx_Break2Callback
 .text.HAL_UART_Init
                0x000000000800562c       0xa0 ./Drivers/STM32H7xx_HAL_Driver/Src/stm32h7xx_hal_uart.o
                0x000000000800562c                HAL_UART_Init
 .text.UART_SetConfig
                0x00000000080056cc      0xad0 ./Drivers/STM32H7xx_HAL_Driver/Src/stm32h7xx_hal_uart.o
                0x00000000080056cc                UART_SetConfig
 .text.UART_AdvFeatureConfig
                0x000000000800619c      0x144 ./Drivers/STM32H7xx_HAL_Driver/Src/stm32h7xx_hal_uart.o
                0x000000000800619c                UART_AdvFeatureConfig
 .text.UART_CheckIdleState
                0x00000000080062e0      0x154 ./Drivers/STM32H7xx_HAL_Driver/Src/stm32h7xx_hal_uart.o
                0x00000000080062e0                UART_CheckIdleState
 .text.UART_WaitOnFlagUntilTimeout
                0x0000000008006434       0xda ./Drivers/STM32H7xx_HAL_Driver/Src/stm32h7xx_hal_uart.o
                0x0000000008006434                UART_WaitOnFlagUntilTimeout
 *fill*         0x000000000800650e        0x2 
 .text.UART_EndRxTransfer
                0x0000000008006510       0xcc ./Drivers/STM32H7xx_HAL_Driver/Src/stm32h7xx_hal_uart.o
 .text.HAL_UARTEx_DisableFifoMode
                0x00000000080065dc       0x72 ./Drivers/STM32H7xx_HAL_Driver/Src/stm32h7xx_hal_uart_ex.o
                0x00000000080065dc                HAL_UARTEx_DisableFifoMode
 .text.HAL_UARTEx_SetTxFifoThreshold
                0x000000000800664e       0x7c ./Drivers/STM32H7xx_HAL_Driver/Src/stm32h7xx_hal_uart_ex.o
                0x000000000800664e                HAL_UARTEx_SetTxFifoThreshold
 .text.HAL_UARTEx_SetRxFifoThreshold
                0x00000000080066ca       0x7c ./Drivers/STM32H7xx_HAL_Driver/Src/stm32h7xx_hal_uart_ex.o
                0x00000000080066ca                HAL_UARTEx_SetRxFifoThreshold
 *fill*         0x0000000008006746        0x2 
 .text.UARTEx_SetNbDataToProcess
                0x0000000008006748       0x9c ./Drivers/STM32H7xx_HAL_Driver/Src/stm32h7xx_hal_uart_ex.o
 .text.makeFreeRtosPriority
                0x00000000080067e4       0x30 ./Middlewares/Third_Party/FreeRTOS/Source/CMSIS_RTOS/cmsis_os.o
 .text.osKernelStart
                0x0000000008006814        0xe ./Middlewares/Third_Party/FreeRTOS/Source/CMSIS_RTOS/cmsis_os.o
                0x0000000008006814                osKernelStart
 .text.osThreadCreate
                0x0000000008006822       0x98 ./Middlewares/Third_Party/FreeRTOS/Source/CMSIS_RTOS/cmsis_os.o
                0x0000000008006822                osThreadCreate
 .text.osDelay  0x00000000080068ba       0x28 ./Middlewares/Third_Party/FreeRTOS/Source/CMSIS_RTOS/cmsis_os.o
                0x00000000080068ba                osDelay
 .text.vListInitialise
                0x00000000080068e2       0x40 ./Middlewares/Third_Party/FreeRTOS/Source/list.o
                0x00000000080068e2                vListInitialise
 .text.vListInitialiseItem
                0x0000000008006922       0x1a ./Middlewares/Third_Party/FreeRTOS/Source/list.o
                0x0000000008006922                vListInitialiseItem
 .text.vListInsertEnd
                0x000000000800693c       0x48 ./Middlewares/Third_Party/FreeRTOS/Source/list.o
                0x000000000800693c                vListInsertEnd
 .text.vListInsert
                0x0000000008006984       0x72 ./Middlewares/Third_Party/FreeRTOS/Source/list.o
                0x0000000008006984                vListInsert
 .text.uxListRemove
                0x00000000080069f6       0x54 ./Middlewares/Third_Party/FreeRTOS/Source/list.o
                0x00000000080069f6                uxListRemove
 .text.xTaskCreateStatic
                0x0000000008006a4a       0xba ./Middlewares/Third_Party/FreeRTOS/Source/tasks.o
                0x0000000008006a4a                xTaskCreateStatic
 .text.xTaskCreate
                0x0000000008006b04       0x8a ./Middlewares/Third_Party/FreeRTOS/Source/tasks.o
                0x0000000008006b04                xTaskCreate
 *fill*         0x0000000008006b8e        0x2 
 .text.prvInitialiseNewTask
                0x0000000008006b90      0x13c ./Middlewares/Third_Party/FreeRTOS/Source/tasks.o
 .text.prvAddNewTaskToReadyList
                0x0000000008006ccc       0xd4 ./Middlewares/Third_Party/FreeRTOS/Source/tasks.o
 .text.vTaskDelay
                0x0000000008006da0       0x68 ./Middlewares/Third_Party/FreeRTOS/Source/tasks.o
                0x0000000008006da0                vTaskDelay
 .text.vTaskStartScheduler
                0x0000000008006e08       0xd4 ./Middlewares/Third_Party/FreeRTOS/Source/tasks.o
                0x0000000008006e08                vTaskStartScheduler
 .text.vTaskSuspendAll
                0x0000000008006edc       0x1c ./Middlewares/Third_Party/FreeRTOS/Source/tasks.o
                0x0000000008006edc                vTaskSuspendAll
 .text.xTaskResumeAll
                0x0000000008006ef8      0x138 ./Middlewares/Third_Party/FreeRTOS/Source/tasks.o
                0x0000000008006ef8                xTaskResumeAll
 .text.xTaskIncrementTick
                0x0000000008007030      0x170 ./Middlewares/Third_Party/FreeRTOS/Source/tasks.o
                0x0000000008007030                xTaskIncrementTick
 .text.vTaskSwitchContext
                0x00000000080071a0       0xc4 ./Middlewares/Third_Party/FreeRTOS/Source/tasks.o
                0x00000000080071a0                vTaskSwitchContext
 .text.prvIdleTask
                0x0000000008007264       0x30 ./Middlewares/Third_Party/FreeRTOS/Source/tasks.o
 .text.prvInitialiseTaskLists
                0x0000000008007294       0x80 ./Middlewares/Third_Party/FreeRTOS/Source/tasks.o
 .text.prvCheckTasksWaitingTermination
                0x0000000008007314       0x5c ./Middlewares/Third_Party/FreeRTOS/Source/tasks.o
 .text.prvDeleteTCB
                0x0000000008007370       0x68 ./Middlewares/Third_Party/FreeRTOS/Source/tasks.o
 .text.prvResetNextTaskUnblockTime
                0x00000000080073d8       0x40 ./Middlewares/Third_Party/FreeRTOS/Source/tasks.o
 .text.prvAddCurrentTaskToDelayedList
                0x0000000008007418       0xcc ./Middlewares/Third_Party/FreeRTOS/Source/tasks.o
 .text.pxPortInitialiseStack
                0x00000000080074e4       0x68 ./Middlewares/Third_Party/FreeRTOS/Source/portable/GCC/ARM_CM4F/port.o
                0x00000000080074e4                pxPortInitialiseStack
 .text.prvTaskExitError
                0x000000000800754c       0x58 ./Middlewares/Third_Party/FreeRTOS/Source/portable/GCC/ARM_CM4F/port.o
 *fill*         0x00000000080075a4        0xc 
 .text.SVC_Handler
                0x00000000080075b0       0x28 ./Middlewares/Third_Party/FreeRTOS/Source/portable/GCC/ARM_CM4F/port.o
                0x00000000080075b0                SVC_Handler
 .text.prvPortStartFirstTask
                0x00000000080075d8       0x28 ./Middlewares/Third_Party/FreeRTOS/Source/portable/GCC/ARM_CM4F/port.o
 .text.xPortStartScheduler
                0x0000000008007600      0x144 ./Middlewares/Third_Party/FreeRTOS/Source/portable/GCC/ARM_CM4F/port.o
                0x0000000008007600                xPortStartScheduler
 .text.vPortEnterCritical
                0x0000000008007744       0x60 ./Middlewares/Third_Party/FreeRTOS/Source/portable/GCC/ARM_CM4F/port.o
                0x0000000008007744                vPortEnterCritical
 .text.vPortExitCritical
                0x00000000080077a4       0x54 ./Middlewares/Third_Party/FreeRTOS/Source/portable/GCC/ARM_CM4F/port.o
                0x00000000080077a4                vPortExitCritical
 *fill*         0x00000000080077f8        0x8 
 .text.PendSV_Handler
                0x0000000008007800       0x68 ./Middlewares/Third_Party/FreeRTOS/Source/portable/GCC/ARM_CM4F/port.o
                0x0000000008007800                PendSV_Handler
 .text.SysTick_Handler
                0x0000000008007868       0x44 ./Middlewares/Third_Party/FreeRTOS/Source/portable/GCC/ARM_CM4F/port.o
                0x0000000008007868                SysTick_Handler
 .text.vPortSetupTimerInterrupt
                0x00000000080078ac       0x48 ./Middlewares/Third_Party/FreeRTOS/Source/portable/GCC/ARM_CM4F/port.o
                0x00000000080078ac                vPortSetupTimerInterrupt
 .text.vPortEnableVFP
                0x00000000080078f4       0x14 ./Middlewares/Third_Party/FreeRTOS/Source/portable/GCC/ARM_CM4F/port.o
 .text.pvPortMalloc
                0x0000000008007908      0x198 ./Middlewares/Third_Party/FreeRTOS/Source/portable/MemMang/heap_4.o
                0x0000000008007908                pvPortMalloc
 .text.vPortFree
                0x0000000008007aa0       0xc4 ./Middlewares/Third_Party/FreeRTOS/Source/portable/MemMang/heap_4.o
                0x0000000008007aa0                vPortFree
 .text.prvHeapInit
                0x0000000008007b64       0xc4 ./Middlewares/Third_Party/FreeRTOS/Source/portable/MemMang/heap_4.o
 .text.prvInsertBlockIntoFreeList
                0x0000000008007c28       0xb4 ./Middlewares/Third_Party/FreeRTOS/Source/portable/MemMang/heap_4.o
 .text.__libc_init_array
                0x0000000008007cdc       0x48 c:/st/stm32cubeide_1.12.0/stm32cubeide/plugins/com.st.stm32cube.ide.mcu.externaltools.gnu-tools-for-stm32.10.3-2021.10.win32_1.0.200.202301161003/tools/bin/../lib/gcc/arm-none-eabi/10.3.1/../../../../arm-none-eabi/lib/thumb/v7e-m+dp/hard\libc_nano.a(lib_a-init.o)
                0x0000000008007cdc                __libc_init_array
 .text.__retarget_lock_acquire_recursive
                0x0000000008007d24        0x2 c:/st/stm32cubeide_1.12.0/stm32cubeide/plugins/com.st.stm32cube.ide.mcu.externaltools.gnu-tools-for-stm32.10.3-2021.10.win32_1.0.200.202301161003/tools/bin/../lib/gcc/arm-none-eabi/10.3.1/../../../../arm-none-eabi/lib/thumb/v7e-m+dp/hard\libc_nano.a(lib_a-lock.o)
                0x0000000008007d24                __retarget_lock_acquire_recursive
 .text.__retarget_lock_release_recursive
                0x0000000008007d26        0x2 c:/st/stm32cubeide_1.12.0/stm32cubeide/plugins/com.st.stm32cube.ide.mcu.externaltools.gnu-tools-for-stm32.10.3-2021.10.win32_1.0.200.202301161003/tools/bin/../lib/gcc/arm-none-eabi/10.3.1/../../../../arm-none-eabi/lib/thumb/v7e-m+dp/hard\libc_nano.a(lib_a-lock.o)
                0x0000000008007d26                __retarget_lock_release_recursive
 .text.memset   0x0000000008007d28       0x10 c:/st/stm32cubeide_1.12.0/stm32cubeide/plugins/com.st.stm32cube.ide.mcu.externaltools.gnu-tools-for-stm32.10.3-2021.10.win32_1.0.200.202301161003/tools/bin/../lib/gcc/arm-none-eabi/10.3.1/../../../../arm-none-eabi/lib/thumb/v7e-m+dp/hard\libc_nano.a(lib_a-memset.o)
                0x0000000008007d28                memset
 .text._free_r  0x0000000008007d38       0x98 c:/st/stm32cubeide_1.12.0/stm32cubeide/plugins/com.st.stm32cube.ide.mcu.externaltools.gnu-tools-for-stm32.10.3-2021.10.win32_1.0.200.202301161003/tools/bin/../lib/gcc/arm-none-eabi/10.3.1/../../../../arm-none-eabi/lib/thumb/v7e-m+dp/hard\libc_nano.a(lib_a-nano-freer.o)
                0x0000000008007d38                _free_r
 .text.cleanup_glue
                0x0000000008007dd0       0x1a c:/st/stm32cubeide_1.12.0/stm32cubeide/plugins/com.st.stm32cube.ide.mcu.externaltools.gnu-tools-for-stm32.10.3-2021.10.win32_1.0.200.202301161003/tools/bin/../lib/gcc/arm-none-eabi/10.3.1/../../../../arm-none-eabi/lib/thumb/v7e-m+dp/hard\libc_nano.a(lib_a-reent.o)
                0x0000000008007dd0                cleanup_glue
 *fill*         0x0000000008007dea        0x2 
 .text._reclaim_reent
                0x0000000008007dec       0xb8 c:/st/stm32cubeide_1.12.0/stm32cubeide/plugins/com.st.stm32cube.ide.mcu.externaltools.gnu-tools-for-stm32.10.3-2021.10.win32_1.0.200.202301161003/tools/bin/../lib/gcc/arm-none-eabi/10.3.1/../../../../arm-none-eabi/lib/thumb/v7e-m+dp/hard\libc_nano.a(lib_a-reent.o)
                0x0000000008007dec                _reclaim_reent
 .text.__malloc_lock
                0x0000000008007ea4        0xc c:/st/stm32cubeide_1.12.0/stm32cubeide/plugins/com.st.stm32cube.ide.mcu.externaltools.gnu-tools-for-stm32.10.3-2021.10.win32_1.0.200.202301161003/tools/bin/../lib/gcc/arm-none-eabi/10.3.1/../../../../arm-none-eabi/lib/thumb/v7e-m+dp/hard\libc_nano.a(lib_a-mlock.o)
                0x0000000008007ea4                __malloc_lock
 .text.__malloc_unlock
                0x0000000008007eb0        0xc c:/st/stm32cubeide_1.12.0/stm32cubeide/plugins/com.st.stm32cube.ide.mcu.externaltools.gnu-tools-for-stm32.10.3-2021.10.win32_1.0.200.202301161003/tools/bin/../lib/gcc/arm-none-eabi/10.3.1/../../../../arm-none-eabi/lib/thumb/v7e-m+dp/hard\libc_nano.a(lib_a-mlock.o)
                0x0000000008007eb0                __malloc_unlock
 *(.glue_7)
 .glue_7        0x0000000008007ebc        0x0 linker stubs
 *(.glue_7t)
 .glue_7t       0x0000000008007ebc        0x0 linker stubs
 *(.eh_frame)
 .eh_frame      0x0000000008007ebc        0x0 c:/st/stm32cubeide_1.12.0/stm32cubeide/plugins/com.st.stm32cube.ide.mcu.externaltools.gnu-tools-for-stm32.10.3-2021.10.win32_1.0.200.202301161003/tools/bin/../lib/gcc/arm-none-eabi/10.3.1/thumb/v7e-m+dp/hard/crtbegin.o
 *(.init)
 .init          0x0000000008007ebc        0x4 c:/st/stm32cubeide_1.12.0/stm32cubeide/plugins/com.st.stm32cube.ide.mcu.externaltools.gnu-tools-for-stm32.10.3-2021.10.win32_1.0.200.202301161003/tools/bin/../lib/gcc/arm-none-eabi/10.3.1/thumb/v7e-m+dp/hard/crti.o
                0x0000000008007ebc                _init
 .init          0x0000000008007ec0        0x8 c:/st/stm32cubeide_1.12.0/stm32cubeide/plugins/com.st.stm32cube.ide.mcu.externaltools.gnu-tools-for-stm32.10.3-2021.10.win32_1.0.200.202301161003/tools/bin/../lib/gcc/arm-none-eabi/10.3.1/thumb/v7e-m+dp/hard/crtn.o
 *(.fini)
 .fini          0x0000000008007ec8        0x4 c:/st/stm32cubeide_1.12.0/stm32cubeide/plugins/com.st.stm32cube.ide.mcu.externaltools.gnu-tools-for-stm32.10.3-2021.10.win32_1.0.200.202301161003/tools/bin/../lib/gcc/arm-none-eabi/10.3.1/thumb/v7e-m+dp/hard/crti.o
                0x0000000008007ec8                _fini
 .fini          0x0000000008007ecc        0x8 c:/st/stm32cubeide_1.12.0/stm32cubeide/plugins/com.st.stm32cube.ide.mcu.externaltools.gnu-tools-for-stm32.10.3-2021.10.win32_1.0.200.202301161003/tools/bin/../lib/gcc/arm-none-eabi/10.3.1/thumb/v7e-m+dp/hard/crtn.o
                0x0000000008007ed4                . = ALIGN (0x4)
                0x0000000008007ed4                _etext = .

.vfp11_veneer   0x0000000008007ed4        0x0
 .vfp11_veneer  0x0000000008007ed4        0x0 linker stubs

.v4_bx          0x0000000008007ed4        0x0
 .v4_bx         0x0000000008007ed4        0x0 linker stubs

.iplt           0x0000000008007ed4        0x0
 .iplt          0x0000000008007ed4        0x0 c:/st/stm32cubeide_1.12.0/stm32cubeide/plugins/com.st.stm32cube.ide.mcu.externaltools.gnu-tools-for-stm32.10.3-2021.10.win32_1.0.200.202301161003/tools/bin/../lib/gcc/arm-none-eabi/10.3.1/thumb/v7e-m+dp/hard/crtbegin.o

.rodata         0x0000000008007ed4       0xfc
                0x0000000008007ed4                . = ALIGN (0x4)
 *(.rodata)
 .rodata        0x0000000008007ed4       0x5c ./Core/Src/main.o
 .rodata        0x0000000008007f30        0x5 ./Middlewares/Third_Party/FreeRTOS/Source/tasks.o
 *(.rodata*)
 *fill*         0x0000000008007f35        0x3 
 .rodata.D1CorePrescTable
                0x0000000008007f38       0x10 ./Core/Src/system_stm32h7xx.o
                0x0000000008007f38                D1CorePrescTable
 .rodata.UARTPrescTable
                0x0000000008007f48       0x18 ./Drivers/STM32H7xx_HAL_Driver/Src/stm32h7xx_hal_uart.o
                0x0000000008007f48                UARTPrescTable
 .rodata.numerator.1
                0x0000000008007f60        0x8 ./Drivers/STM32H7xx_HAL_Driver/Src/stm32h7xx_hal_uart_ex.o
 .rodata.denominator.0
                0x0000000008007f68        0x8 ./Drivers/STM32H7xx_HAL_Driver/Src/stm32h7xx_hal_uart_ex.o
 .rodata.__sf_fake_stderr
                0x0000000008007f70       0x20 c:/st/stm32cubeide_1.12.0/stm32cubeide/plugins/com.st.stm32cube.ide.mcu.externaltools.gnu-tools-for-stm32.10.3-2021.10.win32_1.0.200.202301161003/tools/bin/../lib/gcc/arm-none-eabi/10.3.1/../../../../arm-none-eabi/lib/thumb/v7e-m+dp/hard\libc_nano.a(lib_a-findfp.o)
                0x0000000008007f70                __sf_fake_stderr
 .rodata.__sf_fake_stdin
                0x0000000008007f90       0x20 c:/st/stm32cubeide_1.12.0/stm32cubeide/plugins/com.st.stm32cube.ide.mcu.externaltools.gnu-tools-for-stm32.10.3-2021.10.win32_1.0.200.202301161003/tools/bin/../lib/gcc/arm-none-eabi/10.3.1/../../../../arm-none-eabi/lib/thumb/v7e-m+dp/hard\libc_nano.a(lib_a-findfp.o)
                0x0000000008007f90                __sf_fake_stdin
 .rodata.__sf_fake_stdout
                0x0000000008007fb0       0x20 c:/st/stm32cubeide_1.12.0/stm32cubeide/plugins/com.st.stm32cube.ide.mcu.externaltools.gnu-tools-for-stm32.10.3-2021.10.win32_1.0.200.202301161003/tools/bin/../lib/gcc/arm-none-eabi/10.3.1/../../../../arm-none-eabi/lib/thumb/v7e-m+dp/hard\libc_nano.a(lib_a-findfp.o)
                0x0000000008007fb0                __sf_fake_stdout
                0x0000000008007fd0                . = ALIGN (0x4)

.ARM.extab
 *(.ARM.extab* .gnu.linkonce.armextab.*)

.ARM            0x0000000008007fd0        0x8
                0x0000000008007fd0                __exidx_start = .
 *(.ARM.exidx*)
 .ARM.exidx     0x0000000008007fd0        0x8 c:/st/stm32cubeide_1.12.0/stm32cubeide/plugins/com.st.stm32cube.ide.mcu.externaltools.gnu-tools-for-stm32.10.3-2021.10.win32_1.0.200.202301161003/tools/bin/../lib/gcc/arm-none-eabi/10.3.1/thumb/v7e-m+dp/hard\libgcc.a(_udivmoddi4.o)
                0x0000000008007fd8                __exidx_end = .

.rel.dyn        0x0000000008007fd8        0x0
 .rel.iplt      0x0000000008007fd8        0x0 c:/st/stm32cubeide_1.12.0/stm32cubeide/plugins/com.st.stm32cube.ide.mcu.externaltools.gnu-tools-for-stm32.10.3-2021.10.win32_1.0.200.202301161003/tools/bin/../lib/gcc/arm-none-eabi/10.3.1/thumb/v7e-m+dp/hard/crtbegin.o

.preinit_array  0x0000000008007fd8        0x0
                0x0000000008007fd8                PROVIDE (__preinit_array_start = .)
 *(.preinit_array*)
                0x0000000008007fd8                PROVIDE (__preinit_array_end = .)

.init_array     0x0000000008007fd8        0x4
                0x0000000008007fd8                PROVIDE (__init_array_start = .)
 *(SORT_BY_NAME(.init_array.*))
 *(.init_array*)
 .init_array    0x0000000008007fd8        0x4 c:/st/stm32cubeide_1.12.0/stm32cubeide/plugins/com.st.stm32cube.ide.mcu.externaltools.gnu-tools-for-stm32.10.3-2021.10.win32_1.0.200.202301161003/tools/bin/../lib/gcc/arm-none-eabi/10.3.1/thumb/v7e-m+dp/hard/crtbegin.o
                0x0000000008007fdc                PROVIDE (__init_array_end = .)

.fini_array     0x0000000008007fdc        0x4
                [!provide]                        PROVIDE (__fini_array_start = .)
 *(SORT_BY_NAME(.fini_array.*))
 *(.fini_array*)
 .fini_array    0x0000000008007fdc        0x4 c:/st/stm32cubeide_1.12.0/stm32cubeide/plugins/com.st.stm32cube.ide.mcu.externaltools.gnu-tools-for-stm32.10.3-2021.10.win32_1.0.200.202301161003/tools/bin/../lib/gcc/arm-none-eabi/10.3.1/thumb/v7e-m+dp/hard/crtbegin.o
                [!provide]                        PROVIDE (__fini_array_end = .)
                0x0000000008007fe0                _sidata = LOADADDR (.data)

.data           0x0000000024000000       0x78 load address 0x0000000008007fe0
                0x0000000024000000                . = ALIGN (0x4)
                0x0000000024000000                _sdata = .
 *(.data)
 *(.data*)
 .data.SystemCoreClock
                0x0000000024000000        0x4 ./Core/Src/system_stm32h7xx.o
                0x0000000024000000                SystemCoreClock
 .data.SystemD2Clock
                0x0000000024000004        0x4 ./Core/Src/system_stm32h7xx.o
                0x0000000024000004                SystemD2Clock
 .data.uwTickPrio
                0x0000000024000008        0x4 ./Drivers/STM32H7xx_HAL_Driver/Src/stm32h7xx_hal.o
                0x0000000024000008                uwTickPrio
 .data.uwTickFreq
                0x000000002400000c        0x1 ./Drivers/STM32H7xx_HAL_Driver/Src/stm32h7xx_hal.o
                0x000000002400000c                uwTickFreq
 *fill*         0x000000002400000d        0x3 
 .data.uxCriticalNesting
                0x0000000024000010        0x4 ./Middlewares/Third_Party/FreeRTOS/Source/portable/GCC/ARM_CM4F/port.o
 .data._impure_ptr
                0x0000000024000014        0x4 c:/st/stm32cubeide_1.12.0/stm32cubeide/plugins/com.st.stm32cube.ide.mcu.externaltools.gnu-tools-for-stm32.10.3-2021.10.win32_1.0.200.202301161003/tools/bin/../lib/gcc/arm-none-eabi/10.3.1/../../../../arm-none-eabi/lib/thumb/v7e-m+dp/hard\libc_nano.a(lib_a-impure.o)
                0x0000000024000014                _impure_ptr
 .data.impure_data
                0x0000000024000018       0x60 c:/st/stm32cubeide_1.12.0/stm32cubeide/plugins/com.st.stm32cube.ide.mcu.externaltools.gnu-tools-for-stm32.10.3-2021.10.win32_1.0.200.202301161003/tools/bin/../lib/gcc/arm-none-eabi/10.3.1/../../../../arm-none-eabi/lib/thumb/v7e-m+dp/hard\libc_nano.a(lib_a-impure.o)
 *(.RamFunc)
 *(.RamFunc*)
                0x0000000024000078                . = ALIGN (0x4)
                0x0000000024000078                _edata = .

.igot.plt       0x0000000024000078        0x0 load address 0x0000000008008058
 .igot.plt      0x0000000024000078        0x0 c:/st/stm32cubeide_1.12.0/stm32cubeide/plugins/com.st.stm32cube.ide.mcu.externaltools.gnu-tools-for-stm32.10.3-2021.10.win32_1.0.200.202301161003/tools/bin/../lib/gcc/arm-none-eabi/10.3.1/thumb/v7e-m+dp/hard/crtbegin.o
                0x0000000024000078                . = ALIGN (0x4)

.bss            0x0000000024000078     0x4208 load address 0x0000000008008058
                0x0000000024000078                _sbss = .
                0x0000000024000078                __bss_start__ = _sbss
 *(.bss)
 .bss           0x0000000024000078       0x1c c:/st/stm32cubeide_1.12.0/stm32cubeide/plugins/com.st.stm32cube.ide.mcu.externaltools.gnu-tools-for-stm32.10.3-2021.10.win32_1.0.200.202301161003/tools/bin/../lib/gcc/arm-none-eabi/10.3.1/thumb/v7e-m+dp/hard/crtbegin.o
 *(.bss*)
 .bss.xIdleTaskTCBBuffer
                0x0000000024000094       0xb4 ./Core/Src/freertos.o
 .bss.xIdleStack
                0x0000000024000148      0x200 ./Core/Src/freertos.o
 .bss.GZP_Buffer
                0x0000000024000348        0xa ./Core/Src/main.o
                0x0000000024000348                GZP_Buffer
 *fill*         0x0000000024000352        0x2 
 .bss.hi2c4     0x0000000024000354       0x54 ./Core/Src/main.o
                0x0000000024000354                hi2c4
 .bss.huart1    0x00000000240003a8       0x94 ./Core/Src/main.o
                0x00000000240003a8                huart1
 .bss.huart3    0x000000002400043c       0x94 ./Core/Src/main.o
                0x000000002400043c                huart3
 .bss.GZP_ThreadHandle
                0x00000000240004d0        0x4 ./Core/Src/main.o
                0x00000000240004d0                GZP_ThreadHandle
 .bss.htim1     0x00000000240004d4       0x4c ./Core/Src/stm32h7xx_hal_timebase_tim.o
                0x00000000240004d4                htim1
 .bss.uwTick    0x0000000024000520        0x4 ./Drivers/STM32H7xx_HAL_Driver/Src/stm32h7xx_hal.o
                0x0000000024000520                uwTick
 .bss.pxCurrentTCB
                0x0000000024000524        0x4 ./Middlewares/Third_Party/FreeRTOS/Source/tasks.o
                0x0000000024000524                pxCurrentTCB
 .bss.pxReadyTasksLists
                0x0000000024000528       0x8c ./Middlewares/Third_Party/FreeRTOS/Source/tasks.o
 .bss.xDelayedTaskList1
                0x00000000240005b4       0x14 ./Middlewares/Third_Party/FreeRTOS/Source/tasks.o
 .bss.xDelayedTaskList2
                0x00000000240005c8       0x14 ./Middlewares/Third_Party/FreeRTOS/Source/tasks.o
 .bss.pxDelayedTaskList
                0x00000000240005dc        0x4 ./Middlewares/Third_Party/FreeRTOS/Source/tasks.o
 .bss.pxOverflowDelayedTaskList
                0x00000000240005e0        0x4 ./Middlewares/Third_Party/FreeRTOS/Source/tasks.o
 .bss.xPendingReadyList
                0x00000000240005e4       0x14 ./Middlewares/Third_Party/FreeRTOS/Source/tasks.o
 .bss.xTasksWaitingTermination
                0x00000000240005f8       0x14 ./Middlewares/Third_Party/FreeRTOS/Source/tasks.o
 .bss.uxDeletedTasksWaitingCleanUp
                0x000000002400060c        0x4 ./Middlewares/Third_Party/FreeRTOS/Source/tasks.o
 .bss.xSuspendedTaskList
                0x0000000024000610       0x14 ./Middlewares/Third_Party/FreeRTOS/Source/tasks.o
 .bss.uxCurrentNumberOfTasks
                0x0000000024000624        0x4 ./Middlewares/Third_Party/FreeRTOS/Source/tasks.o
 .bss.xTickCount
                0x0000000024000628        0x4 ./Middlewares/Third_Party/FreeRTOS/Source/tasks.o
 .bss.uxTopReadyPriority
                0x000000002400062c        0x4 ./Middlewares/Third_Party/FreeRTOS/Source/tasks.o
 .bss.xSchedulerRunning
                0x0000000024000630        0x4 ./Middlewares/Third_Party/FreeRTOS/Source/tasks.o
 .bss.xPendedTicks
                0x0000000024000634        0x4 ./Middlewares/Third_Party/FreeRTOS/Source/tasks.o
 .bss.xYieldPending
                0x0000000024000638        0x4 ./Middlewares/Third_Party/FreeRTOS/Source/tasks.o
 .bss.xNumOfOverflows
                0x000000002400063c        0x4 ./Middlewares/Third_Party/FreeRTOS/Source/tasks.o
 .bss.uxTaskNumber
                0x0000000024000640        0x4 ./Middlewares/Third_Party/FreeRTOS/Source/tasks.o
 .bss.xNextTaskUnblockTime
                0x0000000024000644        0x4 ./Middlewares/Third_Party/FreeRTOS/Source/tasks.o
 .bss.xIdleTaskHandle
                0x0000000024000648        0x4 ./Middlewares/Third_Party/FreeRTOS/Source/tasks.o
 .bss.uxSchedulerSuspended
                0x000000002400064c        0x4 ./Middlewares/Third_Party/FreeRTOS/Source/tasks.o
 .bss.ucMaxSysCallPriority
                0x0000000024000650        0x1 ./Middlewares/Third_Party/FreeRTOS/Source/portable/GCC/ARM_CM4F/port.o
 *fill*         0x0000000024000651        0x3 
 .bss.ulMaxPRIGROUPValue
                0x0000000024000654        0x4 ./Middlewares/Third_Party/FreeRTOS/Source/portable/GCC/ARM_CM4F/port.o
 .bss.ucHeap    0x0000000024000658     0x3c00 ./Middlewares/Third_Party/FreeRTOS/Source/portable/MemMang/heap_4.o
 .bss.xStart    0x0000000024004258        0x8 ./Middlewares/Third_Party/FreeRTOS/Source/portable/MemMang/heap_4.o
 .bss.pxEnd     0x0000000024004260        0x4 ./Middlewares/Third_Party/FreeRTOS/Source/portable/MemMang/heap_4.o
 .bss.xFreeBytesRemaining
                0x0000000024004264        0x4 ./Middlewares/Third_Party/FreeRTOS/Source/portable/MemMang/heap_4.o
 .bss.xMinimumEverFreeBytesRemaining
                0x0000000024004268        0x4 ./Middlewares/Third_Party/FreeRTOS/Source/portable/MemMang/heap_4.o
 .bss.xNumberOfSuccessfulAllocations
                0x000000002400426c        0x4 ./Middlewares/Third_Party/FreeRTOS/Source/portable/MemMang/heap_4.o
 .bss.xNumberOfSuccessfulFrees
                0x0000000024004270        0x4 ./Middlewares/Third_Party/FreeRTOS/Source/portable/MemMang/heap_4.o
 .bss.xBlockAllocatedBit
                0x0000000024004274        0x4 ./Middlewares/Third_Party/FreeRTOS/Source/portable/MemMang/heap_4.o
 .bss.__lock___malloc_recursive_mutex
                0x0000000024004278        0x1 c:/st/stm32cubeide_1.12.0/stm32cubeide/plugins/com.st.stm32cube.ide.mcu.externaltools.gnu-tools-for-stm32.10.3-2021.10.win32_1.0.200.202301161003/tools/bin/../lib/gcc/arm-none-eabi/10.3.1/../../../../arm-none-eabi/lib/thumb/v7e-m+dp/hard\libc_nano.a(lib_a-lock.o)
                0x0000000024004278                __lock___malloc_recursive_mutex
 *fill*         0x0000000024004279        0x3 
 .bss.__malloc_free_list
                0x000000002400427c        0x4 c:/st/stm32cubeide_1.12.0/stm32cubeide/plugins/com.st.stm32cube.ide.mcu.externaltools.gnu-tools-for-stm32.10.3-2021.10.win32_1.0.200.202301161003/tools/bin/../lib/gcc/arm-none-eabi/10.3.1/../../../../arm-none-eabi/lib/thumb/v7e-m+dp/hard\libc_nano.a(lib_a-nano-mallocr.o)
                0x000000002400427c                __malloc_free_list
 *(COMMON)
                0x0000000024004280                . = ALIGN (0x4)
                0x0000000024004280                _ebss = .
                0x0000000024004280                __bss_end__ = _ebss

._user_heap_stack
                0x0000000024004280      0x600 load address 0x0000000008008058
                0x0000000024004280                . = ALIGN (0x8)
                [!provide]                        PROVIDE (end = .)
                0x0000000024004280                PROVIDE (_end = .)
                0x0000000024004480                . = (. + _Min_Heap_Size)
 *fill*         0x0000000024004280      0x200 
                0x0000000024004880                . = (. + _Min_Stack_Size)
 *fill*         0x0000000024004480      0x400 
                0x0000000024004880                . = ALIGN (0x8)

/DISCARD/
 libc.a(*)
 libm.a(*)
 libgcc.a(*)

.ARM.attributes
                0x0000000000000000       0x2e
 *(.ARM.attributes)
 .ARM.attributes
                0x0000000000000000       0x1e c:/st/stm32cubeide_1.12.0/stm32cubeide/plugins/com.st.stm32cube.ide.mcu.externaltools.gnu-tools-for-stm32.10.3-2021.10.win32_1.0.200.202301161003/tools/bin/../lib/gcc/arm-none-eabi/10.3.1/thumb/v7e-m+dp/hard/crti.o
 .ARM.attributes
                0x000000000000001e       0x32 c:/st/stm32cubeide_1.12.0/stm32cubeide/plugins/com.st.stm32cube.ide.mcu.externaltools.gnu-tools-for-stm32.10.3-2021.10.win32_1.0.200.202301161003/tools/bin/../lib/gcc/arm-none-eabi/10.3.1/thumb/v7e-m+dp/hard/crtbegin.o
 .ARM.attributes
                0x0000000000000050       0x32 ./Core/Src/GZP6859D.o
 .ARM.attributes
                0x0000000000000082       0x32 ./Core/Src/freertos.o
 .ARM.attributes
                0x00000000000000b4       0x32 ./Core/Src/main.o
 .ARM.attributes
                0x00000000000000e6       0x32 ./Core/Src/stm32h7xx_hal_msp.o
 .ARM.attributes
                0x0000000000000118       0x32 ./Core/Src/stm32h7xx_hal_timebase_tim.o
 .ARM.attributes
                0x000000000000014a       0x32 ./Core/Src/stm32h7xx_it.o
 .ARM.attributes
                0x000000000000017c       0x32 ./Core/Src/system_stm32h7xx.o
 .ARM.attributes
                0x00000000000001ae       0x21 ./Core/Startup/startup_stm32h743zitx.o
 .ARM.attributes
                0x00000000000001cf       0x32 ./Drivers/STM32H7xx_HAL_Driver/Src/stm32h7xx_hal.o
 .ARM.attributes
                0x0000000000000201       0x32 ./Drivers/STM32H7xx_HAL_Driver/Src/stm32h7xx_hal_cortex.o
 .ARM.attributes
                0x0000000000000233       0x32 ./Drivers/STM32H7xx_HAL_Driver/Src/stm32h7xx_hal_gpio.o
 .ARM.attributes
                0x0000000000000265       0x32 ./Drivers/STM32H7xx_HAL_Driver/Src/stm32h7xx_hal_i2c.o
 .ARM.attributes
                0x0000000000000297       0x32 ./Drivers/STM32H7xx_HAL_Driver/Src/stm32h7xx_hal_i2c_ex.o
 .ARM.attributes
                0x00000000000002c9       0x32 ./Drivers/STM32H7xx_HAL_Driver/Src/stm32h7xx_hal_pwr_ex.o
 .ARM.attributes
                0x00000000000002fb       0x32 ./Drivers/STM32H7xx_HAL_Driver/Src/stm32h7xx_hal_rcc.o
 .ARM.attributes
                0x000000000000032d       0x32 ./Drivers/STM32H7xx_HAL_Driver/Src/stm32h7xx_hal_rcc_ex.o
 .ARM.attributes
                0x000000000000035f       0x32 ./Drivers/STM32H7xx_HAL_Driver/Src/stm32h7xx_hal_tim.o
 .ARM.attributes
                0x0000000000000391       0x32 ./Drivers/STM32H7xx_HAL_Driver/Src/stm32h7xx_hal_tim_ex.o
 .ARM.attributes
                0x00000000000003c3       0x32 ./Drivers/STM32H7xx_HAL_Driver/Src/stm32h7xx_hal_uart.o
 .ARM.attributes
                0x00000000000003f5       0x32 ./Drivers/STM32H7xx_HAL_Driver/Src/stm32h7xx_hal_uart_ex.o
 .ARM.attributes
                0x0000000000000427       0x32 ./Middlewares/Third_Party/FreeRTOS/Source/CMSIS_RTOS/cmsis_os.o
 .ARM.attributes
                0x0000000000000459       0x32 ./Middlewares/Third_Party/FreeRTOS/Source/list.o
 .ARM.attributes
                0x000000000000048b       0x32 ./Middlewares/Third_Party/FreeRTOS/Source/tasks.o
 .ARM.attributes
                0x00000000000004bd       0x32 ./Middlewares/Third_Party/FreeRTOS/Source/portable/GCC/ARM_CM4F/port.o
 .ARM.attributes
                0x00000000000004ef       0x32 ./Middlewares/Third_Party/FreeRTOS/Source/portable/MemMang/heap_4.o
 .ARM.attributes
                0x0000000000000521       0x32 c:/st/stm32cubeide_1.12.0/stm32cubeide/plugins/com.st.stm32cube.ide.mcu.externaltools.gnu-tools-for-stm32.10.3-2021.10.win32_1.0.200.202301161003/tools/bin/../lib/gcc/arm-none-eabi/10.3.1/../../../../arm-none-eabi/lib/thumb/v7e-m+dp/hard\libc_nano.a(lib_a-findfp.o)
 .ARM.attributes
                0x0000000000000553       0x32 c:/st/stm32cubeide_1.12.0/stm32cubeide/plugins/com.st.stm32cube.ide.mcu.externaltools.gnu-tools-for-stm32.10.3-2021.10.win32_1.0.200.202301161003/tools/bin/../lib/gcc/arm-none-eabi/10.3.1/../../../../arm-none-eabi/lib/thumb/v7e-m+dp/hard\libc_nano.a(lib_a-impure.o)
 .ARM.attributes
                0x0000000000000585       0x32 c:/st/stm32cubeide_1.12.0/stm32cubeide/plugins/com.st.stm32cube.ide.mcu.externaltools.gnu-tools-for-stm32.10.3-2021.10.win32_1.0.200.202301161003/tools/bin/../lib/gcc/arm-none-eabi/10.3.1/../../../../arm-none-eabi/lib/thumb/v7e-m+dp/hard\libc_nano.a(lib_a-init.o)
 .ARM.attributes
                0x00000000000005b7       0x32 c:/st/stm32cubeide_1.12.0/stm32cubeide/plugins/com.st.stm32cube.ide.mcu.externaltools.gnu-tools-for-stm32.10.3-2021.10.win32_1.0.200.202301161003/tools/bin/../lib/gcc/arm-none-eabi/10.3.1/../../../../arm-none-eabi/lib/thumb/v7e-m+dp/hard\libc_nano.a(lib_a-lock.o)
 .ARM.attributes
                0x00000000000005e9       0x32 c:/st/stm32cubeide_1.12.0/stm32cubeide/plugins/com.st.stm32cube.ide.mcu.externaltools.gnu-tools-for-stm32.10.3-2021.10.win32_1.0.200.202301161003/tools/bin/../lib/gcc/arm-none-eabi/10.3.1/../../../../arm-none-eabi/lib/thumb/v7e-m+dp/hard\libc_nano.a(lib_a-memset.o)
 .ARM.attributes
                0x000000000000061b       0x32 c:/st/stm32cubeide_1.12.0/stm32cubeide/plugins/com.st.stm32cube.ide.mcu.externaltools.gnu-tools-for-stm32.10.3-2021.10.win32_1.0.200.202301161003/tools/bin/../lib/gcc/arm-none-eabi/10.3.1/../../../../arm-none-eabi/lib/thumb/v7e-m+dp/hard\libc_nano.a(lib_a-nano-freer.o)
 .ARM.attributes
                0x000000000000064d       0x32 c:/st/stm32cubeide_1.12.0/stm32cubeide/plugins/com.st.stm32cube.ide.mcu.externaltools.gnu-tools-for-stm32.10.3-2021.10.win32_1.0.200.202301161003/tools/bin/../lib/gcc/arm-none-eabi/10.3.1/../../../../arm-none-eabi/lib/thumb/v7e-m+dp/hard\libc_nano.a(lib_a-nano-mallocr.o)
 .ARM.attributes
                0x000000000000067f       0x32 c:/st/stm32cubeide_1.12.0/stm32cubeide/plugins/com.st.stm32cube.ide.mcu.externaltools.gnu-tools-for-stm32.10.3-2021.10.win32_1.0.200.202301161003/tools/bin/../lib/gcc/arm-none-eabi/10.3.1/../../../../arm-none-eabi/lib/thumb/v7e-m+dp/hard\libc_nano.a(lib_a-reent.o)
 .ARM.attributes
                0x00000000000006b1       0x32 c:/st/stm32cubeide_1.12.0/stm32cubeide/plugins/com.st.stm32cube.ide.mcu.externaltools.gnu-tools-for-stm32.10.3-2021.10.win32_1.0.200.202301161003/tools/bin/../lib/gcc/arm-none-eabi/10.3.1/../../../../arm-none-eabi/lib/thumb/v7e-m+dp/hard\libc_nano.a(lib_a-mlock.o)
 .ARM.attributes
                0x00000000000006e3       0x1e c:/st/stm32cubeide_1.12.0/stm32cubeide/plugins/com.st.stm32cube.ide.mcu.externaltools.gnu-tools-for-stm32.10.3-2021.10.win32_1.0.200.202301161003/tools/bin/../lib/gcc/arm-none-eabi/10.3.1/thumb/v7e-m+dp/hard\libgcc.a(_aeabi_uldivmod.o)
 .ARM.attributes
                0x0000000000000701       0x32 c:/st/stm32cubeide_1.12.0/stm32cubeide/plugins/com.st.stm32cube.ide.mcu.externaltools.gnu-tools-for-stm32.10.3-2021.10.win32_1.0.200.202301161003/tools/bin/../lib/gcc/arm-none-eabi/10.3.1/thumb/v7e-m+dp/hard\libgcc.a(_udivmoddi4.o)
 .ARM.attributes
                0x0000000000000733       0x1e c:/st/stm32cubeide_1.12.0/stm32cubeide/plugins/com.st.stm32cube.ide.mcu.externaltools.gnu-tools-for-stm32.10.3-2021.10.win32_1.0.200.202301161003/tools/bin/../lib/gcc/arm-none-eabi/10.3.1/thumb/v7e-m+dp/hard\libgcc.a(_dvmd_tls.o)
 .ARM.attributes
                0x0000000000000751       0x1e c:/st/stm32cubeide_1.12.0/stm32cubeide/plugins/com.st.stm32cube.ide.mcu.externaltools.gnu-tools-for-stm32.10.3-2021.10.win32_1.0.200.202301161003/tools/bin/../lib/gcc/arm-none-eabi/10.3.1/thumb/v7e-m+dp/hard/crtn.o
OUTPUT(FlightSoftware_f.elf elf32-littlearm)
LOAD linker stubs
LOAD c:/st/stm32cubeide_1.12.0/stm32cubeide/plugins/com.st.stm32cube.ide.mcu.externaltools.gnu-tools-for-stm32.10.3-2021.10.win32_1.0.200.202301161003/tools/bin/../lib/gcc/arm-none-eabi/10.3.1/../../../../arm-none-eabi/lib/thumb/v7e-m+dp/hard\libc.a
LOAD c:/st/stm32cubeide_1.12.0/stm32cubeide/plugins/com.st.stm32cube.ide.mcu.externaltools.gnu-tools-for-stm32.10.3-2021.10.win32_1.0.200.202301161003/tools/bin/../lib/gcc/arm-none-eabi/10.3.1/../../../../arm-none-eabi/lib/thumb/v7e-m+dp/hard\libm.a
LOAD c:/st/stm32cubeide_1.12.0/stm32cubeide/plugins/com.st.stm32cube.ide.mcu.externaltools.gnu-tools-for-stm32.10.3-2021.10.win32_1.0.200.202301161003/tools/bin/../lib/gcc/arm-none-eabi/10.3.1/thumb/v7e-m+dp/hard\libgcc.a

.debug_info     0x0000000000000000    0x20f28
 .debug_info    0x0000000000000000      0x999 ./Core/Src/GZP6859D.o
 .debug_info    0x0000000000000999      0x9c4 ./Core/Src/freertos.o
 .debug_info    0x000000000000135d     0x2744 ./Core/Src/main.o
 .debug_info    0x0000000000003aa1     0x181e ./Core/Src/stm32h7xx_hal_msp.o
 .debug_info    0x00000000000052bf     0x10e9 ./Core/Src/stm32h7xx_hal_timebase_tim.o
 .debug_info    0x00000000000063a8      0x826 ./Core/Src/stm32h7xx_it.o
 .debug_info    0x0000000000006bce      0xd07 ./Core/Src/system_stm32h7xx.o
 .debug_info    0x00000000000078d5       0x22 ./Core/Startup/startup_stm32h743zitx.o
 .debug_info    0x00000000000078f7     0x15d7 ./Drivers/STM32H7xx_HAL_Driver/Src/stm32h7xx_hal.o
 .debug_info    0x0000000000008ece     0x11bd ./Drivers/STM32H7xx_HAL_Driver/Src/stm32h7xx_hal_cortex.o
 .debug_info    0x000000000000a08b      0xd28 ./Drivers/STM32H7xx_HAL_Driver/Src/stm32h7xx_hal_gpio.o
 .debug_info    0x000000000000adb3     0x24d4 ./Drivers/STM32H7xx_HAL_Driver/Src/stm32h7xx_hal_i2c.o
 .debug_info    0x000000000000d287      0xe47 ./Drivers/STM32H7xx_HAL_Driver/Src/stm32h7xx_hal_i2c_ex.o
 .debug_info    0x000000000000e0ce     0x109d ./Drivers/STM32H7xx_HAL_Driver/Src/stm32h7xx_hal_pwr_ex.o
 .debug_info    0x000000000000f16b      0xf4a ./Drivers/STM32H7xx_HAL_Driver/Src/stm32h7xx_hal_rcc.o
 .debug_info    0x00000000000100b5     0x12d9 ./Drivers/STM32H7xx_HAL_Driver/Src/stm32h7xx_hal_rcc_ex.o
 .debug_info    0x000000000001138e     0x2e2a ./Drivers/STM32H7xx_HAL_Driver/Src/stm32h7xx_hal_tim.o
 .debug_info    0x00000000000141b8     0x1928 ./Drivers/STM32H7xx_HAL_Driver/Src/stm32h7xx_hal_tim_ex.o
 .debug_info    0x0000000000015ae0     0x4dca ./Drivers/STM32H7xx_HAL_Driver/Src/stm32h7xx_hal_uart.o
 .debug_info    0x000000000001a8aa     0x1065 ./Drivers/STM32H7xx_HAL_Driver/Src/stm32h7xx_hal_uart_ex.o
 .debug_info    0x000000000001b90f     0x2354 ./Middlewares/Third_Party/FreeRTOS/Source/CMSIS_RTOS/cmsis_os.o
 .debug_info    0x000000000001dc63      0x2d1 ./Middlewares/Third_Party/FreeRTOS/Source/list.o
 .debug_info    0x000000000001df34     0x25e2 ./Middlewares/Third_Party/FreeRTOS/Source/tasks.o
 .debug_info    0x0000000000020516      0x507 ./Middlewares/Third_Party/FreeRTOS/Source/portable/GCC/ARM_CM4F/port.o
 .debug_info    0x0000000000020a1d      0x50b ./Middlewares/Third_Party/FreeRTOS/Source/portable/MemMang/heap_4.o

.debug_abbrev   0x0000000000000000     0x3900
 .debug_abbrev  0x0000000000000000      0x1f5 ./Core/Src/GZP6859D.o
 .debug_abbrev  0x00000000000001f5      0x169 ./Core/Src/freertos.o
 .debug_abbrev  0x000000000000035e      0x370 ./Core/Src/main.o
 .debug_abbrev  0x00000000000006ce      0x20e ./Core/Src/stm32h7xx_hal_msp.o
 .debug_abbrev  0x00000000000008dc      0x206 ./Core/Src/stm32h7xx_hal_timebase_tim.o
 .debug_abbrev  0x0000000000000ae2      0x171 ./Core/Src/stm32h7xx_it.o
 .debug_abbrev  0x0000000000000c53      0x147 ./Core/Src/system_stm32h7xx.o
 .debug_abbrev  0x0000000000000d9a       0x12 ./Core/Startup/startup_stm32h743zitx.o
 .debug_abbrev  0x0000000000000dac      0x289 ./Drivers/STM32H7xx_HAL_Driver/Src/stm32h7xx_hal.o
 .debug_abbrev  0x0000000000001035      0x329 ./Drivers/STM32H7xx_HAL_Driver/Src/stm32h7xx_hal_cortex.o
 .debug_abbrev  0x000000000000135e      0x1ec ./Drivers/STM32H7xx_HAL_Driver/Src/stm32h7xx_hal_gpio.o
 .debug_abbrev  0x000000000000154a      0x24a ./Drivers/STM32H7xx_HAL_Driver/Src/stm32h7xx_hal_i2c.o
 .debug_abbrev  0x0000000000001794      0x1e1 ./Drivers/STM32H7xx_HAL_Driver/Src/stm32h7xx_hal_i2c_ex.o
 .debug_abbrev  0x0000000000001975      0x28f ./Drivers/STM32H7xx_HAL_Driver/Src/stm32h7xx_hal_pwr_ex.o
 .debug_abbrev  0x0000000000001c04      0x2b8 ./Drivers/STM32H7xx_HAL_Driver/Src/stm32h7xx_hal_rcc.o
 .debug_abbrev  0x0000000000001ebc      0x25c ./Drivers/STM32H7xx_HAL_Driver/Src/stm32h7xx_hal_rcc_ex.o
 .debug_abbrev  0x0000000000002118      0x264 ./Drivers/STM32H7xx_HAL_Driver/Src/stm32h7xx_hal_tim.o
 .debug_abbrev  0x000000000000237c      0x26c ./Drivers/STM32H7xx_HAL_Driver/Src/stm32h7xx_hal_tim_ex.o
 .debug_abbrev  0x00000000000025e8      0x325 ./Drivers/STM32H7xx_HAL_Driver/Src/stm32h7xx_hal_uart.o
 .debug_abbrev  0x000000000000290d      0x2bd ./Drivers/STM32H7xx_HAL_Driver/Src/stm32h7xx_hal_uart_ex.o
 .debug_abbrev  0x0000000000002bca      0x415 ./Middlewares/Third_Party/FreeRTOS/Source/CMSIS_RTOS/cmsis_os.o
 .debug_abbrev  0x0000000000002fdf       0xf2 ./Middlewares/Third_Party/FreeRTOS/Source/list.o
 .debug_abbrev  0x00000000000030d1      0x3c4 ./Middlewares/Third_Party/FreeRTOS/Source/tasks.o
 .debug_abbrev  0x0000000000003495      0x259 ./Middlewares/Third_Party/FreeRTOS/Source/portable/GCC/ARM_CM4F/port.o
 .debug_abbrev  0x00000000000036ee      0x212 ./Middlewares/Third_Party/FreeRTOS/Source/portable/MemMang/heap_4.o

.debug_aranges  0x0000000000000000     0x17d8
 .debug_aranges
                0x0000000000000000       0x48 ./Core/Src/GZP6859D.o
 .debug_aranges
                0x0000000000000048       0x20 ./Core/Src/freertos.o
 .debug_aranges
                0x0000000000000068       0x80 ./Core/Src/main.o
 .debug_aranges
                0x00000000000000e8       0x40 ./Core/Src/stm32h7xx_hal_msp.o
 .debug_aranges
                0x0000000000000128       0x30 ./Core/Src/stm32h7xx_hal_timebase_tim.o
 .debug_aranges
                0x0000000000000158       0x50 ./Core/Src/stm32h7xx_it.o
 .debug_aranges
                0x00000000000001a8       0x28 ./Core/Src/system_stm32h7xx.o
 .debug_aranges
                0x00000000000001d0       0x28 ./Core/Startup/startup_stm32h743zitx.o
 .debug_aranges
                0x00000000000001f8      0x198 ./Drivers/STM32H7xx_HAL_Driver/Src/stm32h7xx_hal.o
 .debug_aranges
                0x0000000000000390      0x130 ./Drivers/STM32H7xx_HAL_Driver/Src/stm32h7xx_hal_cortex.o
 .debug_aranges
                0x00000000000004c0       0x58 ./Drivers/STM32H7xx_HAL_Driver/Src/stm32h7xx_hal_gpio.o
 .debug_aranges
                0x0000000000000518      0x2a0 ./Drivers/STM32H7xx_HAL_Driver/Src/stm32h7xx_hal_i2c.o
 .debug_aranges
                0x00000000000007b8       0x48 ./Drivers/STM32H7xx_HAL_Driver/Src/stm32h7xx_hal_i2c_ex.o
 .debug_aranges
                0x0000000000000800      0x158 ./Drivers/STM32H7xx_HAL_Driver/Src/stm32h7xx_hal_pwr_ex.o
 .debug_aranges
                0x0000000000000958       0x88 ./Drivers/STM32H7xx_HAL_Driver/Src/stm32h7xx_hal_rcc.o
 .debug_aranges
                0x00000000000009e0       0xf8 ./Drivers/STM32H7xx_HAL_Driver/Src/stm32h7xx_hal_rcc_ex.o
 .debug_aranges
                0x0000000000000ad8      0x3e0 ./Drivers/STM32H7xx_HAL_Driver/Src/stm32h7xx_hal_tim.o
 .debug_aranges
                0x0000000000000eb8      0x188 ./Drivers/STM32H7xx_HAL_Driver/Src/stm32h7xx_hal_tim_ex.o
 .debug_aranges
                0x0000000000001040      0x248 ./Drivers/STM32H7xx_HAL_Driver/Src/stm32h7xx_hal_uart.o
 .debug_aranges
                0x0000000000001288       0xa8 ./Drivers/STM32H7xx_HAL_Driver/Src/stm32h7xx_hal_uart_ex.o
 .debug_aranges
                0x0000000000001330      0x1d8 ./Middlewares/Third_Party/FreeRTOS/Source/CMSIS_RTOS/cmsis_os.o
 .debug_aranges
                0x0000000000001508       0x40 ./Middlewares/Third_Party/FreeRTOS/Source/list.o
 .debug_aranges
                0x0000000000001548      0x1b8 ./Middlewares/Third_Party/FreeRTOS/Source/tasks.o
 .debug_aranges
                0x0000000000001700       0x80 ./Middlewares/Third_Party/FreeRTOS/Source/portable/GCC/ARM_CM4F/port.o
 .debug_aranges
                0x0000000000001780       0x58 ./Middlewares/Third_Party/FreeRTOS/Source/portable/MemMang/heap_4.o

.debug_ranges   0x0000000000000000     0x1680
 .debug_ranges  0x0000000000000000       0x38 ./Core/Src/GZP6859D.o
 .debug_ranges  0x0000000000000038       0x10 ./Core/Src/freertos.o
 .debug_ranges  0x0000000000000048       0x70 ./Core/Src/main.o
 .debug_ranges  0x00000000000000b8       0x30 ./Core/Src/stm32h7xx_hal_msp.o
 .debug_ranges  0x00000000000000e8       0x20 ./Core/Src/stm32h7xx_hal_timebase_tim.o
 .debug_ranges  0x0000000000000108       0x40 ./Core/Src/stm32h7xx_it.o
 .debug_ranges  0x0000000000000148       0x18 ./Core/Src/system_stm32h7xx.o
 .debug_ranges  0x0000000000000160       0x20 ./Core/Startup/startup_stm32h743zitx.o
 .debug_ranges  0x0000000000000180      0x188 ./Drivers/STM32H7xx_HAL_Driver/Src/stm32h7xx_hal.o
 .debug_ranges  0x0000000000000308      0x120 ./Drivers/STM32H7xx_HAL_Driver/Src/stm32h7xx_hal_cortex.o
 .debug_ranges  0x0000000000000428       0x48 ./Drivers/STM32H7xx_HAL_Driver/Src/stm32h7xx_hal_gpio.o
 .debug_ranges  0x0000000000000470      0x290 ./Drivers/STM32H7xx_HAL_Driver/Src/stm32h7xx_hal_i2c.o
 .debug_ranges  0x0000000000000700       0x38 ./Drivers/STM32H7xx_HAL_Driver/Src/stm32h7xx_hal_i2c_ex.o
 .debug_ranges  0x0000000000000738      0x148 ./Drivers/STM32H7xx_HAL_Driver/Src/stm32h7xx_hal_pwr_ex.o
 .debug_ranges  0x0000000000000880       0x78 ./Drivers/STM32H7xx_HAL_Driver/Src/stm32h7xx_hal_rcc.o
 .debug_ranges  0x00000000000008f8       0xe8 ./Drivers/STM32H7xx_HAL_Driver/Src/stm32h7xx_hal_rcc_ex.o
 .debug_ranges  0x00000000000009e0      0x3d0 ./Drivers/STM32H7xx_HAL_Driver/Src/stm32h7xx_hal_tim.o
 .debug_ranges  0x0000000000000db0      0x178 ./Drivers/STM32H7xx_HAL_Driver/Src/stm32h7xx_hal_tim_ex.o
 .debug_ranges  0x0000000000000f28      0x268 ./Drivers/STM32H7xx_HAL_Driver/Src/stm32h7xx_hal_uart.o
 .debug_ranges  0x0000000000001190       0x98 ./Drivers/STM32H7xx_HAL_Driver/Src/stm32h7xx_hal_uart_ex.o
 .debug_ranges  0x0000000000001228      0x1c8 ./Middlewares/Third_Party/FreeRTOS/Source/CMSIS_RTOS/cmsis_os.o
 .debug_ranges  0x00000000000013f0       0x30 ./Middlewares/Third_Party/FreeRTOS/Source/list.o
 .debug_ranges  0x0000000000001420      0x1a8 ./Middlewares/Third_Party/FreeRTOS/Source/tasks.o
 .debug_ranges  0x00000000000015c8       0x70 ./Middlewares/Third_Party/FreeRTOS/Source/portable/GCC/ARM_CM4F/port.o
 .debug_ranges  0x0000000000001638       0x48 ./Middlewares/Third_Party/FreeRTOS/Source/portable/MemMang/heap_4.o

.debug_macro    0x0000000000000000    0x391a0
 .debug_macro   0x0000000000000000      0x2ea ./Core/Src/GZP6859D.o
 .debug_macro   0x00000000000002ea      0xa90 ./Core/Src/GZP6859D.o
 .debug_macro   0x0000000000000d7a      0x238 ./Core/Src/GZP6859D.o
 .debug_macro   0x0000000000000fb2       0x2e ./Core/Src/GZP6859D.o
 .debug_macro   0x0000000000000fe0       0x3b ./Core/Src/GZP6859D.o
 .debug_macro   0x000000000000101b       0x22 ./Core/Src/GZP6859D.o
 .debug_macro   0x000000000000103d       0x8e ./Core/Src/GZP6859D.o
 .debug_macro   0x00000000000010cb       0x51 ./Core/Src/GZP6859D.o
 .debug_macro   0x000000000000111c      0x103 ./Core/Src/GZP6859D.o
 .debug_macro   0x000000000000121f       0x6a ./Core/Src/GZP6859D.o
 .debug_macro   0x0000000000001289      0x1df ./Core/Src/GZP6859D.o
 .debug_macro   0x0000000000001468       0x1c ./Core/Src/GZP6859D.o
 .debug_macro   0x0000000000001484       0x22 ./Core/Src/GZP6859D.o
 .debug_macro   0x00000000000014a6       0xfb ./Core/Src/GZP6859D.o
 .debug_macro   0x00000000000015a1     0x1305 ./Core/Src/GZP6859D.o
 .debug_macro   0x00000000000028a6      0x11f ./Core/Src/GZP6859D.o
 .debug_macro   0x00000000000029c5       0x27 ./Core/Src/GZP6859D.o
 .debug_macro   0x00000000000029ec    0x258f9 ./Core/Src/GZP6859D.o
 .debug_macro   0x00000000000282e5       0x6d ./Core/Src/GZP6859D.o
 .debug_macro   0x0000000000028352     0x3d79 ./Core/Src/GZP6859D.o
 .debug_macro   0x000000000002c0cb      0x174 ./Core/Src/GZP6859D.o
 .debug_macro   0x000000000002c23f       0x52 ./Core/Src/GZP6859D.o
 .debug_macro   0x000000000002c291       0x1d ./Core/Src/GZP6859D.o
 .debug_macro   0x000000000002c2ae       0x3c ./Core/Src/GZP6859D.o
 .debug_macro   0x000000000002c2ea       0x34 ./Core/Src/GZP6859D.o
 .debug_macro   0x000000000002c31e       0x16 ./Core/Src/GZP6859D.o
 .debug_macro   0x000000000002c334       0x43 ./Core/Src/GZP6859D.o
 .debug_macro   0x000000000002c377       0x34 ./Core/Src/GZP6859D.o
 .debug_macro   0x000000000002c3ab       0x10 ./Core/Src/GZP6859D.o
 .debug_macro   0x000000000002c3bb       0x58 ./Core/Src/GZP6859D.o
 .debug_macro   0x000000000002c413       0x71 ./Core/Src/GZP6859D.o
 .debug_macro   0x000000000002c484       0x1c ./Core/Src/GZP6859D.o
 .debug_macro   0x000000000002c4a0      0x12a ./Core/Src/GZP6859D.o
 .debug_macro   0x000000000002c5ca      0x341 ./Core/Src/GZP6859D.o
 .debug_macro   0x000000000002c90b      0x19b ./Core/Src/GZP6859D.o
 .debug_macro   0x000000000002caa6       0x5d ./Core/Src/GZP6859D.o
 .debug_macro   0x000000000002cb03     0x2382 ./Core/Src/GZP6859D.o
 .debug_macro   0x000000000002ee85     0x102c ./Core/Src/GZP6859D.o
 .debug_macro   0x000000000002feb1      0x154 ./Core/Src/GZP6859D.o
 .debug_macro   0x0000000000030005      0x114 ./Core/Src/GZP6859D.o
 .debug_macro   0x0000000000030119      0x3b6 ./Core/Src/GZP6859D.o
 .debug_macro   0x00000000000304cf       0xac ./Core/Src/GZP6859D.o
 .debug_macro   0x000000000003057b      0x72d ./Core/Src/GZP6859D.o
 .debug_macro   0x0000000000030ca8      0x228 ./Core/Src/GZP6859D.o
 .debug_macro   0x0000000000030ed0       0x66 ./Core/Src/GZP6859D.o
 .debug_macro   0x0000000000030f36      0x3bb ./Core/Src/GZP6859D.o
 .debug_macro   0x00000000000312f1      0x3e4 ./Core/Src/GZP6859D.o
 .debug_macro   0x00000000000316d5      0x275 ./Core/Src/GZP6859D.o
 .debug_macro   0x000000000003194a      0x3ca ./Core/Src/GZP6859D.o
 .debug_macro   0x0000000000031d14      0x408 ./Core/Src/GZP6859D.o
 .debug_macro   0x000000000003211c       0x51 ./Core/Src/GZP6859D.o
 .debug_macro   0x000000000003216d       0x4a ./Core/Src/GZP6859D.o
 .debug_macro   0x00000000000321b7      0x22c ./Core/Src/GZP6859D.o
 .debug_macro   0x00000000000323e3       0x67 ./Core/Src/GZP6859D.o
 .debug_macro   0x000000000003244a       0xa5 ./Core/Src/GZP6859D.o
 .debug_macro   0x00000000000324ef      0x1c4 ./Core/Src/GZP6859D.o
 .debug_macro   0x00000000000326b3      0x25e ./Core/Src/GZP6859D.o
 .debug_macro   0x0000000000032911       0x35 ./Core/Src/GZP6859D.o
 .debug_macro   0x0000000000032946      0xafa ./Core/Src/GZP6859D.o
 .debug_macro   0x0000000000033440      0x29f ./Core/Src/GZP6859D.o
 .debug_macro   0x00000000000336df      0x693 ./Core/Src/GZP6859D.o
 .debug_macro   0x0000000000033d72       0xa6 ./Core/Src/GZP6859D.o
 .debug_macro   0x0000000000033e18      0x5a0 ./Core/Src/GZP6859D.o
 .debug_macro   0x00000000000343b8       0x16 ./Core/Src/GZP6859D.o
 .debug_macro   0x00000000000343ce       0x35 ./Core/Src/GZP6859D.o
 .debug_macro   0x0000000000034403       0x16 ./Core/Src/GZP6859D.o
 .debug_macro   0x0000000000034419       0x29 ./Core/Src/GZP6859D.o
 .debug_macro   0x0000000000034442       0x3a ./Core/Src/GZP6859D.o
 .debug_macro   0x000000000003447c      0x336 ./Core/Src/freertos.o
 .debug_macro   0x00000000000347b2       0xf1 ./Core/Src/freertos.o
 .debug_macro   0x00000000000348a3      0x15a ./Core/Src/freertos.o
 .debug_macro   0x00000000000349fd       0xde ./Core/Src/freertos.o
 .debug_macro   0x0000000000034adb       0x1c ./Core/Src/freertos.o
 .debug_macro   0x0000000000034af7       0x26 ./Core/Src/freertos.o
 .debug_macro   0x0000000000034b1d       0x10 ./Core/Src/freertos.o
 .debug_macro   0x0000000000034b2d      0x4fe ./Core/Src/freertos.o
 .debug_macro   0x000000000003502b       0xb5 ./Core/Src/freertos.o
 .debug_macro   0x00000000000350e0       0xaa ./Core/Src/freertos.o
 .debug_macro   0x000000000003518a      0x10c ./Core/Src/freertos.o
 .debug_macro   0x0000000000035296      0x3c4 ./Core/Src/main.o
 .debug_macro   0x000000000003565a       0xf1 ./Core/Src/main.o
 .debug_macro   0x000000000003574b       0x16 ./Core/Src/main.o
 .debug_macro   0x0000000000035761       0x91 ./Core/Src/main.o
 .debug_macro   0x00000000000357f2       0x8d ./Core/Src/main.o
 .debug_macro   0x000000000003587f       0x7e ./Core/Src/main.o
 .debug_macro   0x00000000000358fd       0x19 ./Core/Src/main.o
 .debug_macro   0x0000000000035916       0xf2 ./Core/Src/main.o
 .debug_macro   0x0000000000035a08      0x2b6 ./Core/Src/stm32h7xx_hal_msp.o
 .debug_macro   0x0000000000035cbe      0x2a7 ./Core/Src/stm32h7xx_hal_timebase_tim.o
 .debug_macro   0x0000000000035f65      0x2c0 ./Core/Src/stm32h7xx_it.o
 .debug_macro   0x0000000000036225      0x2a7 ./Core/Src/system_stm32h7xx.o
 .debug_macro   0x00000000000364cc      0x2d1 ./Drivers/STM32H7xx_HAL_Driver/Src/stm32h7xx_hal.o
 .debug_macro   0x000000000003679d      0x2a7 ./Drivers/STM32H7xx_HAL_Driver/Src/stm32h7xx_hal_cortex.o
 .debug_macro   0x0000000000036a44      0x2ae ./Drivers/STM32H7xx_HAL_Driver/Src/stm32h7xx_hal_gpio.o
 .debug_macro   0x0000000000036cf2      0x373 ./Drivers/STM32H7xx_HAL_Driver/Src/stm32h7xx_hal_i2c.o
 .debug_macro   0x0000000000037065      0x2a7 ./Drivers/STM32H7xx_HAL_Driver/Src/stm32h7xx_hal_i2c_ex.o
 .debug_macro   0x000000000003730c      0x2e0 ./Drivers/STM32H7xx_HAL_Driver/Src/stm32h7xx_hal_pwr_ex.o
 .debug_macro   0x00000000000375ec      0x2cb ./Drivers/STM32H7xx_HAL_Driver/Src/stm32h7xx_hal_rcc.o
 .debug_macro   0x00000000000378b7      0x2c5 ./Drivers/STM32H7xx_HAL_Driver/Src/stm32h7xx_hal_rcc_ex.o
 .debug_macro   0x0000000000037b7c      0x2a8 ./Drivers/STM32H7xx_HAL_Driver/Src/stm32h7xx_hal_tim.o
 .debug_macro   0x0000000000037e24      0x2a7 ./Drivers/STM32H7xx_HAL_Driver/Src/stm32h7xx_hal_tim_ex.o
 .debug_macro   0x00000000000380cb      0x2d2 ./Drivers/STM32H7xx_HAL_Driver/Src/stm32h7xx_hal_uart.o
 .debug_macro   0x000000000003839d      0x2b3 ./Drivers/STM32H7xx_HAL_Driver/Src/stm32h7xx_hal_uart_ex.o
 .debug_macro   0x0000000000038650      0x210 ./Middlewares/Third_Party/FreeRTOS/Source/CMSIS_RTOS/cmsis_os.o
 .debug_macro   0x0000000000038860       0x10 ./Middlewares/Third_Party/FreeRTOS/Source/CMSIS_RTOS/cmsis_os.o
 .debug_macro   0x0000000000038870       0x20 ./Middlewares/Third_Party/FreeRTOS/Source/CMSIS_RTOS/cmsis_os.o
 .debug_macro   0x0000000000038890       0xe9 ./Middlewares/Third_Party/FreeRTOS/Source/CMSIS_RTOS/cmsis_os.o
 .debug_macro   0x0000000000038979      0x199 ./Middlewares/Third_Party/FreeRTOS/Source/list.o
 .debug_macro   0x0000000000038b12      0x28b ./Middlewares/Third_Party/FreeRTOS/Source/tasks.o
 .debug_macro   0x0000000000038d9d       0x10 ./Middlewares/Third_Party/FreeRTOS/Source/tasks.o
 .debug_macro   0x0000000000038dad      0x233 ./Middlewares/Third_Party/FreeRTOS/Source/portable/GCC/ARM_CM4F/port.o
 .debug_macro   0x0000000000038fe0      0x1c0 ./Middlewares/Third_Party/FreeRTOS/Source/portable/MemMang/heap_4.o

.debug_line     0x0000000000000000    0x1e428
 .debug_line    0x0000000000000000      0x961 ./Core/Src/GZP6859D.o
 .debug_line    0x0000000000000961      0x95f ./Core/Src/freertos.o
 .debug_line    0x00000000000012c0      0xcf8 ./Core/Src/main.o
 .debug_line    0x0000000000001fb8      0x959 ./Core/Src/stm32h7xx_hal_msp.o
 .debug_line    0x0000000000002911      0x8bd ./Core/Src/stm32h7xx_hal_timebase_tim.o
 .debug_line    0x00000000000031ce      0x8f2 ./Core/Src/stm32h7xx_it.o
 .debug_line    0x0000000000003ac0      0xa05 ./Core/Src/system_stm32h7xx.o
 .debug_line    0x00000000000044c5       0x88 ./Core/Startup/startup_stm32h743zitx.o
 .debug_line    0x000000000000454d      0xe03 ./Drivers/STM32H7xx_HAL_Driver/Src/stm32h7xx_hal.o
 .debug_line    0x0000000000005350      0xe37 ./Drivers/STM32H7xx_HAL_Driver/Src/stm32h7xx_hal_cortex.o
 .debug_line    0x0000000000006187      0xcc6 ./Drivers/STM32H7xx_HAL_Driver/Src/stm32h7xx_hal_gpio.o
 .debug_line    0x0000000000006e4d     0x3dbf ./Drivers/STM32H7xx_HAL_Driver/Src/stm32h7xx_hal_i2c.o
 .debug_line    0x000000000000ac0c      0xa73 ./Drivers/STM32H7xx_HAL_Driver/Src/stm32h7xx_hal_i2c_ex.o
 .debug_line    0x000000000000b67f      0xf29 ./Drivers/STM32H7xx_HAL_Driver/Src/stm32h7xx_hal_pwr_ex.o
 .debug_line    0x000000000000c5a8     0x13d3 ./Drivers/STM32H7xx_HAL_Driver/Src/stm32h7xx_hal_rcc.o
 .debug_line    0x000000000000d97b     0x1ca1 ./Drivers/STM32H7xx_HAL_Driver/Src/stm32h7xx_hal_rcc_ex.o
 .debug_line    0x000000000000f61c     0x3f17 ./Drivers/STM32H7xx_HAL_Driver/Src/stm32h7xx_hal_tim.o
 .debug_line    0x0000000000013533     0x1d9d ./Drivers/STM32H7xx_HAL_Driver/Src/stm32h7xx_hal_tim_ex.o
 .debug_line    0x00000000000152d0     0x3e70 ./Drivers/STM32H7xx_HAL_Driver/Src/stm32h7xx_hal_uart.o
 .debug_line    0x0000000000019140      0xea1 ./Drivers/STM32H7xx_HAL_Driver/Src/stm32h7xx_hal_uart_ex.o
 .debug_line    0x0000000000019fe1     0x11d7 ./Middlewares/Third_Party/FreeRTOS/Source/CMSIS_RTOS/cmsis_os.o
 .debug_line    0x000000000001b1b8      0x712 ./Middlewares/Third_Party/FreeRTOS/Source/list.o
 .debug_line    0x000000000001b8ca     0x1949 ./Middlewares/Third_Party/FreeRTOS/Source/tasks.o
 .debug_line    0x000000000001d213      0x8d9 ./Middlewares/Third_Party/FreeRTOS/Source/portable/GCC/ARM_CM4F/port.o
 .debug_line    0x000000000001daec      0x93c ./Middlewares/Third_Party/FreeRTOS/Source/portable/MemMang/heap_4.o

.debug_str      0x0000000000000000   0x16bab5
 .debug_str     0x0000000000000000   0x15c0c3 ./Core/Src/GZP6859D.o
                                     0x15c592 (size before relaxing)
 .debug_str     0x000000000015c0c3     0x4669 ./Core/Src/freertos.o
                                     0x16042f (size before relaxing)
 .debug_str     0x000000000016072c     0x306a ./Core/Src/main.o
                                     0x163c6e (size before relaxing)
 .debug_str     0x0000000000163796      0xb79 ./Core/Src/stm32h7xx_hal_msp.o
                                     0x15d8aa (size before relaxing)
 .debug_str     0x000000000016430f      0x10a ./Core/Src/stm32h7xx_hal_timebase_tim.o
                                     0x15cf88 (size before relaxing)
 .debug_str     0x0000000000164419       0xa5 ./Core/Src/stm32h7xx_it.o
                                     0x15c86b (size before relaxing)
 .debug_str     0x00000000001644be      0x344 ./Core/Src/system_stm32h7xx.o
                                     0x15c2bd (size before relaxing)
 .debug_str     0x0000000000164802       0x36 ./Core/Startup/startup_stm32h743zitx.o
                                         0x93 (size before relaxing)
 .debug_str     0x0000000000164838      0x7b5 ./Drivers/STM32H7xx_HAL_Driver/Src/stm32h7xx_hal.o
                                     0x15d1d3 (size before relaxing)
 .debug_str     0x0000000000164fed      0x36f ./Drivers/STM32H7xx_HAL_Driver/Src/stm32h7xx_hal_cortex.o
                                     0x15cc0e (size before relaxing)
 .debug_str     0x000000000016535c       0xec ./Drivers/STM32H7xx_HAL_Driver/Src/stm32h7xx_hal_gpio.o
                                     0x15c274 (size before relaxing)
 .debug_str     0x0000000000165448      0xe2d ./Drivers/STM32H7xx_HAL_Driver/Src/stm32h7xx_hal_i2c.o
                                     0x15d30c (size before relaxing)
 .debug_str     0x0000000000166275       0xb8 ./Drivers/STM32H7xx_HAL_Driver/Src/stm32h7xx_hal_i2c_ex.o
                                     0x15c6b9 (size before relaxing)
 .debug_str     0x000000000016632d      0x63b ./Drivers/STM32H7xx_HAL_Driver/Src/stm32h7xx_hal_pwr_ex.o
                                     0x15c735 (size before relaxing)
 .debug_str     0x0000000000166968      0x1f8 ./Drivers/STM32H7xx_HAL_Driver/Src/stm32h7xx_hal_rcc.o
                                     0x15c658 (size before relaxing)
 .debug_str     0x0000000000166b60      0x639 ./Drivers/STM32H7xx_HAL_Driver/Src/stm32h7xx_hal_rcc_ex.o
                                     0x15cb39 (size before relaxing)
 .debug_str     0x0000000000167199      0xe70 ./Drivers/STM32H7xx_HAL_Driver/Src/stm32h7xx_hal_tim.o
                                     0x15d3f7 (size before relaxing)
 .debug_str     0x0000000000168009      0x615 ./Drivers/STM32H7xx_HAL_Driver/Src/stm32h7xx_hal_tim_ex.o
                                     0x15cd1f (size before relaxing)
 .debug_str     0x000000000016861e      0x9c5 ./Drivers/STM32H7xx_HAL_Driver/Src/stm32h7xx_hal_uart.o
                                     0x15d199 (size before relaxing)
 .debug_str     0x0000000000168fe3      0x266 ./Drivers/STM32H7xx_HAL_Driver/Src/stm32h7xx_hal_uart_ex.o
                                     0x15c759 (size before relaxing)
 .debug_str     0x0000000000169249      0xb0d ./Middlewares/Third_Party/FreeRTOS/Source/CMSIS_RTOS/cmsis_os.o
                                       0xe83a (size before relaxing)
 .debug_str     0x0000000000169d56      0x12d ./Middlewares/Third_Party/FreeRTOS/Source/list.o
                                       0xa71d (size before relaxing)
 .debug_str     0x0000000000169e83     0x1182 ./Middlewares/Third_Party/FreeRTOS/Source/tasks.o
                                       0xce55 (size before relaxing)
 .debug_str     0x000000000016b005      0x783 ./Middlewares/Third_Party/FreeRTOS/Source/portable/GCC/ARM_CM4F/port.o
                                       0xa037 (size before relaxing)
 .debug_str     0x000000000016b788      0x32d ./Middlewares/Third_Party/FreeRTOS/Source/portable/MemMang/heap_4.o
                                       0xb05f (size before relaxing)

.comment        0x0000000000000000       0x50
 .comment       0x0000000000000000       0x50 ./Core/Src/GZP6859D.o
                                         0x51 (size before relaxing)
 .comment       0x0000000000000050       0x51 ./Core/Src/freertos.o
 .comment       0x0000000000000050       0x51 ./Core/Src/main.o
 .comment       0x0000000000000050       0x51 ./Core/Src/stm32h7xx_hal_msp.o