Archive member included to satisfy reference by file (symbol)

c:/st/stm32cubeide_1.12.0/stm32cubeide/plugins/com.st.stm32cube.ide.mcu.externaltools.gnu-tools-for-stm32.10.3-2021.10.win32_1.0.200.202301161003/tools/bin/../lib/gcc/arm-none-eabi/10.3.1/../../../../arm-none-eabi/lib/thumb/v7e-m+dp/hard\libc_nano.a(lib_a-errno.o)
                              ./Core/Src/syscalls.o (__errno)
c:/st/stm32cubeide_1.12.0/stm32cubeide/plugins/com.st.stm32cube.ide.mcu.externaltools.gnu-tools-for-stm32.10.3-2021.10.win32_1.0.200.202301161003/tools/bin/../lib/gcc/arm-none-eabi/10.3.1/../../../../arm-none-eabi/lib/thumb/v7e-m+dp/hard\libc_nano.a(lib_a-exit.o)
                              c:/st/stm32cubeide_1.12.0/stm32cubeide/plugins/com.st.stm32cube.ide.mcu.externaltools.gnu-tools-for-stm32.10.3-2021.10.win32_1.0.200.202301161003/tools/bin/../lib/gcc/arm-none-eabi/10.3.1/../../../../arm-none-eabi/lib/thumb/v7e-m+dp/hard/crt0.o (exit)
c:/st/stm32cubeide_1.12.0/stm32cubeide/plugins/com.st.stm32cube.ide.mcu.externaltools.gnu-tools-for-stm32.10.3-2021.10.win32_1.0.200.202301161003/tools/bin/../lib/gcc/arm-none-eabi/10.3.1/../../../../arm-none-eabi/lib/thumb/v7e-m+dp/hard\libc_nano.a(lib_a-findfp.o)
                              ./Middlewares/Third_Party/FreeRTOS/Source/tasks.o (__sf_fake_stderr)
c:/st/stm32cubeide_1.12.0/stm32cubeide/plugins/com.st.stm32cube.ide.mcu.externaltools.gnu-tools-for-stm32.10.3-2021.10.win32_1.0.200.202301161003/tools/bin/../lib/gcc/arm-none-eabi/10.3.1/../../../../arm-none-eabi/lib/thumb/v7e-m+dp/hard\libc_nano.a(lib_a-fwalk.o)
                              c:/st/stm32cubeide_1.12.0/stm32cubeide/plugins/com.st.stm32cube.ide.mcu.externaltools.gnu-tools-for-stm32.10.3-2021.10.win32_1.0.200.202301161003/tools/bin/../lib/gcc/arm-none-eabi/10.3.1/../../../../arm-none-eabi/lib/thumb/v7e-m+dp/hard\libc_nano.a(lib_a-findfp.o) (_fwalk)
c:/st/stm32cubeide_1.12.0/stm32cubeide/plugins/com.st.stm32cube.ide.mcu.externaltools.gnu-tools-for-stm32.10.3-2021.10.win32_1.0.200.202301161003/tools/bin/../lib/gcc/arm-none-eabi/10.3.1/../../../../arm-none-eabi/lib/thumb/v7e-m+dp/hard\libc_nano.a(lib_a-impure.o)
                              c:/st/stm32cubeide_1.12.0/stm32cubeide/plugins/com.st.stm32cube.ide.mcu.externaltools.gnu-tools-for-stm32.10.3-2021.10.win32_1.0.200.202301161003/tools/bin/../lib/gcc/arm-none-eabi/10.3.1/../../../../arm-none-eabi/lib/thumb/v7e-m+dp/hard\libc_nano.a(lib_a-exit.o) (_global_impure_ptr)
c:/st/stm32cubeide_1.12.0/stm32cubeide/plugins/com.st.stm32cube.ide.mcu.externaltools.gnu-tools-for-stm32.10.3-2021.10.win32_1.0.200.202301161003/tools/bin/../lib/gcc/arm-none-eabi/10.3.1/../../../../arm-none-eabi/lib/thumb/v7e-m+dp/hard\libc_nano.a(lib_a-init.o)
                              c:/st/stm32cubeide_1.12.0/stm32cubeide/plugins/com.st.stm32cube.ide.mcu.externaltools.gnu-tools-for-stm32.10.3-2021.10.win32_1.0.200.202301161003/tools/bin/../lib/gcc/arm-none-eabi/10.3.1/../../../../arm-none-eabi/lib/thumb/v7e-m+dp/hard/crt0.o (__libc_init_array)
c:/st/stm32cubeide_1.12.0/stm32cubeide/plugins/com.st.stm32cube.ide.mcu.externaltools.gnu-tools-for-stm32.10.3-2021.10.win32_1.0.200.202301161003/tools/bin/../lib/gcc/arm-none-eabi/10.3.1/../../../../arm-none-eabi/lib/thumb/v7e-m+dp/hard\libc_nano.a(lib_a-lock.o)
                              c:/st/stm32cubeide_1.12.0/stm32cubeide/plugins/com.st.stm32cube.ide.mcu.externaltools.gnu-tools-for-stm32.10.3-2021.10.win32_1.0.200.202301161003/tools/bin/../lib/gcc/arm-none-eabi/10.3.1/../../../../arm-none-eabi/lib/thumb/v7e-m+dp/hard\libc_nano.a(lib_a-findfp.o) (__retarget_lock_init_recursive)
c:/st/stm32cubeide_1.12.0/stm32cubeide/plugins/com.st.stm32cube.ide.mcu.externaltools.gnu-tools-for-stm32.10.3-2021.10.win32_1.0.200.202301161003/tools/bin/../lib/gcc/arm-none-eabi/10.3.1/../../../../arm-none-eabi/lib/thumb/v7e-m+dp/hard\libc_nano.a(lib_a-malloc.o)
                              ./Core/Src/BMP388.o (malloc)
c:/st/stm32cubeide_1.12.0/stm32cubeide/plugins/com.st.stm32cube.ide.mcu.externaltools.gnu-tools-for-stm32.10.3-2021.10.win32_1.0.200.202301161003/tools/bin/../lib/gcc/arm-none-eabi/10.3.1/../../../../arm-none-eabi/lib/thumb/v7e-m+dp/hard\libc_nano.a(lib_a-memcpy-stub.o)
                              ./Middlewares/Third_Party/FreeRTOS/Source/queue.o (memcpy)
c:/st/stm32cubeide_1.12.0/stm32cubeide/plugins/com.st.stm32cube.ide.mcu.externaltools.gnu-tools-for-stm32.10.3-2021.10.win32_1.0.200.202301161003/tools/bin/../lib/gcc/arm-none-eabi/10.3.1/../../../../arm-none-eabi/lib/thumb/v7e-m+dp/hard\libc_nano.a(lib_a-memset.o)
                              c:/st/stm32cubeide_1.12.0/stm32cubeide/plugins/com.st.stm32cube.ide.mcu.externaltools.gnu-tools-for-stm32.10.3-2021.10.win32_1.0.200.202301161003/tools/bin/../lib/gcc/arm-none-eabi/10.3.1/../../../../arm-none-eabi/lib/thumb/v7e-m+dp/hard/crt0.o (memset)
[...]
Memory Configuration

Name             Origin             Length             Attributes
FLASH            0x0000000008000000 0x0000000000200000 xr
DTCMRAM          0x0000000020000000 0x0000000000020000 xrw
RAM_D1           0x0000000024000000 0x0000000000080000 xrw
RAM_D2           0x0000000030000000 0x0000000000048000 xrw
RAM_D3           0x0000000038000000 0x0000000000010000 xrw
ITCMRAM          0x0000000000000000 0x0000000000010000 xrw
*default*        0x0000000000000000 0xffffffffffffffff

Linker script and memory map

LOAD c:/st/stm32cubeide_1.12.0/stm32cubeide/plugins/com.st.stm32cube.ide.mcu.externaltools.gnu-tools-for-stm32.10.3-2021.10.win32_1.0.200.202301161003/tools/bin/../lib/gcc/arm-none-eabi/10.3.1/thumb/v7e-m+dp/hard/crti.o
LOAD c:/st/stm32cubeide_1.12.0/stm32cubeide/plugins/com.st.stm32cube.ide.mcu.externaltools.gnu-tools-for-stm32.10.3-2021.10.win32_1.0.200.202301161003/tools/bin/../lib/gcc/arm-none-eabi/10.3.1/thumb/v7e-m+dp/hard/crtbegin.o
LOAD c:/st/stm32cubeide_1.12.0/stm32cubeide/plugins/com.st.stm32cube.ide.mcu.externaltools.gnu-tools-for-stm32.10.3-2021.10.win32_1.0.200.202301161003/tools/bin/../lib/gcc/arm-none-eabi/10.3.1/../../../../arm-none-eabi/lib/thumb/v7e-m+dp/hard/crt0.o
LOAD ./Core/Src/BMP388.o
LOAD ./Core/Src/GZP6859D.o
LOAD ./Core/Src/freertos.o
LOAD ./Core/Src/main.o
LOAD ./Core/Src/stm32h7xx_hal_msp.o
LOAD ./Core/Src/stm32h7xx_hal_timebase_tim.o
LOAD ./Core/Src/stm32h7xx_it.o
LOAD ./Core/Src/syscalls.o
LOAD ./Core/Src/sysmem.o
LOAD ./Core/Src/system_stm32h7xx.o
LOAD ./Core/Startup/startup_stm32h743zitx.o
LOAD ./Drivers/STM32H7xx_HAL_Driver/Src/stm32h7xx_hal.o
LOAD ./Drivers/STM32H7xx_HAL_Driver/Src/stm32h7xx_hal_cortex.o
LOAD ./Drivers/STM32H7xx_HAL_Driver/Src/stm32h7xx_hal_dma.o
LOAD ./Drivers/STM32H7xx_HAL_Driver/Src/stm32h7xx_hal_dma_ex.o
LOAD ./Drivers/STM32H7xx_HAL_Driver/Src/stm32h7xx_hal_exti.o
LOAD ./Drivers/STM32H7xx_HAL_Driver/Src/stm32h7xx_hal_flash.o
LOAD ./Drivers/STM32H7xx_HAL_Driver/Src/stm32h7xx_hal_flash_ex.o
LOAD ./Drivers/STM32H7xx_HAL_Driver/Src/stm32h7xx_hal_gpio.o
LOAD ./Drivers/STM32H7xx_HAL_Driver/Src/stm32h7xx_hal_hsem.o
LOAD ./Drivers/STM32H7xx_HAL_Driver/Src/stm32h7xx_hal_i2c.o
LOAD ./Drivers/STM32H7xx_HAL_Driver/Src/stm32h7xx_hal_i2c_ex.o
LOAD ./Drivers/STM32H7xx_HAL_Driver/Src/stm32h7xx_hal_mdma.o
LOAD ./Drivers/STM32H7xx_HAL_Driver/Src/stm32h7xx_hal_pwr.o
LOAD ./Drivers/STM32H7xx_HAL_Driver/Src/stm32h7xx_hal_pwr_ex.o
LOAD ./Drivers/STM32H7xx_HAL_Driver/Src/stm32h7xx_hal_rcc.o
LOAD ./Drivers/STM32H7xx_HAL_Driver/Src/stm32h7xx_hal_rcc_ex.o
LOAD ./Drivers/STM32H7xx_HAL_Driver/Src/stm32h7xx_hal_tim.o
LOAD ./Drivers/STM32H7xx_HAL_Driver/Src/stm32h7xx_hal_tim_ex.o
LOAD ./Drivers/STM32H7xx_HAL_Driver/Src/stm32h7xx_hal_uart.o
LOAD ./Drivers/STM32H7xx_HAL_Driver/Src/stm32h7xx_hal_uart_ex.o
LOAD ./Middlewares/Third_Party/FreeRTOS/Source/CMSIS_RTOS/cmsis_os.o
LOAD ./Middlewares/Third_Party/FreeRTOS/Source/croutine.o
LOAD ./Middlewares/Third_Party/FreeRTOS/Source/event_groups.o
LOAD ./Middlewares/Third_Party/FreeRTOS/Source/list.o
LOAD ./Middlewares/Third_Party/FreeRTOS/Source/queue.o
LOAD ./Middlewares/Third_Party/FreeRTOS/Source/stream_buffer.o
LOAD ./Middlewares/Third_Party/FreeRTOS/Source/tasks.o
LOAD ./Middlewares/Third_Party/FreeRTOS/Source/timers.o
LOAD ./Middlewares/Third_Party/FreeRTOS/Source/portable/GCC/ARM_CM4F/port.o
LOAD ./Middlewares/Third_Party/FreeRTOS/Source/portable/MemMang/heap_4.o
START GROUP
LOAD c:/st/stm32cubeide_1.12.0/stm32cubeide/plugins/com.st.stm32cube.ide.mcu.externaltools.gnu-tools-for-stm32.10.3-2021.10.win32_1.0.200.202301161003/tools/bin/../lib/gcc/arm-none-eabi/10.3.1/../../../../arm-none-eabi/lib/thumb/v7e-m+dp/hard\libc_nano.a
LOAD c:/st/stm32cubeide_1.12.0/stm32cubeide/plugins/com.st.stm32cube.ide.mcu.externaltools.gnu-tools-for-stm32.10.3-2021.10.win32_1.0.200.202301161003/tools/bin/../lib/gcc/arm-none-eabi/10.3.1/../../../../arm-none-eabi/lib/thumb/v7e-m+dp/hard\libm.a
END GROUP
START GROUP
LOAD c:/st/stm32cubeide_1.12.0/stm32cubeide/plugins/com.st.stm32cube.ide.mcu.externaltools.gnu-tools-for-stm32.10.3-2021.10.win32_1.0.200.202301161003/tools/bin/../lib/gcc/arm-none-eabi/10.3.1/thumb/v7e-m+dp/hard\libgcc.a
LOAD c:/st/stm32cubeide_1.12.0/stm32cubeide/plugins/com.st.stm32cube.ide.mcu.externaltools.gnu-tools-for-stm32.10.3-2021.10.win32_1.0.200.202301161003/tools/bin/../lib/gcc/arm-none-eabi/10.3.1/../../../../arm-none-eabi/lib/thumb/v7e-m+dp/hard\libc_nano.a
END GROUP
START GROUP
LOAD c:/st/stm32cubeide_1.12.0/stm32cubeide/plugins/com.st.stm32cube.ide.mcu.externaltools.gnu-tools-for-stm32.10.3-2021.10.win32_1.0.200.202301161003/tools/bin/../lib/gcc/arm-none-eabi/10.3.1/thumb/v7e-m+dp/hard\libgcc.a
LOAD c:/st/stm32cubeide_1.12.0/stm32cubeide/plugins/com.st.stm32cube.ide.mcu.externaltools.gnu-tools-for-stm32.10.3-2021.10.win32_1.0.200.202301161003/tools/bin/../lib/gcc/arm-none-eabi/10.3.1/../../../../arm-none-eabi/lib/thumb/v7e-m+dp/hard\libc_nano.a
LOAD c:/st/stm32cubeide_1.12.0/stm32cubeide/plugins/com.st.stm32cube.ide.mcu.externaltools.gnu-tools-for-stm32.10.3-2021.10.win32_1.0.200.202301161003/tools/bin/../lib/gcc/arm-none-eabi/10.3.1/../../../../arm-none-eabi/lib/thumb/v7e-m+dp/hard\libnosys.a
END GROUP
START GROUP
LOAD c:/st/stm32cubeide_1.12.0/stm32cubeide/plugins/com.st.stm32cube.ide.mcu.externaltools.gnu-tools-for-stm32.10.3-2021.10.win32_1.0.200.202301161003/tools/bin/../lib/gcc/arm-none-eabi/10.3.1/thumb/v7e-m+dp/hard\libgcc.a
LOAD c:/st/stm32cubeide_1.12.0/stm32cubeide/plugins/com.st.stm32cube.ide.mcu.externaltools.gnu-tools-for-stm32.10.3-2021.10.win32_1.0.200.202301161003/tools/bin/../lib/gcc/arm-none-eabi/10.3.1/../../../../arm-none-eabi/lib/thumb/v7e-m+dp/hard\libc_nano.a
LOAD c:/st/stm32cubeide_1.12.0/stm32cubeide/plugins/com.st.stm32cube.ide.mcu.externaltools.gnu-tools-for-stm32.10.3-2021.10.win32_1.0.200.202301161003/tools/bin/../lib/gcc/arm-none-eabi/10.3.1/../../../../arm-none-eabi/lib/thumb/v7e-m+dp/hard\libnosys.a
END GROUP
LOAD c:/st/stm32cubeide_1.12.0/stm32cubeide/plugins/com.st.stm32cube.ide.mcu.externaltools.gnu-tools-for-stm32.10.3-2021.10.win32_1.0.200.202301161003/tools/bin/../lib/gcc/arm-none-eabi/10.3.1/thumb/v7e-m+dp/hard/crtend.o
LOAD c:/st/stm32cubeide_1.12.0/stm32cubeide/plugins/com.st.stm32cube.ide.mcu.externaltools.gnu-tools-for-stm32.10.3-2021.10.win32_1.0.200.202301161003/tools/bin/../lib/gcc/arm-none-eabi/10.3.1/thumb/v7e-m+dp/hard/crtn.o
                0x0000000024080000                _estack = (ORIGIN (RAM_D1) + LENGTH (RAM_D1))
                0x0000000000000200                _Min_Heap_Size = 0x200
                0x0000000000000400                _Min_Stack_Size = 0x400

.isr_vector     0x0000000008000000      0x298
                0x0000000008000000                . = ALIGN (0x4)
 *(.isr_vector)
 .isr_vector    0x0000000008000000      0x298 ./Core/Startup/startup_stm32h743zitx.o
                0x0000000008000000                g_pfnVectors
                0x0000000008000298                . = ALIGN (0x4)

.text           0x00000000080002a0     0x8528
                0x00000000080002a0                . = ALIGN (0x4)
 *(.text)
 .text          0x00000000080002a0       0x40 c:/st/stm32cubeide_1.12.0/stm32cubeide/plugins/com.st.stm32cube.ide.mcu.externaltools.gnu-tools-for-stm32.10.3-2021.10.win32_1.0.200.202301161003/tools/bin/../lib/gcc/arm-none-eabi/10.3.1/thumb/v7e-m+dp/hard/crtbegin.o
 .text          0x00000000080002e0       0x30 c:/st/stm32cubeide_1.12.0/stm32cubeide/plugins/com.st.stm32cube.ide.mcu.externaltools.gnu-tools-for-stm32.10.3-2021.10.win32_1.0.200.202301161003/tools/bin/../lib/gcc/arm-none-eabi/10.3.1/thumb/v7e-m+dp/hard\libgcc.a(_aeabi_uldivmod.o)
                0x00000000080002e0                __aeabi_uldivmod
 .text          0x0000000008000310      0x2d0 c:/st/stm32cubeide_1.12.0/stm32cubeide/plugins/com.st.stm32cube.ide.mcu.externaltools.gnu-tools-for-stm32.10.3-2021.10.win32_1.0.200.202301161003/tools/bin/../lib/gcc/arm-none-eabi/10.3.1/thumb/v7e-m+dp/hard\libgcc.a(_udivmoddi4.o)
                0x0000000008000310                __udivmoddi4
 .text          0x00000000080005e0        0x4 c:/st/stm32cubeide_1.12.0/stm32cubeide/plugins/com.st.stm32cube.ide.mcu.externaltools.gnu-tools-for-stm32.10.3-2021.10.win32_1.0.200.202301161003/tools/bin/../lib/gcc/arm-none-eabi/10.3.1/thumb/v7e-m+dp/hard\libgcc.a(_dvmd_tls.o)
                0x00000000080005e0                __aeabi_idiv0
                0x00000000080005e0                __aeabi_ldiv0
 *(.text*)
 .text.fill_calibration_params
                0x00000000080005e4      0x126 ./Core/Src/BMP388.o
                0x00000000080005e4                fill_calibration_params
 *fill*         0x000000000800070a        0x6 
 .text.set_coeff
                0x0000000008000710      0x240 ./Core/Src/BMP388.o
                0x0000000008000710                set_coeff
 .text.get_compensated
                0x0000000008000950       0xc6 ./Core/Src/BMP388.o
                0x0000000008000950                get_compensated
 .text.get_pressure_compensated
                0x0000000008000a16      0x1d6 ./Core/Src/BMP388.o
                0x0000000008000a16                get_pressure_compensated
 .text.calibrate_sensor
                0x0000000008000bec       0x4a ./Core/Src/BMP388.o
                0x0000000008000bec                calibrate_sensor
 .text.configure_sensor
                0x0000000008000c36       0xd6 ./Core/Src/BMP388.o
                0x0000000008000c36                configure_sensor
 .text.BMP388_sensor_create
                0x0000000008000d0c       0x5c ./Core/Src/BMP388.o
                0x0000000008000d0c                BMP388_sensor_create
 .text.vApplicationGetIdleTaskMemory
                0x0000000008000d68       0x34 ./Core/Src/freertos.o
                0x0000000008000d68                vApplicationGetIdleTaskMemory
 .text.main     0x0000000008000d9c       0x50 ./Core/Src/main.o
                0x0000000008000d9c                main
 .text.SystemClock_Config
                0x0000000008000dec       0xf4 ./Core/Src/main.o
                0x0000000008000dec                SystemClock_Config
 .text.MX_I2C4_Init
                0x0000000008000ee0       0x80 ./Core/Src/main.o
 .text.MX_USART1_UART_Init
                0x0000000008000f60       0x98 ./Core/Src/main.o
 .text.MX_USART3_UART_Init
                0x0000000008000ff8       0x98 ./Core/Src/main.o
 .text.MX_GPIO_Init
                0x0000000008001090      0x20c ./Core/Src/main.o
 .text.BMP388_Entry
                0x000000000800129c       0x3c ./Core/Src/main.o
                0x000000000800129c                BMP388_Entry
 .text.HAL_TIM_PeriodElapsedCallback
                0x00000000080012d8       0x24 ./Core/Src/main.o
                0x00000000080012d8                HAL_TIM_PeriodElapsedCallback
 .text.Error_Handler
                0x00000000080012fc        0xa ./Core/Src/main.o
                0x00000000080012fc                Error_Handler
 *fill*         0x0000000008001306        0x2 
 .text.HAL_MspInit
                0x0000000008001308       0x3c ./Core/Src/stm32h7xx_hal_msp.o
                0x0000000008001308                HAL_MspInit
 .text.HAL_I2C_MspInit
                0x0000000008001344       0xd4 ./Core/Src/stm32h7xx_hal_msp.o
                0x0000000008001344                HAL_I2C_MspInit
 .text.HAL_UART_MspInit
                0x0000000008001418      0x170 ./Core/Src/stm32h7xx_hal_msp.o
                0x0000000008001418                HAL_UART_MspInit
 .text.HAL_InitTick
                0x0000000008001588       0xc0 ./Core/Src/stm32h7xx_hal_timebase_tim.o
                0x0000000008001588                HAL_InitTick
 .text.NMI_Handler
                0x0000000008001648        0x6 ./Core/Src/stm32h7xx_it.o
                0x0000000008001648                NMI_Handler
 .text.HardFault_Handler
                0x000000000800164e        0x6 ./Core/Src/stm32h7xx_it.o
                0x000000000800164e                HardFault_Handler
 .text.MemManage_Handler
                0x0000000008001654        0x6 ./Core/Src/stm32h7xx_it.o
                0x0000000008001654                MemManage_Handler
 .text.BusFault_Handler
                0x000000000800165a        0x6 ./Core/Src/stm32h7xx_it.o
                0x000000000800165a                BusFault_Handler
 .text.UsageFault_Handler
                0x0000000008001660        0x6 ./Core/Src/stm32h7xx_it.o
                0x0000000008001660                UsageFault_Handler
 .text.DebugMon_Handler
                0x0000000008001666        0xe ./Core/Src/stm32h7xx_it.o
                0x0000000008001666                DebugMon_Handler
 .text.TIM1_UP_IRQHandler
                0x0000000008001674       0x14 ./Core/Src/stm32h7xx_it.o
                0x0000000008001674                TIM1_UP_IRQHandler
 .text._sbrk    0x0000000008001688       0x6c ./Core/Src/sysmem.o
                0x0000000008001688                _sbrk
 .text.SystemInit
                0x00000000080016f4      0x110 ./Core/Src/system_stm32h7xx.o
                0x00000000080016f4                SystemInit
 .text.Reset_Handler
                0x0000000008001804       0x50 ./Core/Startup/startup_stm32h743zitx.o
                0x0000000008001804                Reset_Handler
 .text.Default_Handler
                0x0000000008001854        0x2 ./Core/Startup/startup_stm32h743zitx.o
                0x0000000008001854                RTC_Alarm_IRQHandler
                0x0000000008001854                EXTI2_IRQHandler
                0x0000000008001854                TIM8_CC_IRQHandler
                0x0000000008001854                HRTIM1_Master_IRQHandler
                0x0000000008001854                UART8_IRQHandler
                0x0000000008001854                SPI4_IRQHandler
                0x0000000008001854                TIM1_CC_IRQHandler
                0x0000000008001854                BDMA_Channel6_IRQHandler
                0x0000000008001854                DMA2_Stream5_IRQHandler
                0x0000000008001854                HRTIM1_FLT_IRQHandler
                0x0000000008001854                JPEG_IRQHandler
                0x0000000008001854                DMA1_Stream5_IRQHandler
                0x0000000008001854                BDMA_Channel1_IRQHandler
                0x0000000008001854                HRTIM1_TIMD_IRQHandler
                0x0000000008001854                TAMP_STAMP_IRQHandler
                0x0000000008001854                EXTI3_IRQHandler
                0x0000000008001854                LPTIM4_IRQHandler
                0x0000000008001854                TIM8_TRG_COM_TIM14_IRQHandler
                0x0000000008001854                LPTIM2_IRQHandler
                0x0000000008001854                DFSDM1_FLT1_IRQHandler
                0x0000000008001854                DMAMUX2_OVR_IRQHandler
                0x0000000008001854                TIM8_UP_TIM13_IRQHandler
                0x0000000008001854                I2C3_ER_IRQHandler
                0x0000000008001854                DFSDM1_FLT2_IRQHandler
                0x0000000008001854                MDMA_IRQHandler
                0x0000000008001854                LPTIM3_IRQHandler
                0x0000000008001854                HSEM1_IRQHandler
                0x0000000008001854                EXTI0_IRQHandler
                0x0000000008001854                I2C2_EV_IRQHandler
                0x0000000008001854                DMA1_Stream2_IRQHandler
                0x0000000008001854                FPU_IRQHandler
                0x0000000008001854                OTG_HS_WKUP_IRQHandler
                0x0000000008001854                FDCAN1_IT1_IRQHandler
                0x0000000008001854                LTDC_ER_IRQHandler
                0x0000000008001854                DMA2_Stream2_IRQHandler
                0x0000000008001854                HRTIM1_TIME_IRQHandler
                0x0000000008001854                SPI1_IRQHandler
                0x0000000008001854                TIM6_DAC_IRQHandler
                0x0000000008001854                DCMI_IRQHandler
                0x0000000008001854                HRTIM1_TIMC_IRQHandler
                0x0000000008001854                DMA2_Stream3_IRQHandler
                0x0000000008001854                SAI2_IRQHandler
                0x0000000008001854                DFSDM1_FLT3_IRQHandler
                0x0000000008001854                USART6_IRQHandler
                0x0000000008001854                TIM17_IRQHandler
                0x0000000008001854                USART3_IRQHandler
                0x0000000008001854                BDMA_Channel7_IRQHandler
                0x0000000008001854                LPTIM5_IRQHandler
                0x0000000008001854                UART5_IRQHandler
                0x0000000008001854                ADC3_IRQHandler
                0x0000000008001854                DMA2_Stream0_IRQHandler
                0x0000000008001854                TIM4_IRQHandler
                0x0000000008001854                BDMA_Channel2_IRQHandler
                0x0000000008001854                QUADSPI_IRQHandler
                0x0000000008001854                I2C1_EV_IRQHandler
                0x0000000008001854                DMA1_Stream6_IRQHandler
                0x0000000008001854                DMAMUX1_OVR_IRQHandler
                0x0000000008001854                DMA1_Stream1_IRQHandler
                0x0000000008001854                TIM16_IRQHandler
                0x0000000008001854                UART4_IRQHandler
                0x0000000008001854                BDMA_Channel5_IRQHandler
                0x0000000008001854                TIM3_IRQHandler
                0x0000000008001854                RCC_IRQHandler
                0x0000000008001854                TIM8_BRK_TIM12_IRQHandler
                0x0000000008001854                TIM1_TRG_COM_IRQHandler
                0x0000000008001854                Default_Handler
                0x0000000008001854                ECC_IRQHandler
                0x0000000008001854                CEC_IRQHandler
                0x0000000008001854                EXTI15_10_IRQHandler
                0x0000000008001854                BDMA_Channel0_IRQHandler
                0x0000000008001854                ADC_IRQHandler
                0x0000000008001854                DMA1_Stream7_IRQHandler
                0x0000000008001854                HRTIM1_TIMA_IRQHandler
                0x0000000008001854                SPI5_IRQHandler
                0x0000000008001854                TIM7_IRQHandler
                0x0000000008001854                SDMMC1_IRQHandler
                0x0000000008001854                TIM5_IRQHandler
                0x0000000008001854                DMA2_Stream7_IRQHandler
                0x0000000008001854                TIM15_IRQHandler
                0x0000000008001854                PVD_AVD_IRQHandler
                0x0000000008001854                I2C3_EV_IRQHandler
                0x0000000008001854                EXTI9_5_IRQHandler
                0x0000000008001854                RTC_WKUP_IRQHandler
                0x0000000008001854                LTDC_IRQHandler
                0x0000000008001854                SAI3_IRQHandler
                0x0000000008001854                ETH_WKUP_IRQHandler
                0x0000000008001854                SPDIF_RX_IRQHandler
                0x0000000008001854                SPI2_IRQHandler
                0x0000000008001854                OTG_HS_EP1_IN_IRQHandler
                0x0000000008001854                DMA1_Stream0_IRQHandler
                0x0000000008001854                CRS_IRQHandler
                0x0000000008001854                EXTI4_IRQHandler
                0x0000000008001854                RNG_IRQHandler
                0x0000000008001854                HRTIM1_TIMB_IRQHandler
                0x0000000008001854                FDCAN2_IT1_IRQHandler
                0x0000000008001854                ETH_IRQHandler
                0x0000000008001854                BDMA_Channel4_IRQHandler
                0x0000000008001854                OTG_HS_EP1_OUT_IRQHandler
                0x0000000008001854                WWDG_IRQHandler
                0x0000000008001854                SPI6_IRQHandler
                0x0000000008001854                MDIOS_IRQHandler
                0x0000000008001854                I2C4_EV_IRQHandler
                0x0000000008001854                FDCAN2_IT0_IRQHandler
                0x0000000008001854                LPUART1_IRQHandler
                0x0000000008001854                FDCAN1_IT0_IRQHandler
                0x0000000008001854                TIM2_IRQHandler
                0x0000000008001854                OTG_FS_WKUP_IRQHandler
                0x0000000008001854                OTG_HS_IRQHandler
                0x0000000008001854                DMA2D_IRQHandler
                0x0000000008001854                TIM1_BRK_IRQHandler
                0x0000000008001854                EXTI1_IRQHandler
                0x0000000008001854                SDMMC2_IRQHandler
                0x0000000008001854                OTG_FS_EP1_OUT_IRQHandler
                0x0000000008001854                BDMA_Channel3_IRQHandler
                0x0000000008001854                UART7_IRQHandler
                0x0000000008001854                MDIOS_WKUP_IRQHandler
                0x0000000008001854                USART2_IRQHandler
                0x0000000008001854                DFSDM1_FLT0_IRQHandler
                0x0000000008001854                SAI4_IRQHandler
                0x0000000008001854                I2C2_ER_IRQHandler
                0x0000000008001854                DMA2_Stream1_IRQHandler
                0x0000000008001854                FLASH_IRQHandler
                0x0000000008001854                DMA2_Stream4_IRQHandler
                0x0000000008001854                USART1_IRQHandler
                0x0000000008001854                OTG_FS_IRQHandler
                0x0000000008001854                SPI3_IRQHandler
                0x0000000008001854                WAKEUP_PIN_IRQHandler
                0x0000000008001854                DMA1_Stream4_IRQHandler
                0x0000000008001854                OTG_FS_EP1_IN_IRQHandler
                0x0000000008001854                I2C1_ER_IRQHandler
                0x0000000008001854                FMC_IRQHandler
                0x0000000008001854                FDCAN_CAL_IRQHandler
                0x0000000008001854                SWPMI1_IRQHandler
                0x0000000008001854                COMP1_IRQHandler
                0x0000000008001854                LPTIM1_IRQHandler
                0x0000000008001854                I2C4_ER_IRQHandler
                0x0000000008001854                DMA2_Stream6_IRQHandler
                0x0000000008001854                SAI1_IRQHandler
                0x0000000008001854                DMA1_Stream3_IRQHandler
 *fill*         0x0000000008001856        0x2 
 .text.HAL_Init
                0x0000000008001858       0x78 ./Drivers/STM32H7xx_HAL_Driver/Src/stm32h7xx_hal.o
                0x0000000008001858                HAL_Init
 .text.HAL_IncTick
                0x00000000080018d0       0x28 ./Drivers/STM32H7xx_HAL_Driver/Src/stm32h7xx_hal.o
                0x00000000080018d0                HAL_IncTick
 .text.HAL_GetTick
                0x00000000080018f8       0x18 ./Drivers/STM32H7xx_HAL_Driver/Src/stm32h7xx_hal.o
                0x00000000080018f8                HAL_GetTick
 .text.HAL_Delay
                0x0000000008001910       0x48 ./Drivers/STM32H7xx_HAL_Driver/Src/stm32h7xx_hal.o
                0x0000000008001910                HAL_Delay
 .text.HAL_GetREVID
                0x0000000008001958       0x18 ./Drivers/STM32H7xx_HAL_Driver/Src/stm32h7xx_hal.o
                0x0000000008001958                HAL_GetREVID
 .text.__NVIC_SetPriorityGrouping
                0x0000000008001970       0x48 ./Drivers/STM32H7xx_HAL_Driver/Src/stm32h7xx_hal_cortex.o
 .text.__NVIC_GetPriorityGrouping
                0x00000000080019b8       0x1c ./Drivers/STM32H7xx_HAL_Driver/Src/stm32h7xx_hal_cortex.o
 .text.__NVIC_EnableIRQ
                0x00000000080019d4       0x3c ./Drivers/STM32H7xx_HAL_Driver/Src/stm32h7xx_hal_cortex.o
 .text.__NVIC_SetPriority
                0x0000000008001a10       0x54 ./Drivers/STM32H7xx_HAL_Driver/Src/stm32h7xx_hal_cortex.o
 .text.NVIC_EncodePriority
                0x0000000008001a64       0x66 ./Drivers/STM32H7xx_HAL_Driver/Src/stm32h7xx_hal_cortex.o
 .text.HAL_NVIC_SetPriorityGrouping
                0x0000000008001aca       0x16 ./Drivers/STM32H7xx_HAL_Driver/Src/stm32h7xx_hal_cortex.o
                0x0000000008001aca                HAL_NVIC_SetPriorityGrouping
 .text.HAL_NVIC_SetPriority
                0x0000000008001ae0       0x34 ./Drivers/STM32H7xx_HAL_Driver/Src/stm32h7xx_hal_cortex.o
                0x0000000008001ae0                HAL_NVIC_SetPriority
 .text.HAL_NVIC_EnableIRQ
                0x0000000008001b14       0x1c ./Drivers/STM32H7xx_HAL_Driver/Src/stm32h7xx_hal_cortex.o
                0x0000000008001b14                HAL_NVIC_EnableIRQ
 .text.HAL_GPIO_Init
                0x0000000008001b30      0x360 ./Drivers/STM32H7xx_HAL_Driver/Src/stm32h7xx_hal_gpio.o
                0x0000000008001b30                HAL_GPIO_Init
 .text.HAL_GPIO_WritePin
                0x0000000008001e90       0x32 ./Drivers/STM32H7xx_HAL_Driver/Src/stm32h7xx_hal_gpio.o
                0x0000000008001e90                HAL_GPIO_WritePin
 *fill*         0x0000000008001ec2        0x2 
 .text.HAL_I2C_Init
                0x0000000008001ec4      0x138 ./Drivers/STM32H7xx_HAL_Driver/Src/stm32h7xx_hal_i2c.o
                0x0000000008001ec4                HAL_I2C_Init
 .text.HAL_I2C_Mem_Write
                0x0000000008001ffc      0x228 ./Drivers/STM32H7xx_HAL_Driver/Src/stm32h7xx_hal_i2c.o
                0x0000000008001ffc                HAL_I2C_Mem_Write
 .text.HAL_I2C_Mem_Read
                0x0000000008002224      0x234 ./Drivers/STM32H7xx_HAL_Driver/Src/stm32h7xx_hal_i2c.o
                0x0000000008002224                HAL_I2C_Mem_Read
 .text.I2C_RequestMemoryWrite
                0x0000000008002458       0xa8 ./Drivers/STM32H7xx_HAL_Driver/Src/stm32h7xx_hal_i2c.o
 .text.I2C_RequestMemoryRead
                0x0000000008002500       0xa8 ./Drivers/STM32H7xx_HAL_Driver/Src/stm32h7xx_hal_i2c.o
 .text.I2C_Flush_TXDR
                0x00000000080025a8       0x48 ./Drivers/STM32H7xx_HAL_Driver/Src/stm32h7xx_hal_i2c.o
 .text.I2C_WaitOnFlagUntilTimeout
                0x00000000080025f0       0xb2 ./Drivers/STM32H7xx_HAL_Driver/Src/stm32h7xx_hal_i2c.o
 .text.I2C_WaitOnTXISFlagUntilTimeout
                0x00000000080026a2       0x8e ./Drivers/STM32H7xx_HAL_Driver/Src/stm32h7xx_hal_i2c.o
 .text.I2C_WaitOnSTOPFlagUntilTimeout
                0x0000000008002730       0x86 ./Drivers/STM32H7xx_HAL_Driver/Src/stm32h7xx_hal_i2c.o
 *fill*         0x00000000080027b6        0x2 
 .text.I2C_IsErrorOccurred
                0x00000000080027b8      0x1c0 ./Drivers/STM32H7xx_HAL_Driver/Src/stm32h7xx_hal_i2c.o
 .text.I2C_TransferConfig
                0x0000000008002978       0x64 ./Drivers/STM32H7xx_HAL_Driver/Src/stm32h7xx_hal_i2c.o
 .text.HAL_I2CEx_ConfigAnalogFilter
                0x00000000080029dc       0x96 ./Drivers/STM32H7xx_HAL_Driver/Src/stm32h7xx_hal_i2c_ex.o
                0x00000000080029dc                HAL_I2CEx_ConfigAnalogFilter
 .text.HAL_I2CEx_ConfigDigitalFilter
                0x0000000008002a72       0x98 ./Drivers/STM32H7xx_HAL_Driver/Src/stm32h7xx_hal_i2c_ex.o
                0x0000000008002a72                HAL_I2CEx_ConfigDigitalFilter
 *fill*         0x0000000008002b0a        0x2 
 .text.HAL_PWREx_ConfigSupply
                0x0000000008002b0c       0x74 ./Drivers/STM32H7xx_HAL_Driver/Src/stm32h7xx_hal_pwr_ex.o
                0x0000000008002b0c                HAL_PWREx_ConfigSupply
 .text.HAL_RCC_OscConfig
                0x0000000008002b80      0x8b4 ./Drivers/STM32H7xx_HAL_Driver/Src/stm32h7xx_hal_rcc.o
                0x0000000008002b80                HAL_RCC_OscConfig
 .text.HAL_RCC_ClockConfig
                0x0000000008003434      0x36c ./Drivers/STM32H7xx_HAL_Driver/Src/stm32h7xx_hal_rcc.o
                0x0000000008003434                HAL_RCC_ClockConfig
 .text.HAL_RCC_GetSysClockFreq
                0x00000000080037a0      0x2f4 ./Drivers/STM32H7xx_HAL_Driver/Src/stm32h7xx_hal_rcc.o
                0x00000000080037a0                HAL_RCC_GetSysClockFreq
 .text.HAL_RCC_GetHCLKFreq
                0x0000000008003a94       0x60 ./Drivers/STM32H7xx_HAL_Driver/Src/stm32h7xx_hal_rcc.o
                0x0000000008003a94                HAL_RCC_GetHCLKFreq
 .text.HAL_RCC_GetPCLK1Freq
                0x0000000008003af4       0x2c ./Drivers/STM32H7xx_HAL_Driver/Src/stm32h7xx_hal_rcc.o
                0x0000000008003af4                HAL_RCC_GetPCLK1Freq
 .text.HAL_RCC_GetPCLK2Freq
                0x0000000008003b20       0x2c ./Drivers/STM32H7xx_HAL_Driver/Src/stm32h7xx_hal_rcc.o
                0x0000000008003b20                HAL_RCC_GetPCLK2Freq
 .text.HAL_RCC_GetClockConfig
                0x0000000008003b4c       0x84 ./Drivers/STM32H7xx_HAL_Driver/Src/stm32h7xx_hal_rcc.o
                0x0000000008003b4c                HAL_RCC_GetClockConfig
 .text.HAL_RCCEx_PeriphCLKConfig
                0x0000000008003bd0     0x1414 ./Drivers/STM32H7xx_HAL_Driver/Src/stm32h7xx_hal_rcc_ex.o
                0x0000000008003bd0                HAL_RCCEx_PeriphCLKConfig
 .text.HAL_RCCEx_GetD3PCLK1Freq
                0x0000000008004fe4       0x2c ./Drivers/STM32H7xx_HAL_Driver/Src/stm32h7xx_hal_rcc_ex.o
                0x0000000008004fe4                HAL_RCCEx_GetD3PCLK1Freq
 .text.HAL_RCCEx_GetPLL2ClockFreq
                0x0000000008005010      0x2a8 ./Drivers/STM32H7xx_HAL_Driver/Src/stm32h7xx_hal_rcc_ex.o
                0x0000000008005010                HAL_RCCEx_GetPLL2ClockFreq
 .text.HAL_RCCEx_GetPLL3ClockFreq
                0x00000000080052b8      0x2a8 ./Drivers/STM32H7xx_HAL_Driver/Src/stm32h7xx_hal_rcc_ex.o
                0x00000000080052b8                HAL_RCCEx_GetPLL3ClockFreq
 .text.RCCEx_PLL2_Config
                0x0000000008005560      0x164 ./Drivers/STM32H7xx_HAL_Driver/Src/stm32h7xx_hal_rcc_ex.o
 .text.RCCEx_PLL3_Config
                0x00000000080056c4      0x164 ./Drivers/STM32H7xx_HAL_Driver/Src/stm32h7xx_hal_rcc_ex.o
 .text.HAL_TIM_Base_Init
                0x0000000008005828       0xae ./Drivers/STM32H7xx_HAL_Driver/Src/stm32h7xx_hal_tim.o
                0x0000000008005828                HAL_TIM_Base_Init
 .text.HAL_TIM_Base_MspInit
                0x00000000080058d6       0x14 ./Drivers/STM32H7xx_HAL_Driver/Src/stm32h7xx_hal_tim.o
                0x00000000080058d6                HAL_TIM_Base_MspInit
 *fill*         0x00000000080058ea        0x2 
 .text.HAL_TIM_Base_Start_IT
                0x00000000080058ec       0xf0 ./Drivers/STM32H7xx_HAL_Driver/Src/stm32h7xx_hal_tim.o
                0x00000000080058ec                HAL_TIM_Base_Start_IT
 .text.HAL_TIM_IRQHandler
                0x00000000080059dc      0x20e ./Drivers/STM32H7xx_HAL_Driver/Src/stm32h7xx_hal_tim.o
                0x00000000080059dc                HAL_TIM_IRQHandler
 .text.HAL_TIM_OC_DelayElapsedCallback
                0x0000000008005bea       0x14 ./Drivers/STM32H7xx_HAL_Driver/Src/stm32h7xx_hal_tim.o
                0x0000000008005bea                HAL_TIM_OC_DelayElapsedCallback
 .text.HAL_TIM_IC_CaptureCallback
                0x0000000008005bfe       0x14 ./Drivers/STM32H7xx_HAL_Driver/Src/stm32h7xx_hal_tim.o
                0x0000000008005bfe                HAL_TIM_IC_CaptureCallback
 .text.HAL_TIM_PWM_PulseFinishedCallback
                0x0000000008005c12       0x14 ./Drivers/STM32H7xx_HAL_Driver/Src/stm32h7xx_hal_tim.o
                0x0000000008005c12                HAL_TIM_PWM_PulseFinishedCallback
 .text.HAL_TIM_TriggerCallback
                0x0000000008005c26       0x14 ./Drivers/STM32H7xx_HAL_Driver/Src/stm32h7xx_hal_tim.o
                0x0000000008005c26                HAL_TIM_TriggerCallback
 *fill*         0x0000000008005c3a        0x2 
 .text.TIM_Base_SetConfig
                0x0000000008005c3c      0x14c ./Drivers/STM32H7xx_HAL_Driver/Src/stm32h7xx_hal_tim.o
                0x0000000008005c3c                TIM_Base_SetConfig
 .text.HAL_TIMEx_CommutCallback
                0x0000000008005d88       0x14 ./Drivers/STM32H7xx_HAL_Driver/Src/stm32h7xx_hal_tim_ex.o
                0x0000000008005d88                HAL_TIMEx_CommutCallback
 .text.HAL_TIMEx_BreakCallback
                0x0000000008005d9c       0x14 ./Drivers/STM32H7xx_HAL_Driver/Src/stm32h7xx_hal_tim_ex.o
                0x0000000008005d9c                HAL_TIMEx_BreakCallback
 .text.HAL_TIMEx_Break2Callback
                0x0000000008005db0       0x14 ./Drivers/STM32H7xx_HAL_Driver/Src/stm32h7xx_hal_tim_ex.o
                0x0000000008005db0                HAL_TIMEx_Break2Callback
 .text.HAL_UART_Init
                0x0000000008005dc4       0xa0 ./Drivers/STM32H7xx_HAL_Driver/Src/stm32h7xx_hal_uart.o
                0x0000000008005dc4                HAL_UART_Init
 .text.UART_SetConfig
                0x0000000008005e64      0xad0 ./Drivers/STM32H7xx_HAL_Driver/Src/stm32h7xx_hal_uart.o
                0x0000000008005e64                UART_SetConfig
 .text.UART_AdvFeatureConfig
                0x0000000008006934      0x144 ./Drivers/STM32H7xx_HAL_Driver/Src/stm32h7xx_hal_uart.o
                0x0000000008006934                UART_AdvFeatureConfig
 .text.UART_CheckIdleState
                0x0000000008006a78      0x154 ./Drivers/STM32H7xx_HAL_Driver/Src/stm32h7xx_hal_uart.o
                0x0000000008006a78                UART_CheckIdleState
 .text.UART_WaitOnFlagUntilTimeout
                0x0000000008006bcc       0xda ./Drivers/STM32H7xx_HAL_Driver/Src/stm32h7xx_hal_uart.o
                0x0000000008006bcc                UART_WaitOnFlagUntilTimeout
 *fill*         0x0000000008006ca6        0x2 
 .text.UART_EndRxTransfer
                0x0000000008006ca8       0xcc ./Drivers/STM32H7xx_HAL_Driver/Src/stm32h7xx_hal_uart.o
 .text.HAL_UARTEx_DisableFifoMode
                0x0000000008006d74       0x72 ./Drivers/STM32H7xx_HAL_Driver/Src/stm32h7xx_hal_uart_ex.o
                0x0000000008006d74                HAL_UARTEx_DisableFifoMode
 .text.HAL_UARTEx_SetTxFifoThreshold
                0x0000000008006de6       0x7c ./Drivers/STM32H7xx_HAL_Driver/Src/stm32h7xx_hal_uart_ex.o
                0x0000000008006de6                HAL_UARTEx_SetTxFifoThreshold
 .text.HAL_UARTEx_SetRxFifoThreshold
                0x0000000008006e62       0x7c ./Drivers/STM32H7xx_HAL_Driver/Src/stm32h7xx_hal_uart_ex.o
                0x0000000008006e62                HAL_UARTEx_SetRxFifoThreshold
 *fill*         0x0000000008006ede        0x2 
 .text.UARTEx_SetNbDataToProcess
                0x0000000008006ee0       0x9c ./Drivers/STM32H7xx_HAL_Driver/Src/stm32h7xx_hal_uart_ex.o
 .text.makeFreeRtosPriority
                0x0000000008006f7c       0x30 ./Middlewares/Third_Party/FreeRTOS/Source/CMSIS_RTOS/cmsis_os.o
 .text.osKernelStart
                0x0000000008006fac        0xe ./Middlewares/Third_Party/FreeRTOS/Source/CMSIS_RTOS/cmsis_os.o
                0x0000000008006fac                osKernelStart
 .text.osThreadCreate
                0x0000000008006fba       0x98 ./Middlewares/Third_Party/FreeRTOS/Source/CMSIS_RTOS/cmsis_os.o
                0x0000000008006fba                osThreadCreate
 .text.osDelay  0x0000000008007052       0x28 ./Middlewares/Third_Party/FreeRTOS/Source/CMSIS_RTOS/cmsis_os.o
                0x0000000008007052                osDelay
 .text.vListInitialise
                0x000000000800707a       0x40 ./Middlewares/Third_Party/FreeRTOS/Source/list.o
                0x000000000800707a                vListInitialise
 .text.vListInitialiseItem
                0x00000000080070ba       0x1a ./Middlewares/Third_Party/FreeRTOS/Source/list.o
                0x00000000080070ba                vListInitialiseItem
 .text.vListInsertEnd
                0x00000000080070d4       0x48 ./Middlewares/Third_Party/FreeRTOS/Source/list.o
                0x00000000080070d4                vListInsertEnd
 .text.vListInsert
                0x000000000800711c       0x72 ./Middlewares/Third_Party/FreeRTOS/Source/list.o
                0x000000000800711c                vListInsert
 .text.uxListRemove
                0x000000000800718e       0x54 ./Middlewares/Third_Party/FreeRTOS/Source/list.o
                0x000000000800718e                uxListRemove
 .text.xTaskCreateStatic
                0x00000000080071e2       0xba ./Middlewares/Third_Party/FreeRTOS/Source/tasks.o
                0x00000000080071e2                xTaskCreateStatic
 .text.xTaskCreate
                0x000000000800729c       0x8a ./Middlewares/Third_Party/FreeRTOS/Source/tasks.o
                0x000000000800729c                xTaskCreate
 *fill*         0x0000000008007326        0x2 
 .text.prvInitialiseNewTask
                0x0000000008007328      0x13c ./Middlewares/Third_Party/FreeRTOS/Source/tasks.o
 .text.prvAddNewTaskToReadyList
                0x0000000008007464       0xd4 ./Middlewares/Third_Party/FreeRTOS/Source/tasks.o
 .text.vTaskDelay
                0x0000000008007538       0x68 ./Middlewares/Third_Party/FreeRTOS/Source/tasks.o
                0x0000000008007538                vTaskDelay
 .text.vTaskStartScheduler
                0x00000000080075a0       0xd4 ./Middlewares/Third_Party/FreeRTOS/Source/tasks.o
                0x00000000080075a0                vTaskStartScheduler
 .text.vTaskSuspendAll
                0x0000000008007674       0x1c ./Middlewares/Third_Party/FreeRTOS/Source/tasks.o
                0x0000000008007674                vTaskSuspendAll
 .text.xTaskResumeAll
                0x0000000008007690      0x138 ./Middlewares/Third_Party/FreeRTOS/Source/tasks.o
                0x0000000008007690                xTaskResumeAll
 .text.xTaskIncrementTick
                0x00000000080077c8      0x170 ./Middlewares/Third_Party/FreeRTOS/Source/tasks.o
                0x00000000080077c8                xTaskIncrementTick
 .text.vTaskSwitchContext
                0x0000000008007938       0xc4 ./Middlewares/Third_Party/FreeRTOS/Source/tasks.o
                0x0000000008007938                vTaskSwitchContext
 .text.prvIdleTask
                0x00000000080079fc       0x30 ./Middlewares/Third_Party/FreeRTOS/Source/tasks.o
 .text.prvInitialiseTaskLists
                0x0000000008007a2c       0x80 ./Middlewares/Third_Party/FreeRTOS/Source/tasks.o
 .text.prvCheckTasksWaitingTermination
                0x0000000008007aac       0x5c ./Middlewares/Third_Party/FreeRTOS/Source/tasks.o
 .text.prvDeleteTCB
                0x0000000008007b08       0x68 ./Middlewares/Third_Party/FreeRTOS/Source/tasks.o
 .text.prvResetNextTaskUnblockTime
                0x0000000008007b70       0x40 ./Middlewares/Third_Party/FreeRTOS/Source/tasks.o
 .text.prvAddCurrentTaskToDelayedList
                0x0000000008007bb0       0xcc ./Middlewares/Third_Party/FreeRTOS/Source/tasks.o
 .text.pxPortInitialiseStack
                0x0000000008007c7c       0x68 ./Middlewares/Third_Party/FreeRTOS/Source/portable/GCC/ARM_CM4F/port.o
                0x0000000008007c7c                pxPortInitialiseStack
 .text.prvTaskExitError
                0x0000000008007ce4       0x58 ./Middlewares/Third_Party/FreeRTOS/Source/portable/GCC/ARM_CM4F/port.o
 *fill*         0x0000000008007d3c        0x4 
 .text.SVC_Handler
                0x0000000008007d40       0x28 ./Middlewares/Third_Party/FreeRTOS/Source/portable/GCC/ARM_CM4F/port.o
                0x0000000008007d40                SVC_Handler
 .text.prvPortStartFirstTask
                0x0000000008007d68       0x28 ./Middlewares/Third_Party/FreeRTOS/Source/portable/GCC/ARM_CM4F/port.o
 .text.xPortStartScheduler
                0x0000000008007d90      0x144 ./Middlewares/Third_Party/FreeRTOS/Source/portable/GCC/ARM_CM4F/port.o
                0x0000000008007d90                xPortStartScheduler
 .text.vPortEnterCritical
                0x0000000008007ed4       0x60 ./Middlewares/Third_Party/FreeRTOS/Source/portable/GCC/ARM_CM4F/port.o
                0x0000000008007ed4                vPortEnterCritical
 .text.vPortExitCritical
                0x0000000008007f34       0x54 ./Middlewares/Third_Party/FreeRTOS/Source/portable/GCC/ARM_CM4F/port.o
                0x0000000008007f34                vPortExitCritical
 *fill*         0x0000000008007f88        0x8 
 .text.PendSV_Handler
                0x0000000008007f90       0x68 ./Middlewares/Third_Party/FreeRTOS/Source/portable/GCC/ARM_CM4F/port.o
                0x0000000008007f90                PendSV_Handler
 .text.SysTick_Handler
                0x0000000008007ff8       0x44 ./Middlewares/Third_Party/FreeRTOS/Source/portable/GCC/ARM_CM4F/port.o
                0x0000000008007ff8                SysTick_Handler
 .text.vPortSetupTimerInterrupt
                0x000000000800803c       0x48 ./Middlewares/Third_Party/FreeRTOS/Source/portable/GCC/ARM_CM4F/port.o
                0x000000000800803c                vPortSetupTimerInterrupt
 .text.vPortEnableVFP
                0x0000000008008084       0x14 ./Middlewares/Third_Party/FreeRTOS/Source/portable/GCC/ARM_CM4F/port.o
 .text.pvPortMalloc
                0x0000000008008098      0x198 ./Middlewares/Third_Party/FreeRTOS/Source/portable/MemMang/heap_4.o
                0x0000000008008098                pvPortMalloc
 .text.vPortFree
                0x0000000008008230       0xc4 ./Middlewares/Third_Party/FreeRTOS/Source/portable/MemMang/heap_4.o
                0x0000000008008230                vPortFree
 .text.prvHeapInit
                0x00000000080082f4       0xc4 ./Middlewares/Third_Party/FreeRTOS/Source/portable/MemMang/heap_4.o
 .text.prvInsertBlockIntoFreeList
                0x00000000080083b8       0xb4 ./Middlewares/Third_Party/FreeRTOS/Source/portable/MemMang/heap_4.o
 .text.__errno  0x000000000800846c        0xc c:/st/stm32cubeide_1.12.0/stm32cubeide/plugins/com.st.stm32cube.ide.mcu.externaltools.gnu-tools-for-stm32.10.3-2021.10.win32_1.0.200.202301161003/tools/bin/../lib/gcc/arm-none-eabi/10.3.1/../../../../arm-none-eabi/lib/thumb/v7e-m+dp/hard\libc_nano.a(lib_a-errno.o)
                0x000000000800846c                __errno
 .text.__libc_init_array
                0x0000000008008478       0x48 c:/st/stm32cubeide_1.12.0/stm32cubeide/plugins/com.st.stm32cube.ide.mcu.externaltools.gnu-tools-for-stm32.10.3-2021.10.win32_1.0.200.202301161003/tools/bin/../lib/gcc/arm-none-eabi/10.3.1/../../../../arm-none-eabi/lib/thumb/v7e-m+dp/hard\libc_nano.a(lib_a-init.o)
                0x0000000008008478                __libc_init_array
 .text.__retarget_lock_acquire_recursive
                0x00000000080084c0        0x2 c:/st/stm32cubeide_1.12.0/stm32cubeide/plugins/com.st.stm32cube.ide.mcu.externaltools.gnu-tools-for-stm32.10.3-2021.10.win32_1.0.200.202301161003/tools/bin/../lib/gcc/arm-none-eabi/10.3.1/../../../../arm-none-eabi/lib/thumb/v7e-m+dp/hard\libc_nano.a(lib_a-lock.o)
                0x00000000080084c0                __retarget_lock_acquire_recursive
 .text.__retarget_lock_release_recursive
                0x00000000080084c2        0x2 c:/st/stm32cubeide_1.12.0/stm32cubeide/plugins/com.st.stm32cube.ide.mcu.externaltools.gnu-tools-for-stm32.10.3-2021.10.win32_1.0.200.202301161003/tools/bin/../lib/gcc/arm-none-eabi/10.3.1/../../../../arm-none-eabi/lib/thumb/v7e-m+dp/hard\libc_nano.a(lib_a-lock.o)
                0x00000000080084c2                __retarget_lock_release_recursive
 .text.malloc   0x00000000080084c4       0x10 c:/st/stm32cubeide_1.12.0/stm32cubeide/plugins/com.st.stm32cube.ide.mcu.externaltools.gnu-tools-for-stm32.10.3-2021.10.win32_1.0.200.202301161003/tools/bin/../lib/gcc/arm-none-eabi/10.3.1/../../../../arm-none-eabi/lib/thumb/v7e-m+dp/hard\libc_nano.a(lib_a-malloc.o)
                0x00000000080084c4                malloc
 .text.memset   0x00000000080084d4       0x10 c:/st/stm32cubeide_1.12.0/stm32cubeide/plugins/com.st.stm32cube.ide.mcu.externaltools.gnu-tools-for-stm32.10.3-2021.10.win32_1.0.200.202301161003/tools/bin/../lib/gcc/arm-none-eabi/10.3.1/../../../../arm-none-eabi/lib/thumb/v7e-m+dp/hard\libc_nano.a(lib_a-memset.o)
                0x00000000080084d4                memset
 .text._free_r  0x00000000080084e4       0x98 c:/st/stm32cubeide_1.12.0/stm32cubeide/plugins/com.st.stm32cube.ide.mcu.externaltools.gnu-tools-for-stm32.10.3-2021.10.win32_1.0.200.202301161003/tools/bin/../lib/gcc/arm-none-eabi/10.3.1/../../../../arm-none-eabi/lib/thumb/v7e-m+dp/hard\libc_nano.a(lib_a-nano-freer.o)
                0x00000000080084e4                _free_r
 .text.sbrk_aligned
                0x000000000800857c       0x40 c:/st/stm32cubeide_1.12.0/stm32cubeide/plugins/com.st.stm32cube.ide.mcu.externaltools.gnu-tools-for-stm32.10.3-2021.10.win32_1.0.200.202301161003/tools/bin/../lib/gcc/arm-none-eabi/10.3.1/../../../../arm-none-eabi/lib/thumb/v7e-m+dp/hard\libc_nano.a(lib_a-nano-mallocr.o)
 .text._malloc_r
                0x00000000080085bc       0xe8 c:/st/stm32cubeide_1.12.0/stm32cubeide/plugins/com.st.stm32cube.ide.mcu.externaltools.gnu-tools-for-stm32.10.3-2021.10.win32_1.0.200.202301161003/tools/bin/../lib/gcc/arm-none-eabi/10.3.1/../../../../arm-none-eabi/lib/thumb/v7e-m+dp/hard\libc_nano.a(lib_a-nano-mallocr.o)
                0x00000000080085bc                _malloc_r
 .text.cleanup_glue
                0x00000000080086a4       0x1a c:/st/stm32cubeide_1.12.0/stm32cubeide/plugins/com.st.stm32cube.ide.mcu.externaltools.gnu-tools-for-stm32.10.3-2021.10.win32_1.0.200.202301161003/tools/bin/../lib/gcc/arm-none-eabi/10.3.1/../../../../arm-none-eabi/lib/thumb/v7e-m+dp/hard\libc_nano.a(lib_a-reent.o)
                0x00000000080086a4                cleanup_glue
 *fill*         0x00000000080086be        0x2 
 .text._reclaim_reent
                0x00000000080086c0       0xb8 c:/st/stm32cubeide_1.12.0/stm32cubeide/plugins/com.st.stm32cube.ide.mcu.externaltools.gnu-tools-for-stm32.10.3-2021.10.win32_1.0.200.202301161003/tools/bin/../lib/gcc/arm-none-eabi/10.3.1/../../../../arm-none-eabi/lib/thumb/v7e-m+dp/hard\libc_nano.a(lib_a-reent.o)
                0x00000000080086c0                _reclaim_reent
 .text._sbrk_r  0x0000000008008778       0x20 c:/st/stm32cubeide_1.12.0/stm32cubeide/plugins/com.st.stm32cube.ide.mcu.externaltools.gnu-tools-for-stm32.10.3-2021.10.win32_1.0.200.202301161003/tools/bin/../lib/gcc/arm-none-eabi/10.3.1/../../../../arm-none-eabi/lib/thumb/v7e-m+dp/hard\libc_nano.a(lib_a-sbrkr.o)
                0x0000000008008778                _sbrk_r
 .text.__malloc_lock
                0x0000000008008798        0xc c:/st/stm32cubeide_1.12.0/stm32cubeide/plugins/com.st.stm32cube.ide.mcu.externaltools.gnu-tools-for-stm32.10.3-2021.10.win32_1.0.200.202301161003/tools/bin/../lib/gcc/arm-none-eabi/10.3.1/../../../../arm-none-eabi/lib/thumb/v7e-m+dp/hard\libc_nano.a(lib_a-mlock.o)
                0x0000000008008798                __malloc_lock
 .text.__malloc_unlock
                0x00000000080087a4        0xc c:/st/stm32cubeide_1.12.0/stm32cubeide/plugins/com.st.stm32cube.ide.mcu.externaltools.gnu-tools-for-stm32.10.3-2021.10.win32_1.0.200.202301161003/tools/bin/../lib/gcc/arm-none-eabi/10.3.1/../../../../arm-none-eabi/lib/thumb/v7e-m+dp/hard\libc_nano.a(lib_a-mlock.o)
                0x00000000080087a4                __malloc_unlock
 *(.glue_7)
 .glue_7        0x00000000080087b0        0x0 linker stubs
 *(.glue_7t)
 .glue_7t       0x00000000080087b0        0x0 linker stubs
 *(.eh_frame)
 .eh_frame      0x00000000080087b0        0x0 c:/st/stm32cubeide_1.12.0/stm32cubeide/plugins/com.st.stm32cube.ide.mcu.externaltools.gnu-tools-for-stm32.10.3-2021.10.win32_1.0.200.202301161003/tools/bin/../lib/gcc/arm-none-eabi/10.3.1/thumb/v7e-m+dp/hard/crtbegin.o
 *(.init)
 .init          0x00000000080087b0        0x4 c:/st/stm32cubeide_1.12.0/stm32cubeide/plugins/com.st.stm32cube.ide.mcu.externaltools.gnu-tools-for-stm32.10.3-2021.10.win32_1.0.200.202301161003/tools/bin/../lib/gcc/arm-none-eabi/10.3.1/thumb/v7e-m+dp/hard/crti.o
                0x00000000080087b0                _init
 .init          0x00000000080087b4        0x8 c:/st/stm32cubeide_1.12.0/stm32cubeide/plugins/com.st.stm32cube.ide.mcu.externaltools.gnu-tools-for-stm32.10.3-2021.10.win32_1.0.200.202301161003/tools/bin/../lib/gcc/arm-none-eabi/10.3.1/thumb/v7e-m+dp/hard/crtn.o
 *(.fini)
 .fini          0x00000000080087bc        0x4 c:/st/stm32cubeide_1.12.0/stm32cubeide/plugins/com.st.stm32cube.ide.mcu.externaltools.gnu-tools-for-stm32.10.3-2021.10.win32_1.0.200.202301161003/tools/bin/../lib/gcc/arm-none-eabi/10.3.1/thumb/v7e-m+dp/hard/crti.o
                0x00000000080087bc                _fini
 .fini          0x00000000080087c0        0x8 c:/st/stm32cubeide_1.12.0/stm32cubeide/plugins/com.st.stm32cube.ide.mcu.externaltools.gnu-tools-for-stm32.10.3-2021.10.win32_1.0.200.202301161003/tools/bin/../lib/gcc/arm-none-eabi/10.3.1/thumb/v7e-m+dp/hard/crtn.o
                0x00000000080087c8                . = ALIGN (0x4)
                0x00000000080087c8                _etext = .

.vfp11_veneer   0x00000000080087c8        0x0
 .vfp11_veneer  0x00000000080087c8        0x0 linker stubs

.v4_bx          0x00000000080087c8        0x0
 .v4_bx         0x00000000080087c8        0x0 linker stubs

.iplt           0x00000000080087c8        0x0
 .iplt          0x00000000080087c8        0x0 c:/st/stm32cubeide_1.12.0/stm32cubeide/plugins/com.st.stm32cube.ide.mcu.externaltools.gnu-tools-for-stm32.10.3-2021.10.win32_1.0.200.202301161003/tools/bin/../lib/gcc/arm-none-eabi/10.3.1/thumb/v7e-m+dp/hard/crtbegin.o

.rodata         0x00000000080087c8      0x100
                0x00000000080087c8                . = ALIGN (0x4)
 *(.rodata)
 .rodata        0x00000000080087c8       0x60 ./Core/Src/main.o
 .rodata        0x0000000008008828        0x5 ./Middlewares/Third_Party/FreeRTOS/Source/tasks.o
 *(.rodata*)
 *fill*         0x000000000800882d        0x3 
 .rodata.D1CorePrescTable
                0x0000000008008830       0x10 ./Core/Src/system_stm32h7xx.o
                0x0000000008008830                D1CorePrescTable
 .rodata.UARTPrescTable
                0x0000000008008840       0x18 ./Drivers/STM32H7xx_HAL_Driver/Src/stm32h7xx_hal_uart.o
                0x0000000008008840                UARTPrescTable
 .rodata.numerator.1
                0x0000000008008858        0x8 ./Drivers/STM32H7xx_HAL_Driver/Src/stm32h7xx_hal_uart_ex.o
 .rodata.denominator.0
                0x0000000008008860        0x8 ./Drivers/STM32H7xx_HAL_Driver/Src/stm32h7xx_hal_uart_ex.o
 .rodata.__sf_fake_stderr
                0x0000000008008868       0x20 c:/st/stm32cubeide_1.12.0/stm32cubeide/plugins/com.st.stm32cube.ide.mcu.externaltools.gnu-tools-for-stm32.10.3-2021.10.win32_1.0.200.202301161003/tools/bin/../lib/gcc/arm-none-eabi/10.3.1/../../../../arm-none-eabi/lib/thumb/v7e-m+dp/hard\libc_nano.a(lib_a-findfp.o)
                0x0000000008008868                __sf_fake_stderr
 .rodata.__sf_fake_stdin
                0x0000000008008888       0x20 c:/st/stm32cubeide_1.12.0/stm32cubeide/plugins/com.st.stm32cube.ide.mcu.externaltools.gnu-tools-for-stm32.10.3-2021.10.win32_1.0.200.202301161003/tools/bin/../lib/gcc/arm-none-eabi/10.3.1/../../../../arm-none-eabi/lib/thumb/v7e-m+dp/hard\libc_nano.a(lib_a-findfp.o)
                0x0000000008008888                __sf_fake_stdin
 .rodata.__sf_fake_stdout
                0x00000000080088a8       0x20 c:/st/stm32cubeide_1.12.0/stm32cubeide/plugins/com.st.stm32cube.ide.mcu.externaltools.gnu-tools-for-stm32.10.3-2021.10.win32_1.0.200.202301161003/tools/bin/../lib/gcc/arm-none-eabi/10.3.1/../../../../arm-none-eabi/lib/thumb/v7e-m+dp/hard\libc_nano.a(lib_a-findfp.o)
                0x00000000080088a8                __sf_fake_stdout
                0x00000000080088c8                . = ALIGN (0x4)

.ARM.extab
 *(.ARM.extab* .gnu.linkonce.armextab.*)

.ARM            0x00000000080088c8        0x8
                0x00000000080088c8                __exidx_start = .
 *(.ARM.exidx*)
 .ARM.exidx     0x00000000080088c8        0x8 c:/st/stm32cubeide_1.12.0/stm32cubeide/plugins/com.st.stm32cube.ide.mcu.externaltools.gnu-tools-for-stm32.10.3-2021.10.win32_1.0.200.202301161003/tools/bin/../lib/gcc/arm-none-eabi/10.3.1/thumb/v7e-m+dp/hard\libgcc.a(_udivmoddi4.o)
                0x00000000080088d0                __exidx_end = .

.rel.dyn        0x00000000080088d0        0x0
 .rel.iplt      0x00000000080088d0        0x0 c:/st/stm32cubeide_1.12.0/stm32cubeide/plugins/com.st.stm32cube.ide.mcu.externaltools.gnu-tools-for-stm32.10.3-2021.10.win32_1.0.200.202301161003/tools/bin/../lib/gcc/arm-none-eabi/10.3.1/thumb/v7e-m+dp/hard/crtbegin.o

.preinit_array  0x00000000080088d0        0x0
                0x00000000080088d0                PROVIDE (__preinit_array_start = .)
 *(.preinit_array*)
                0x00000000080088d0                PROVIDE (__preinit_array_end = .)

.init_array     0x00000000080088d0        0x4
                0x00000000080088d0                PROVIDE (__init_array_start = .)
 *(SORT_BY_NAME(.init_array.*))
 *(.init_array*)
 .init_array    0x00000000080088d0        0x4 c:/st/stm32cubeide_1.12.0/stm32cubeide/plugins/com.st.stm32cube.ide.mcu.externaltools.gnu-tools-for-stm32.10.3-2021.10.win32_1.0.200.202301161003/tools/bin/../lib/gcc/arm-none-eabi/10.3.1/thumb/v7e-m+dp/hard/crtbegin.o
                0x00000000080088d4                PROVIDE (__init_array_end = .)

.fini_array     0x00000000080088d4        0x4
                [!provide]                        PROVIDE (__fini_array_start = .)
 *(SORT_BY_NAME(.fini_array.*))
 *(.fini_array*)
 .fini_array    0x00000000080088d4        0x4 c:/st/stm32cubeide_1.12.0/stm32cubeide/plugins/com.st.stm32cube.ide.mcu.externaltools.gnu-tools-for-stm32.10.3-2021.10.win32_1.0.200.202301161003/tools/bin/../lib/gcc/arm-none-eabi/10.3.1/thumb/v7e-m+dp/hard/crtbegin.o
                [!provide]                        PROVIDE (__fini_array_end = .)
                0x00000000080088d8                _sidata = LOADADDR (.data)

.data           0x0000000024000000       0x78 load address 0x00000000080088d8
                0x0000000024000000                . = ALIGN (0x4)
                0x0000000024000000                _sdata = .
 *(.data)
 *(.data*)
 .data.SystemCoreClock
                0x0000000024000000        0x4 ./Core/Src/system_stm32h7xx.o
                0x0000000024000000                SystemCoreClock
 .data.SystemD2Clock
                0x0000000024000004        0x4 ./Core/Src/system_stm32h7xx.o
                0x0000000024000004                SystemD2Clock
 .data.uwTickPrio
                0x0000000024000008        0x4 ./Drivers/STM32H7xx_HAL_Driver/Src/stm32h7xx_hal.o
                0x0000000024000008                uwTickPrio
 .data.uwTickFreq
                0x000000002400000c        0x1 ./Drivers/STM32H7xx_HAL_Driver/Src/stm32h7xx_hal.o
                0x000000002400000c                uwTickFreq
 *fill*         0x000000002400000d        0x3 
 .data.uxCriticalNesting
                0x0000000024000010        0x4 ./Middlewares/Third_Party/FreeRTOS/Source/portable/GCC/ARM_CM4F/port.o
 .data._impure_ptr
                0x0000000024000014        0x4 c:/st/stm32cubeide_1.12.0/stm32cubeide/plugins/com.st.stm32cube.ide.mcu.externaltools.gnu-tools-for-stm32.10.3-2021.10.win32_1.0.200.202301161003/tools/bin/../lib/gcc/arm-none-eabi/10.3.1/../../../../arm-none-eabi/lib/thumb/v7e-m+dp/hard\libc_nano.a(lib_a-impure.o)
                0x0000000024000014                _impure_ptr
 .data.impure_data
                0x0000000024000018       0x60 c:/st/stm32cubeide_1.12.0/stm32cubeide/plugins/com.st.stm32cube.ide.mcu.externaltools.gnu-tools-for-stm32.10.3-2021.10.win32_1.0.200.202301161003/tools/bin/../lib/gcc/arm-none-eabi/10.3.1/../../../../arm-none-eabi/lib/thumb/v7e-m+dp/hard\libc_nano.a(lib_a-impure.o)
 *(.RamFunc)
 *(.RamFunc*)
                0x0000000024000078                . = ALIGN (0x4)
                0x0000000024000078                _edata = .

.igot.plt       0x0000000024000078        0x0 load address 0x0000000008008950
 .igot.plt      0x0000000024000078        0x0 c:/st/stm32cubeide_1.12.0/stm32cubeide/plugins/com.st.stm32cube.ide.mcu.externaltools.gnu-tools-for-stm32.10.3-2021.10.win32_1.0.200.202301161003/tools/bin/../lib/gcc/arm-none-eabi/10.3.1/thumb/v7e-m+dp/hard/crtbegin.o
                0x0000000024000078                . = ALIGN (0x4)

.bss            0x0000000024000078     0x4208 load address 0x0000000008008950
                0x0000000024000078                _sbss = .
                0x0000000024000078                __bss_start__ = _sbss
 *(.bss)
 .bss           0x0000000024000078       0x1c c:/st/stm32cubeide_1.12.0/stm32cubeide/plugins/com.st.stm32cube.ide.mcu.externaltools.gnu-tools-for-stm32.10.3-2021.10.win32_1.0.200.202301161003/tools/bin/../lib/gcc/arm-none-eabi/10.3.1/thumb/v7e-m+dp/hard/crtbegin.o
 *(.bss*)
 .bss.xIdleTaskTCBBuffer
                0x0000000024000094       0xb4 ./Core/Src/freertos.o
 .bss.xIdleStack
                0x0000000024000148      0x200 ./Core/Src/freertos.o
 .bss.hi2c4     0x0000000024000348       0x54 ./Core/Src/main.o
                0x0000000024000348                hi2c4
 .bss.huart1    0x000000002400039c       0x94 ./Core/Src/main.o
                0x000000002400039c                huart1
 .bss.huart3    0x0000000024000430       0x94 ./Core/Src/main.o
                0x0000000024000430                huart3
 .bss.BMP388_ThreadHandle
                0x00000000240004c4        0x4 ./Core/Src/main.o
                0x00000000240004c4                BMP388_ThreadHandle
 .bss.htim1     0x00000000240004c8       0x4c ./Core/Src/stm32h7xx_hal_timebase_tim.o
                0x00000000240004c8                htim1
 .bss.__sbrk_heap_end
                0x0000000024000514        0x4 ./Core/Src/sysmem.o
 .bss.uwTick    0x0000000024000518        0x4 ./Drivers/STM32H7xx_HAL_Driver/Src/stm32h7xx_hal.o
                0x0000000024000518                uwTick
 .bss.pxCurrentTCB
                0x000000002400051c        0x4 ./Middlewares/Third_Party/FreeRTOS/Source/tasks.o
                0x000000002400051c                pxCurrentTCB
 .bss.pxReadyTasksLists
                0x0000000024000520       0x8c ./Middlewares/Third_Party/FreeRTOS/Source/tasks.o
 .bss.xDelayedTaskList1
                0x00000000240005ac       0x14 ./Middlewares/Third_Party/FreeRTOS/Source/tasks.o
 .bss.xDelayedTaskList2
                0x00000000240005c0       0x14 ./Middlewares/Third_Party/FreeRTOS/Source/tasks.o
 .bss.pxDelayedTaskList
                0x00000000240005d4        0x4 ./Middlewares/Third_Party/FreeRTOS/Source/tasks.o
 .bss.pxOverflowDelayedTaskList
                0x00000000240005d8        0x4 ./Middlewares/Third_Party/FreeRTOS/Source/tasks.o
 .bss.xPendingReadyList
                0x00000000240005dc       0x14 ./Middlewares/Third_Party/FreeRTOS/Source/tasks.o
 .bss.xTasksWaitingTermination
                0x00000000240005f0       0x14 ./Middlewares/Third_Party/FreeRTOS/Source/tasks.o
 .bss.uxDeletedTasksWaitingCleanUp
                0x0000000024000604        0x4 ./Middlewares/Third_Party/FreeRTOS/Source/tasks.o
 .bss.xSuspendedTaskList
                0x0000000024000608       0x14 ./Middlewares/Third_Party/FreeRTOS/Source/tasks.o
 .bss.uxCurrentNumberOfTasks
                0x000000002400061c        0x4 ./Middlewares/Third_Party/FreeRTOS/Source/tasks.o
 .bss.xTickCount
                0x0000000024000620        0x4 ./Middlewares/Third_Party/FreeRTOS/Source/tasks.o
 .bss.uxTopReadyPriority
                0x0000000024000624        0x4 ./Middlewares/Third_Party/FreeRTOS/Source/tasks.o
 .bss.xSchedulerRunning
                0x0000000024000628        0x4 ./Middlewares/Third_Party/FreeRTOS/Source/tasks.o
 .bss.xPendedTicks
                0x000000002400062c        0x4 ./Middlewares/Third_Party/FreeRTOS/Source/tasks.o
 .bss.xYieldPending
                0x0000000024000630        0x4 ./Middlewares/Third_Party/FreeRTOS/Source/tasks.o
 .bss.xNumOfOverflows
                0x0000000024000634        0x4 ./Middlewares/Third_Party/FreeRTOS/Source/tasks.o
 .bss.uxTaskNumber
                0x0000000024000638        0x4 ./Middlewares/Third_Party/FreeRTOS/Source/tasks.o
 .bss.xNextTaskUnblockTime
                0x000000002400063c        0x4 ./Middlewares/Third_Party/FreeRTOS/Source/tasks.o
 .bss.xIdleTaskHandle
                0x0000000024000640        0x4 ./Middlewares/Third_Party/FreeRTOS/Source/tasks.o
 .bss.uxSchedulerSuspended
                0x0000000024000644        0x4 ./Middlewares/Third_Party/FreeRTOS/Source/tasks.o
 .bss.ucMaxSysCallPriority
                0x0000000024000648        0x1 ./Middlewares/Third_Party/FreeRTOS/Source/portable/GCC/ARM_CM4F/port.o
 *fill*         0x0000000024000649        0x3 
 .bss.ulMaxPRIGROUPValue
                0x000000002400064c        0x4 ./Middlewares/Third_Party/FreeRTOS/Source/portable/GCC/ARM_CM4F/port.o
 .bss.ucHeap    0x0000000024000650     0x3c00 ./Middlewares/Third_Party/FreeRTOS/Source/portable/MemMang/heap_4.o
 .bss.xStart    0x0000000024004250        0x8 ./Middlewares/Third_Party/FreeRTOS/Source/portable/MemMang/heap_4.o
 .bss.pxEnd     0x0000000024004258        0x4 ./Middlewares/Third_Party/FreeRTOS/Source/portable/MemMang/heap_4.o
 .bss.xFreeBytesRemaining
                0x000000002400425c        0x4 ./Middlewares/Third_Party/FreeRTOS/Source/portable/MemMang/heap_4.o
 .bss.xMinimumEverFreeBytesRemaining
                0x0000000024004260        0x4 ./Middlewares/Third_Party/FreeRTOS/Source/portable/MemMang/heap_4.o
 .bss.xNumberOfSuccessfulAllocations
                0x0000000024004264        0x4 ./Middlewares/Third_Party/FreeRTOS/Source/portable/MemMang/heap_4.o
 .bss.xNumberOfSuccessfulFrees
                0x0000000024004268        0x4 ./Middlewares/Third_Party/FreeRTOS/Source/portable/MemMang/heap_4.o
 .bss.xBlockAllocatedBit
                0x000000002400426c        0x4 ./Middlewares/Third_Party/FreeRTOS/Source/portable/MemMang/heap_4.o
 .bss.__lock___malloc_recursive_mutex
                0x0000000024004270        0x1 c:/st/stm32cubeide_1.12.0/stm32cubeide/plugins/com.st.stm32cube.ide.mcu.externaltools.gnu-tools-for-stm32.10.3-2021.10.win32_1.0.200.202301161003/tools/bin/../lib/gcc/arm-none-eabi/10.3.1/../../../../arm-none-eabi/lib/thumb/v7e-m+dp/hard\libc_nano.a(lib_a-lock.o)
                0x0000000024004270                __lock___malloc_recursive_mutex
 *fill*         0x0000000024004271        0x3 
 .bss.__malloc_free_list
                0x0000000024004274        0x4 c:/st/stm32cubeide_1.12.0/stm32cubeide/plugins/com.st.stm32cube.ide.mcu.externaltools.gnu-tools-for-stm32.10.3-2021.10.win32_1.0.200.202301161003/tools/bin/../lib/gcc/arm-none-eabi/10.3.1/../../../../arm-none-eabi/lib/thumb/v7e-m+dp/hard\libc_nano.a(lib_a-nano-mallocr.o)
                0x0000000024004274                __malloc_free_list
 .bss.__malloc_sbrk_start
                0x0000000024004278        0x4 c:/st/stm32cubeide_1.12.0/stm32cubeide/plugins/com.st.stm32cube.ide.mcu.externaltools.gnu-tools-for-stm32.10.3-2021.10.win32_1.0.200.202301161003/tools/bin/../lib/gcc/arm-none-eabi/10.3.1/../../../../arm-none-eabi/lib/thumb/v7e-m+dp/hard\libc_nano.a(lib_a-nano-mallocr.o)
                0x0000000024004278                __malloc_sbrk_start
 .bss.errno     0x000000002400427c        0x4 c:/st/stm32cubeide_1.12.0/stm32cubeide/plugins/com.st.stm32cube.ide.mcu.externaltools.gnu-tools-for-stm32.10.3-2021.10.win32_1.0.200.202301161003/tools/bin/../lib/gcc/arm-none-eabi/10.3.1/../../../../arm-none-eabi/lib/thumb/v7e-m+dp/hard\libc_nano.a(lib_a-reent.o)
                0x000000002400427c                errno
 *(COMMON)
                0x0000000024004280                . = ALIGN (0x4)
                0x0000000024004280                _ebss = .
                0x0000000024004280                __bss_end__ = _ebss

._user_heap_stack
                0x0000000024004280      0x600 load address 0x0000000008008950
                0x0000000024004280                . = ALIGN (0x8)
                [!provide]                        PROVIDE (end = .)
                0x0000000024004280                PROVIDE (_end = .)
                0x0000000024004480                . = (. + _Min_Heap_Size)
 *fill*         0x0000000024004280      0x200 
                0x0000000024004880                . = (. + _Min_Stack_Size)
 *fill*         0x0000000024004480      0x400 
                0x0000000024004880                . = ALIGN (0x8)

/DISCARD/
 libc.a(*)
 libm.a(*)
 libgcc.a(*)

.ARM.attributes
                0x0000000000000000       0x2e
 *(.ARM.attributes)
 .ARM.attributes
                0x0000000000000000       0x1e c:/st/stm32cubeide_1.12.0/stm32cubeide/plugins/com.st.stm32cube.ide.mcu.externaltools.gnu-tools-for-stm32.10.3-2021.10.win32_1.0.200.202301161003/tools/bin/../lib/gcc/arm-none-eabi/10.3.1/thumb/v7e-m+dp/hard/crti.o
 .ARM.attributes
                0x000000000000001e       0x32 c:/st/stm32cubeide_1.12.0/stm32cubeide/plugins/com.st.stm32cube.ide.mcu.externaltools.gnu-tools-for-stm32.10.3-2021.10.win32_1.0.200.202301161003/tools/bin/../lib/gcc/arm-none-eabi/10.3.1/thumb/v7e-m+dp/hard/crtbegin.o
 .ARM.attributes
                0x0000000000000050       0x32 ./Core/Src/BMP388.o
 .ARM.attributes
                0x0000000000000082       0x32 ./Core/Src/freertos.o
 .ARM.attributes
                0x00000000000000b4       0x32 ./Core/Src/main.o
 .ARM.attributes
                0x00000000000000e6       0x32 ./Core/Src/stm32h7xx_hal_msp.o
 .ARM.attributes
                0x0000000000000118       0x32 ./Core/Src/stm32h7xx_hal_timebase_tim.o
 .ARM.attributes
                0x000000000000014a       0x32 ./Core/Src/stm32h7xx_it.o
 .ARM.attributes
                0x000000000000017c       0x32 ./Core/Src/sysmem.o
 .ARM.attributes
                0x00000000000001ae       0x32 ./Core/Src/system_stm32h7xx.o
 .ARM.attributes
                0x00000000000001e0       0x21 ./Core/Startup/startup_stm32h743zitx.o
 .ARM.attributes
                0x0000000000000201       0x32 ./Drivers/STM32H7xx_HAL_Driver/Src/stm32h7xx_hal.o
 .ARM.attributes
                0x0000000000000233       0x32 ./Drivers/STM32H7xx_HAL_Driver/Src/stm32h7xx_hal_cortex.o
 .ARM.attributes
                0x0000000000000265       0x32 ./Drivers/STM32H7xx_HAL_Driver/Src/stm32h7xx_hal_gpio.o
 .ARM.attributes
                0x0000000000000297       0x32 ./Drivers/STM32H7xx_HAL_Driver/Src/stm32h7xx_hal_i2c.o
 .ARM.attributes
                0x00000000000002c9       0x32 ./Drivers/STM32H7xx_HAL_Driver/Src/stm32h7xx_hal_i2c_ex.o
 .ARM.attributes
                0x00000000000002fb       0x32 ./Drivers/STM32H7xx_HAL_Driver/Src/stm32h7xx_hal_pwr_ex.o
 .ARM.attributes
                0x000000000000032d       0x32 ./Drivers/STM32H7xx_HAL_Driver/Src/stm32h7xx_hal_rcc.o
 .ARM.attributes
                0x000000000000035f       0x32 ./Drivers/STM32H7xx_HAL_Driver/Src/stm32h7xx_hal_rcc_ex.o
 .ARM.attributes
                0x0000000000000391       0x32 ./Drivers/STM32H7xx_HAL_Driver/Src/stm32h7xx_hal_tim.o
 .ARM.attributes
                0x00000000000003c3       0x32 ./Drivers/STM32H7xx_HAL_Driver/Src/stm32h7xx_hal_tim_ex.o
 .ARM.attributes
                0x00000000000003f5       0x32 ./Drivers/STM32H7xx_HAL_Driver/Src/stm32h7xx_hal_uart.o
 .ARM.attributes
                0x0000000000000427       0x32 ./Drivers/STM32H7xx_HAL_Driver/Src/stm32h7xx_hal_uart_ex.o
 .ARM.attributes
                0x0000000000000459       0x32 ./Middlewares/Third_Party/FreeRTOS/Source/CMSIS_RTOS/cmsis_os.o
 .ARM.attributes
                0x000000000000048b       0x32 ./Middlewares/Third_Party/FreeRTOS/Source/list.o
 .ARM.attributes
                0x00000000000004bd       0x32 ./Middlewares/Third_Party/FreeRTOS/Source/tasks.o
 .ARM.attributes
                0x00000000000004ef       0x32 ./Middlewares/Third_Party/FreeRTOS/Source/portable/GCC/ARM_CM4F/port.o
 .ARM.attributes
                0x0000000000000521       0x32 ./Middlewares/Third_Party/FreeRTOS/Source/portable/MemMang/heap_4.o
 .ARM.attributes
                0x0000000000000553       0x32 c:/st/stm32cubeide_1.12.0/stm32cubeide/plugins/com.st.stm32cube.ide.mcu.externaltools.gnu-tools-for-stm32.10.3-2021.10.win32_1.0.200.202301161003/tools/bin/../lib/gcc/arm-none-eabi/10.3.1/../../../../arm-none-eabi/lib/thumb/v7e-m+dp/hard\libc_nano.a(lib_a-errno.o)
 .ARM.attributes
                0x0000000000000585       0x32 c:/st/stm32cubeide_1.12.0/stm32cubeide/plugins/com.st.stm32cube.ide.mcu.externaltools.gnu-tools-for-stm32.10.3-2021.10.win32_1.0.200.202301161003/tools/bin/../lib/gcc/arm-none-eabi/10.3.1/../../../../arm-none-eabi/lib/thumb/v7e-m+dp/hard\libc_nano.a(lib_a-findfp.o)
 .ARM.attributes
                0x00000000000005b7       0x32 c:/st/stm32cubeide_1.12.0/stm32cubeide/plugins/com.st.stm32cube.ide.mcu.externaltools.gnu-tools-for-stm32.10.3-2021.10.win32_1.0.200.202301161003/tools/bin/../lib/gcc/arm-none-eabi/10.3.1/../../../../arm-none-eabi/lib/thumb/v7e-m+dp/hard\libc_nano.a(lib_a-impure.o)
 .ARM.attributes
                0x00000000000005e9       0x32 c:/st/stm32cubeide_1.12.0/stm32cubeide/plugins/com.st.stm32cube.ide.mcu.externaltools.gnu-tools-for-stm32.10.3-2021.10.win32_1.0.200.202301161003/tools/bin/../lib/gcc/arm-none-eabi/10.3.1/../../../../arm-none-eabi/lib/thumb/v7e-m+dp/hard\libc_nano.a(lib_a-init.o)
 .ARM.attributes
                0x000000000000061b       0x32 c:/st/stm32cubeide_1.12.0/stm32cubeide/plugins/com.st.stm32cube.ide.mcu.externaltools.gnu-tools-for-stm32.10.3-2021.10.win32_1.0.200.202301161003/tools/bin/../lib/gcc/arm-none-eabi/10.3.1/../../../../arm-none-eabi/lib/thumb/v7e-m+dp/hard\libc_nano.a(lib_a-lock.o)
 .ARM.attributes
                0x000000000000064d       0x32 c:/st/stm32cubeide_1.12.0/stm32cubeide/plugins/com.st.stm32cube.ide.mcu.externaltools.gnu-tools-for-stm32.10.3-2021.10.win32_1.0.200.202301161003/tools/bin/../lib/gcc/arm-none-eabi/10.3.1/../../../../arm-none-eabi/lib/thumb/v7e-m+dp/hard\libc_nano.a(lib_a-malloc.o)
 .ARM.attributes
                0x000000000000067f       0x32 c:/st/stm32cubeide_1.12.0/stm32cubeide/plugins/com.st.stm32cube.ide.mcu.externaltools.gnu-tools-for-stm32.10.3-2021.10.win32_1.0.200.202301161003/tools/bin/../lib/gcc/arm-none-eabi/10.3.1/../../../../arm-none-eabi/lib/thumb/v7e-m+dp/hard\libc_nano.a(lib_a-memset.o)
 .ARM.attributes
                0x00000000000006b1       0x32 c:/st/stm32cubeide_1.12.0/stm32cubeide/plugins/com.st.stm32cube.ide.mcu.externaltools.gnu-tools-for-stm32.10.3-2021.10.win32_1.0.200.202301161003/tools/bin/../lib/gcc/arm-none-eabi/10.3.1/../../../../arm-none-eabi/lib/thumb/v7e-m+dp/hard\libc_nano.a(lib_a-nano-freer.o)
 .ARM.attributes
                0x00000000000006e3       0x32 c:/st/stm32cubeide_1.12.0/stm32cubeide/plugins/com.st.stm32cube.ide.mcu.externaltools.gnu-tools-for-stm32.10.3-2021.10.win32_1.0.200.202301161003/tools/bin/../lib/gcc/arm-none-eabi/10.3.1/../../../../arm-none-eabi/lib/thumb/v7e-m+dp/hard\libc_nano.a(lib_a-nano-mallocr.o)
 .ARM.attributes
                0x0000000000000715       0x32 c:/st/stm32cubeide_1.12.0/stm32cubeide/plugins/com.st.stm32cube.ide.mcu.externaltools.gnu-tools-for-stm32.10.3-2021.10.win32_1.0.200.202301161003/tools/bin/../lib/gcc/arm-none-eabi/10.3.1/../../../../arm-none-eabi/lib/thumb/v7e-m+dp/hard\libc_nano.a(lib_a-reent.o)
 .ARM.attributes
                0x0000000000000747       0x32 c:/st/stm32cubeide_1.12.0/stm32cubeide/plugins/com.st.stm32cube.ide.mcu.externaltools.gnu-tools-for-stm32.10.3-2021.10.win32_1.0.200.202301161003/tools/bin/../lib/gcc/arm-none-eabi/10.3.1/../../../../arm-none-eabi/lib/thumb/v7e-m+dp/hard\libc_nano.a(lib_a-sbrkr.o)
 .ARM.attributes
                0x0000000000000779       0x32 c:/st/stm32cubeide_1.12.0/stm32cubeide/plugins/com.st.stm32cube.ide.mcu.externaltools.gnu-tools-for-stm32.10.3-2021.10.win32_1.0.200.202301161003/tools/bin/../lib/gcc/arm-none-eabi/10.3.1/../../../../arm-none-eabi/lib/thumb/v7e-m+dp/hard\libc_nano.a(lib_a-mlock.o)
 .ARM.attributes
                0x00000000000007ab       0x1e c:/st/stm32cubeide_1.12.0/stm32cubeide/plugins/com.st.stm32cube.ide.mcu.externaltools.gnu-tools-for-stm32.10.3-2021.10.win32_1.0.200.202301161003/tools/bin/../lib/gcc/arm-none-eabi/10.3.1/thumb/v7e-m+dp/hard\libgcc.a(_aeabi_uldivmod.o)
 .ARM.attributes
                0x00000000000007c9       0x32 c:/st/stm32cubeide_1.12.0/stm32cubeide/plugins/com.st.stm32cube.ide.mcu.externaltools.gnu-tools-for-stm32.10.3-2021.10.win32_1.0.200.202301161003/tools/bin/../lib/gcc/arm-none-eabi/10.3.1/thumb/v7e-m+dp/hard\libgcc.a(_udivmoddi4.o)
 .ARM.attributes
                0x00000000000007fb       0x1e c:/st/stm32cubeide_1.12.0/stm32cubeide/plugins/com.st.stm32cube.ide.mcu.externaltools.gnu-tools-for-stm32.10.3-2021.10.win32_1.0.200.202301161003/tools/bin/../lib/gcc/arm-none-eabi/10.3.1/thumb/v7e-m+dp/hard\libgcc.a(_dvmd_tls.o)
 .ARM.attributes
                0x0000000000000819       0x1e c:/st/stm32cubeide_1.12.0/stm32cubeide/plugins/com.st.stm32cube.ide.mcu.externaltools.gnu-tools-for-stm32.10.3-2021.10.win32_1.0.200.202301161003/tools/bin/../lib/gcc/arm-none-eabi/10.3.1/thumb/v7e-m+dp/hard/crtn.o
OUTPUT(FlightSoftware_f.elf elf32-littlearm)
LOAD linker stubs
LOAD c:/st/stm32cubeide_1.12.0/stm32cubeide/plugins/com.st.stm32cube.ide.mcu.externaltools.gnu-tools-for-stm32.10.3-2021.10.win32_1.0.200.202301161003/tools/bin/../lib/gcc/arm-none-eabi/10.3.1/../../../../arm-none-eabi/lib/thumb/v7e-m+dp/hard\libc.a
LOAD c:/st/stm32cubeide_1.12.0/stm32cubeide/plugins/com.st.stm32cube.ide.mcu.externaltools.gnu-tools-for-stm32.10.3-2021.10.win32_1.0.200.202301161003/tools/bin/../lib/gcc/arm-none-eabi/10.3.1/../../../../arm-none-eabi/lib/thumb/v7e-m+dp/hard\libm.a
LOAD c:/st/stm32cubeide_1.12.0/stm32cubeide/plugins/com.st.stm32cube.ide.mcu.externaltools.gnu-tools-for-stm32.10.3-2021.10.win32_1.0.200.202301161003/tools/bin/../lib/gcc/arm-none-eabi/10.3.1/thumb/v7e-m+dp/hard\libgcc.a

.debug_info     0x0000000000000000    0x21816
 .debug_info    0x0000000000000000      0xd3e ./Core/Src/BMP388.o
 .debug_info    0x0000000000000d3e      0x9c4 ./Core/Src/freertos.o
 .debug_info    0x0000000000001702     0x2b1c ./Core/Src/main.o
 .debug_info    0x000000000000421e     0x181e ./Core/Src/stm32h7xx_hal_msp.o
 .debug_info    0x0000000000005a3c     0x10e9 ./Core/Src/stm32h7xx_hal_timebase_tim.o
 .debug_info    0x0000000000006b25      0x826 ./Core/Src/stm32h7xx_it.o
 .debug_info    0x000000000000734b      0x171 ./Core/Src/sysmem.o
 .debug_info    0x00000000000074bc      0xd07 ./Core/Src/system_stm32h7xx.o
 .debug_info    0x00000000000081c3       0x22 ./Core/Startup/startup_stm32h743zitx.o
 .debug_info    0x00000000000081e5     0x15d7 ./Drivers/STM32H7xx_HAL_Driver/Src/stm32h7xx_hal.o
 .debug_info    0x00000000000097bc     0x11bd ./Drivers/STM32H7xx_HAL_Driver/Src/stm32h7xx_hal_cortex.o
 .debug_info    0x000000000000a979      0xd28 ./Drivers/STM32H7xx_HAL_Driver/Src/stm32h7xx_hal_gpio.o
 .debug_info    0x000000000000b6a1     0x24d4 ./Drivers/STM32H7xx_HAL_Driver/Src/stm32h7xx_hal_i2c.o
 .debug_info    0x000000000000db75      0xe47 ./Drivers/STM32H7xx_HAL_Driver/Src/stm32h7xx_hal_i2c_ex.o
 .debug_info    0x000000000000e9bc     0x109d ./Drivers/STM32H7xx_HAL_Driver/Src/stm32h7xx_hal_pwr_ex.o
 .debug_info    0x000000000000fa59      0xf4a ./Drivers/STM32H7xx_HAL_Driver/Src/stm32h7xx_hal_rcc.o
 .debug_info    0x00000000000109a3     0x12d9 ./Drivers/STM32H7xx_HAL_Driver/Src/stm32h7xx_hal_rcc_ex.o
 .debug_info    0x0000000000011c7c     0x2e2a ./Drivers/STM32H7xx_HAL_Driver/Src/stm32h7xx_hal_tim.o
 .debug_info    0x0000000000014aa6     0x1928 ./Drivers/STM32H7xx_HAL_Driver/Src/stm32h7xx_hal_tim_ex.o
 .debug_info    0x00000000000163ce     0x4dca ./Drivers/STM32H7xx_HAL_Driver/Src/stm32h7xx_hal_uart.o
 .debug_info    0x000000000001b198     0x1065 ./Drivers/STM32H7xx_HAL_Driver/Src/stm32h7xx_hal_uart_ex.o
 .debug_info    0x000000000001c1fd     0x2354 ./Middlewares/Third_Party/FreeRTOS/Source/CMSIS_RTOS/cmsis_os.o
 .debug_info    0x000000000001e551      0x2d1 ./Middlewares/Third_Party/FreeRTOS/Source/list.o
 .debug_info    0x000000000001e822     0x25e2 ./Middlewares/Third_Party/FreeRTOS/Source/tasks.o
 .debug_info    0x0000000000020e04      0x507 ./Middlewares/Third_Party/FreeRTOS/Source/portable/GCC/ARM_CM4F/port.o
 .debug_info    0x000000000002130b      0x50b ./Middlewares/Third_Party/FreeRTOS/Source/portable/MemMang/heap_4.o

.debug_abbrev   0x0000000000000000     0x39f9
 .debug_abbrev  0x0000000000000000      0x1f1 ./Core/Src/BMP388.o
 .debug_abbrev  0x00000000000001f1      0x169 ./Core/Src/freertos.o
 .debug_abbrev  0x000000000000035a      0x3b2 ./Core/Src/main.o
 .debug_abbrev  0x000000000000070c      0x20e ./Core/Src/stm32h7xx_hal_msp.o
 .debug_abbrev  0x000000000000091a      0x206 ./Core/Src/stm32h7xx_hal_timebase_tim.o
 .debug_abbrev  0x0000000000000b20      0x171 ./Core/Src/stm32h7xx_it.o
 .debug_abbrev  0x0000000000000c91       0xbb ./Core/Src/sysmem.o
 .debug_abbrev  0x0000000000000d4c      0x147 ./Core/Src/system_stm32h7xx.o
 .debug_abbrev  0x0000000000000e93       0x12 ./Core/Startup/startup_stm32h743zitx.o
 .debug_abbrev  0x0000000000000ea5      0x289 ./Drivers/STM32H7xx_HAL_Driver/Src/stm32h7xx_hal.o
 .debug_abbrev  0x000000000000112e      0x329 ./Drivers/STM32H7xx_HAL_Driver/Src/stm32h7xx_hal_cortex.o
 .debug_abbrev  0x0000000000001457      0x1ec ./Drivers/STM32H7xx_HAL_Driver/Src/stm32h7xx_hal_gpio.o
 .debug_abbrev  0x0000000000001643      0x24a ./Drivers/STM32H7xx_HAL_Driver/Src/stm32h7xx_hal_i2c.o
 .debug_abbrev  0x000000000000188d      0x1e1 ./Drivers/STM32H7xx_HAL_Driver/Src/stm32h7xx_hal_i2c_ex.o
 .debug_abbrev  0x0000000000001a6e      0x28f ./Drivers/STM32H7xx_HAL_Driver/Src/stm32h7xx_hal_pwr_ex.o
 .debug_abbrev  0x0000000000001cfd      0x2b8 ./Drivers/STM32H7xx_HAL_Driver/Src/stm32h7xx_hal_rcc.o
 .debug_abbrev  0x0000000000001fb5      0x25c ./Drivers/STM32H7xx_HAL_Driver/Src/stm32h7xx_hal_rcc_ex.o
 .debug_abbrev  0x0000000000002211      0x264 ./Drivers/STM32H7xx_HAL_Driver/Src/stm32h7xx_hal_tim.o
 .debug_abbrev  0x0000000000002475      0x26c ./Drivers/STM32H7xx_HAL_Driver/Src/stm32h7xx_hal_tim_ex.o
 .debug_abbrev  0x00000000000026e1      0x325 ./Drivers/STM32H7xx_HAL_Driver/Src/stm32h7xx_hal_uart.o
 .debug_abbrev  0x0000000000002a06      0x2bd ./Drivers/STM32H7xx_HAL_Driver/Src/stm32h7xx_hal_uart_ex.o
 .debug_abbrev  0x0000000000002cc3      0x415 ./Middlewares/Third_Party/FreeRTOS/Source/CMSIS_RTOS/cmsis_os.o
 .debug_abbrev  0x00000000000030d8       0xf2 ./Middlewares/Third_Party/FreeRTOS/Source/list.o
 .debug_abbrev  0x00000000000031ca      0x3c4 ./Middlewares/Third_Party/FreeRTOS/Source/tasks.o
 .debug_abbrev  0x000000000000358e      0x259 ./Middlewares/Third_Party/FreeRTOS/Source/portable/GCC/ARM_CM4F/port.o
 .debug_abbrev  0x00000000000037e7      0x212 ./Middlewares/Third_Party/FreeRTOS/Source/portable/MemMang/heap_4.o

.debug_aranges  0x0000000000000000     0x1800
 .debug_aranges
                0x0000000000000000       0x50 ./Core/Src/BMP388.o
 .debug_aranges
                0x0000000000000050       0x20 ./Core/Src/freertos.o
 .debug_aranges
                0x0000000000000070       0x80 ./Core/Src/main.o
 .debug_aranges
                0x00000000000000f0       0x40 ./Core/Src/stm32h7xx_hal_msp.o
 .debug_aranges
                0x0000000000000130       0x30 ./Core/Src/stm32h7xx_hal_timebase_tim.o
 .debug_aranges
                0x0000000000000160       0x50 ./Core/Src/stm32h7xx_it.o
 .debug_aranges
                0x00000000000001b0       0x20 ./Core/Src/sysmem.o
 .debug_aranges
                0x00000000000001d0       0x28 ./Core/Src/system_stm32h7xx.o
 .debug_aranges
                0x00000000000001f8       0x28 ./Core/Startup/startup_stm32h743zitx.o
 .debug_aranges
                0x0000000000000220      0x198 ./Drivers/STM32H7xx_HAL_Driver/Src/stm32h7xx_hal.o
 .debug_aranges
                0x00000000000003b8      0x130 ./Drivers/STM32H7xx_HAL_Driver/Src/stm32h7xx_hal_cortex.o
 .debug_aranges
                0x00000000000004e8       0x58 ./Drivers/STM32H7xx_HAL_Driver/Src/stm32h7xx_hal_gpio.o
 .debug_aranges
                0x0000000000000540      0x2a0 ./Drivers/STM32H7xx_HAL_Driver/Src/stm32h7xx_hal_i2c.o
 .debug_aranges
                0x00000000000007e0       0x48 ./Drivers/STM32H7xx_HAL_Driver/Src/stm32h7xx_hal_i2c_ex.o
 .debug_aranges
                0x0000000000000828      0x158 ./Drivers/STM32H7xx_HAL_Driver/Src/stm32h7xx_hal_pwr_ex.o
 .debug_aranges
                0x0000000000000980       0x88 ./Drivers/STM32H7xx_HAL_Driver/Src/stm32h7xx_hal_rcc.o
 .debug_aranges
                0x0000000000000a08       0xf8 ./Drivers/STM32H7xx_HAL_Driver/Src/stm32h7xx_hal_rcc_ex.o
 .debug_aranges
                0x0000000000000b00      0x3e0 ./Drivers/STM32H7xx_HAL_Driver/Src/stm32h7xx_hal_tim.o
 .debug_aranges
                0x0000000000000ee0      0x188 ./Drivers/STM32H7xx_HAL_Driver/Src/stm32h7xx_hal_tim_ex.o
 .debug_aranges
                0x0000000000001068      0x248 ./Drivers/STM32H7xx_HAL_Driver/Src/stm32h7xx_hal_uart.o
 .debug_aranges
                0x00000000000012b0       0xa8 ./Drivers/STM32H7xx_HAL_Driver/Src/stm32h7xx_hal_uart_ex.o
 .debug_aranges
                0x0000000000001358      0x1d8 ./Middlewares/Third_Party/FreeRTOS/Source/CMSIS_RTOS/cmsis_os.o
 .debug_aranges
                0x0000000000001530       0x40 ./Middlewares/Third_Party/FreeRTOS/Source/list.o
 .debug_aranges
                0x0000000000001570      0x1b8 ./Middlewares/Third_Party/FreeRTOS/Source/tasks.o
 .debug_aranges
                0x0000000000001728       0x80 ./Middlewares/Third_Party/FreeRTOS/Source/portable/GCC/ARM_CM4F/port.o
 .debug_aranges
                0x00000000000017a8       0x58 ./Middlewares/Third_Party/FreeRTOS/Source/portable/MemMang/heap_4.o

.debug_ranges   0x0000000000000000     0x1698
 .debug_ranges  0x0000000000000000       0x40 ./Core/Src/BMP388.o
 .debug_ranges  0x0000000000000040       0x10 ./Core/Src/freertos.o
 .debug_ranges  0x0000000000000050       0x70 ./Core/Src/main.o
 .debug_ranges  0x00000000000000c0       0x30 ./Core/Src/stm32h7xx_hal_msp.o
 .debug_ranges  0x00000000000000f0       0x20 ./Core/Src/stm32h7xx_hal_timebase_tim.o
 .debug_ranges  0x0000000000000110       0x40 ./Core/Src/stm32h7xx_it.o
 .debug_ranges  0x0000000000000150       0x10 ./Core/Src/sysmem.o
 .debug_ranges  0x0000000000000160       0x18 ./Core/Src/system_stm32h7xx.o
 .debug_ranges  0x0000000000000178       0x20 ./Core/Startup/startup_stm32h743zitx.o
 .debug_ranges  0x0000000000000198      0x188 ./Drivers/STM32H7xx_HAL_Driver/Src/stm32h7xx_hal.o
 .debug_ranges  0x0000000000000320      0x120 ./Drivers/STM32H7xx_HAL_Driver/Src/stm32h7xx_hal_cortex.o
 .debug_ranges  0x0000000000000440       0x48 ./Drivers/STM32H7xx_HAL_Driver/Src/stm32h7xx_hal_gpio.o
 .debug_ranges  0x0000000000000488      0x290 ./Drivers/STM32H7xx_HAL_Driver/Src/stm32h7xx_hal_i2c.o
 .debug_ranges  0x0000000000000718       0x38 ./Drivers/STM32H7xx_HAL_Driver/Src/stm32h7xx_hal_i2c_ex.o
 .debug_ranges  0x0000000000000750      0x148 ./Drivers/STM32H7xx_HAL_Driver/Src/stm32h7xx_hal_pwr_ex.o
 .debug_ranges  0x0000000000000898       0x78 ./Drivers/STM32H7xx_HAL_Driver/Src/stm32h7xx_hal_rcc.o
 .debug_ranges  0x0000000000000910       0xe8 ./Drivers/STM32H7xx_HAL_Driver/Src/stm32h7xx_hal_rcc_ex.o
 .debug_ranges  0x00000000000009f8      0x3d0 ./Drivers/STM32H7xx_HAL_Driver/Src/stm32h7xx_hal_tim.o
 .debug_ranges  0x0000000000000dc8      0x178 ./Drivers/STM32H7xx_HAL_Driver/Src/stm32h7xx_hal_tim_ex.o
 .debug_ranges  0x0000000000000f40      0x268 ./Drivers/STM32H7xx_HAL_Driver/Src/stm32h7xx_hal_uart.o
 .debug_ranges  0x00000000000011a8       0x98 ./Drivers/STM32H7xx_HAL_Driver/Src/stm32h7xx_hal_uart_ex.o
 .debug_ranges  0x0000000000001240      0x1c8 ./Middlewares/Third_Party/FreeRTOS/Source/CMSIS_RTOS/cmsis_os.o
 .debug_ranges  0x0000000000001408       0x30 ./Middlewares/Third_Party/FreeRTOS/Source/list.o
 .debug_ranges  0x0000000000001438      0x1a8 ./Middlewares/Third_Party/FreeRTOS/Source/tasks.o
 .debug_ranges  0x00000000000015e0       0x70 ./Middlewares/Third_Party/FreeRTOS/Source/portable/GCC/ARM_CM4F/port.o
 .debug_ranges  0x0000000000001650       0x48 ./Middlewares/Third_Party/FreeRTOS/Source/portable/MemMang/heap_4.o

.debug_macro    0x0000000000000000    0x39a52
 .debug_macro   0x0000000000000000      0x3ab ./Core/Src/BMP388.o
 .debug_macro   0x00000000000003ab      0xa90 ./Core/Src/BMP388.o
 .debug_macro   0x0000000000000e3b      0x238 ./Core/Src/BMP388.o
 .debug_macro   0x0000000000001073       0x2e ./Core/Src/BMP388.o
 .debug_macro   0x00000000000010a1       0x3b ./Core/Src/BMP388.o
 .debug_macro   0x00000000000010dc       0x22 ./Core/Src/BMP388.o
 .debug_macro   0x00000000000010fe       0x8e ./Core/Src/BMP388.o
 .debug_macro   0x000000000000118c       0x51 ./Core/Src/BMP388.o
 .debug_macro   0x00000000000011dd      0x103 ./Core/Src/BMP388.o
 .debug_macro   0x00000000000012e0       0x6a ./Core/Src/BMP388.o
 .debug_macro   0x000000000000134a      0x1df ./Core/Src/BMP388.o
 .debug_macro   0x0000000000001529       0x1c ./Core/Src/BMP388.o
 .debug_macro   0x0000000000001545       0x22 ./Core/Src/BMP388.o
 .debug_macro   0x0000000000001567       0xfb ./Core/Src/BMP388.o
 .debug_macro   0x0000000000001662     0x1305 ./Core/Src/BMP388.o
 .debug_macro   0x0000000000002967      0x11f ./Core/Src/BMP388.o
 .debug_macro   0x0000000000002a86       0x27 ./Core/Src/BMP388.o
 .debug_macro   0x0000000000002aad    0x258f9 ./Core/Src/BMP388.o
 .debug_macro   0x00000000000283a6       0x6d ./Core/Src/BMP388.o
 .debug_macro   0x0000000000028413     0x3d79 ./Core/Src/BMP388.o
 .debug_macro   0x000000000002c18c      0x174 ./Core/Src/BMP388.o
 .debug_macro   0x000000000002c300       0x52 ./Core/Src/BMP388.o
 .debug_macro   0x000000000002c352       0x1d ./Core/Src/BMP388.o
 .debug_macro   0x000000000002c36f       0x3c ./Core/Src/BMP388.o
 .debug_macro   0x000000000002c3ab       0x34 ./Core/Src/BMP388.o
 .debug_macro   0x000000000002c3df       0x16 ./Core/Src/BMP388.o
 .debug_macro   0x000000000002c3f5       0x43 ./Core/Src/BMP388.o
 .debug_macro   0x000000000002c438       0x34 ./Core/Src/BMP388.o
 .debug_macro   0x000000000002c46c       0x10 ./Core/Src/BMP388.o
 .debug_macro   0x000000000002c47c       0x58 ./Core/Src/BMP388.o
 .debug_macro   0x000000000002c4d4       0x71 ./Core/Src/BMP388.o
 .debug_macro   0x000000000002c545       0x1c ./Core/Src/BMP388.o
 .debug_macro   0x000000000002c561      0x12a ./Core/Src/BMP388.o
 .debug_macro   0x000000000002c68b      0x341 ./Core/Src/BMP388.o
 .debug_macro   0x000000000002c9cc      0x19b ./Core/Src/BMP388.o
 .debug_macro   0x000000000002cb67       0x5d ./Core/Src/BMP388.o
 .debug_macro   0x000000000002cbc4     0x2382 ./Core/Src/BMP388.o
 .debug_macro   0x000000000002ef46     0x102c ./Core/Src/BMP388.o
 .debug_macro   0x000000000002ff72      0x154 ./Core/Src/BMP388.o
 .debug_macro   0x00000000000300c6      0x114 ./Core/Src/BMP388.o
 .debug_macro   0x00000000000301da      0x3b6 ./Core/Src/BMP388.o
 .debug_macro   0x0000000000030590       0xac ./Core/Src/BMP388.o
 .debug_macro   0x000000000003063c      0x72d ./Core/Src/BMP388.o
 .debug_macro   0x0000000000030d69      0x228 ./Core/Src/BMP388.o
 .debug_macro   0x0000000000030f91       0x66 ./Core/Src/BMP388.o
 .debug_macro   0x0000000000030ff7      0x3bb ./Core/Src/BMP388.o
 .debug_macro   0x00000000000313b2      0x3e4 ./Core/Src/BMP388.o
 .debug_macro   0x0000000000031796      0x275 ./Core/Src/BMP388.o
 .debug_macro   0x0000000000031a0b      0x3ca ./Core/Src/BMP388.o
 .debug_macro   0x0000000000031dd5      0x408 ./Core/Src/BMP388.o
 .debug_macro   0x00000000000321dd       0x51 ./Core/Src/BMP388.o
 .debug_macro   0x000000000003222e       0x4a ./Core/Src/BMP388.o
 .debug_macro   0x0000000000032278      0x22c ./Core/Src/BMP388.o
 .debug_macro   0x00000000000324a4       0x67 ./Core/Src/BMP388.o
 .debug_macro   0x000000000003250b       0xa5 ./Core/Src/BMP388.o
 .debug_macro   0x00000000000325b0      0x1c4 ./Core/Src/BMP388.o
 .debug_macro   0x0000000000032774      0x25e ./Core/Src/BMP388.o
 .debug_macro   0x00000000000329d2       0x35 ./Core/Src/BMP388.o
 .debug_macro   0x0000000000032a07      0xafa ./Core/Src/BMP388.o
 .debug_macro   0x0000000000033501      0x29f ./Core/Src/BMP388.o
 .debug_macro   0x00000000000337a0      0x693 ./Core/Src/BMP388.o
 .debug_macro   0x0000000000033e33       0xa6 ./Core/Src/BMP388.o
 .debug_macro   0x0000000000033ed9      0x5a0 ./Core/Src/BMP388.o
 .debug_macro   0x0000000000034479       0x1c ./Core/Src/BMP388.o
 .debug_macro   0x0000000000034495       0x35 ./Core/Src/BMP388.o
 .debug_macro   0x00000000000344ca       0x10 ./Core/Src/BMP388.o
 .debug_macro   0x00000000000344da       0x10 ./Core/Src/BMP388.o
 .debug_macro   0x00000000000344ea       0x1c ./Core/Src/BMP388.o
 .debug_macro   0x0000000000034506       0x52 ./Core/Src/BMP388.o
 .debug_macro   0x0000000000034558       0x22 ./Core/Src/BMP388.o
 .debug_macro   0x000000000003457a       0x10 ./Core/Src/BMP388.o
 .debug_macro   0x000000000003458a       0x52 ./Core/Src/BMP388.o
 .debug_macro   0x00000000000345dc       0xd5 ./Core/Src/BMP388.o
 .debug_macro   0x00000000000346b1       0x1c ./Core/Src/BMP388.o
 .debug_macro   0x00000000000346cd       0x3d ./Core/Src/BMP388.o
 .debug_macro   0x000000000003470a       0x16 ./Core/Src/BMP388.o
 .debug_macro   0x0000000000034720      0x145 ./Core/Src/BMP388.o
 .debug_macro   0x0000000000034865       0x16 ./Core/Src/BMP388.o
 .debug_macro   0x000000000003487b       0x16 ./Core/Src/BMP388.o
 .debug_macro   0x0000000000034891       0x29 ./Core/Src/BMP388.o
 .debug_macro   0x00000000000348ba       0x6a ./Core/Src/BMP388.o
 .debug_macro   0x0000000000034924      0x336 ./Core/Src/freertos.o
 .debug_macro   0x0000000000034c5a       0xf1 ./Core/Src/freertos.o
 .debug_macro   0x0000000000034d4b      0x15a ./Core/Src/freertos.o
 .debug_macro   0x0000000000034ea5       0xde ./Core/Src/freertos.o
 .debug_macro   0x0000000000034f83       0x1c ./Core/Src/freertos.o
 .debug_macro   0x0000000000034f9f       0x26 ./Core/Src/freertos.o
 .debug_macro   0x0000000000034fc5       0x10 ./Core/Src/freertos.o
 .debug_macro   0x0000000000034fd5      0x4fe ./Core/Src/freertos.o
 .debug_macro   0x00000000000354d3       0xb5 ./Core/Src/freertos.o
 .debug_macro   0x0000000000035588       0xaa ./Core/Src/freertos.o
 .debug_macro   0x0000000000035632      0x10c ./Core/Src/freertos.o
 .debug_macro   0x000000000003573e      0x494 ./Core/Src/main.o
 .debug_macro   0x0000000000035bd2       0xf1 ./Core/Src/main.o
 .debug_macro   0x0000000000035cc3       0x16 ./Core/Src/main.o
 .debug_macro   0x0000000000035cd9       0x91 ./Core/Src/main.o
 .debug_macro   0x0000000000035d6a       0x8d ./Core/Src/main.o
 .debug_macro   0x0000000000035df7       0x7e ./Core/Src/main.o
 .debug_macro   0x0000000000035e75       0x19 ./Core/Src/main.o
 .debug_macro   0x0000000000035e8e       0xf2 ./Core/Src/main.o
 .debug_macro   0x0000000000035f80      0x2b6 ./Core/Src/stm32h7xx_hal_msp.o
 .debug_macro   0x0000000000036236      0x2a7 ./Core/Src/stm32h7xx_hal_timebase_tim.o
 .debug_macro   0x00000000000364dd      0x2c0 ./Core/Src/stm32h7xx_it.o
 .debug_macro   0x000000000003679d       0xff ./Core/Src/sysmem.o
 .debug_macro   0x000000000003689c      0x23b ./Core/Src/sysmem.o
 .debug_macro   0x0000000000036ad7      0x2a7 ./Core/Src/system_stm32h7xx.o
 .debug_macro   0x0000000000036d7e      0x2d1 ./Drivers/STM32H7xx_HAL_Driver/Src/stm32h7xx_hal.o
 .debug_macro   0x000000000003704f      0x2a7 ./Drivers/STM32H7xx_HAL_Driver/Src/stm32h7xx_hal_cortex.o
 .debug_macro   0x00000000000372f6      0x2ae ./Drivers/STM32H7xx_HAL_Driver/Src/stm32h7xx_hal_gpio.o
 .debug_macro   0x00000000000375a4      0x373 ./Drivers/STM32H7xx_HAL_Driver/Src/stm32h7xx_hal_i2c.o
 .debug_macro   0x0000000000037917      0x2a7 ./Drivers/STM32H7xx_HAL_Driver/Src/stm32h7xx_hal_i2c_ex.o
 .debug_macro   0x0000000000037bbe      0x2e0 ./Drivers/STM32H7xx_HAL_Driver/Src/stm32h7xx_hal_pwr_ex.o
 .debug_macro   0x0000000000037e9e      0x2cb ./Drivers/STM32H7xx_HAL_Driver/Src/stm32h7xx_hal_rcc.o
 .debug_macro   0x0000000000038169      0x2c5 ./Drivers/STM32H7xx_HAL_Driver/Src/stm32h7xx_hal_rcc_ex.o
 .debug_macro   0x000000000003842e      0x2a8 ./Drivers/STM32H7xx_HAL_Driver/Src/stm32h7xx_hal_tim.o
 .debug_macro   0x00000000000386d6      0x2a7 ./Drivers/STM32H7xx_HAL_Driver/Src/stm32h7xx_hal_tim_ex.o
 .debug_macro   0x000000000003897d      0x2d2 ./Drivers/STM32H7xx_HAL_Driver/Src/stm32h7xx_hal_uart.o
 .debug_macro   0x0000000000038c4f      0x2b3 ./Drivers/STM32H7xx_HAL_Driver/Src/stm32h7xx_hal_uart_ex.o
 .debug_macro   0x0000000000038f02      0x210 ./Middlewares/Third_Party/FreeRTOS/Source/CMSIS_RTOS/cmsis_os.o
 .debug_macro   0x0000000000039112       0x10 ./Middlewares/Third_Party/FreeRTOS/Source/CMSIS_RTOS/cmsis_os.o
 .debug_macro   0x0000000000039122       0x20 ./Middlewares/Third_Party/FreeRTOS/Source/CMSIS_RTOS/cmsis_os.o
 .debug_macro   0x0000000000039142       0xe9 ./Middlewares/Third_Party/FreeRTOS/Source/CMSIS_RTOS/cmsis_os.o
 .debug_macro   0x000000000003922b      0x199 ./Middlewares/Third_Party/FreeRTOS/Source/list.o
 .debug_macro   0x00000000000393c4      0x28b ./Middlewares/Third_Party/FreeRTOS/Source/tasks.o
 .debug_macro   0x000000000003964f       0x10 ./Middlewares/Third_Party/FreeRTOS/Source/tasks.o
 .debug_macro   0x000000000003965f      0x233 ./Middlewares/Third_Party/FreeRTOS/Source/portable/GCC/ARM_CM4F/port.o
 .debug_macro   0x0000000000039892      0x1c0 ./Middlewares/Third_Party/FreeRTOS/Source/portable/MemMang/heap_4.o

.debug_line     0x0000000000000000    0x1ed11
 .debug_line    0x0000000000000000      0xc4b ./Core/Src/BMP388.o
 .debug_line    0x0000000000000c4b      0x95f ./Core/Src/freertos.o
 .debug_line    0x00000000000015aa      0xe03 ./Core/Src/main.o
 .debug_line    0x00000000000023ad      0x959 ./Core/Src/stm32h7xx_hal_msp.o
 .debug_line    0x0000000000002d06      0x8bd ./Core/Src/stm32h7xx_hal_timebase_tim.o
 .debug_line    0x00000000000035c3      0x8f2 ./Core/Src/stm32h7xx_it.o
 .debug_line    0x0000000000003eb5      0x4f4 ./Core/Src/sysmem.o
 .debug_line    0x00000000000043a9      0xa05 ./Core/Src/system_stm32h7xx.o
 .debug_line    0x0000000000004dae       0x88 ./Core/Startup/startup_stm32h743zitx.o
 .debug_line    0x0000000000004e36      0xe03 ./Drivers/STM32H7xx_HAL_Driver/Src/stm32h7xx_hal.o
 .debug_line    0x0000000000005c39      0xe37 ./Drivers/STM32H7xx_HAL_Driver/Src/stm32h7xx_hal_cortex.o
 .debug_line    0x0000000000006a70      0xcc6 ./Drivers/STM32H7xx_HAL_Driver/Src/stm32h7xx_hal_gpio.o
 .debug_line    0x0000000000007736     0x3dbf ./Drivers/STM32H7xx_HAL_Driver/Src/stm32h7xx_hal_i2c.o