../Core/Src/main.c:93:5:main	184	static
../Core/Src/main.c:187:6:SystemClock_Config	120	static
../Core/Src/main.c:247:13:MX_I2C4_Init	8	static
../Core/Src/main.c:295:13:MX_USART1_UART_Init	8	static
../Core/Src/main.c:343:13:MX_USART3_UART_Init	8	static
../Core/Src/main.c:391:13:MX_GPIO_Init	56	static
../Core/Src/main.c:492:6:StartDefaultTask	16	static
../Core/Src/main.c:522:6:GPS_Entry	16	static
../Core/Src/main.c:556:6:XBEE_Entry	16	static
../Core/Src/main.c:592:6:BMP388_Entry	32	static
../Core/Src/main.c:625:6:GZP_Entry	40	static
../Core/Src/main.c:658:6:ICM_Entry	32	static
../Core/Src/main.c:691:6:HAL_TIM_PeriodElapsedCallback	16	static
../Core/Src/main.c:708:6:Error_Handler	4	static,ignoring_inline_asm
