../Core/Src/main.c:86:5:main	48	static
../Core/Src/main.c:176:6:SystemClock_Config	120	static
../Core/Src/main.c:236:13:MX_I2C4_Init	8	static
../Core/Src/main.c:284:13:MX_USART1_UART_Init	8	static
../Core/Src/main.c:332:13:MX_USART3_UART_Init	8	static
../Core/Src/main.c:380:13:MX_GPIO_Init	56	static
../Core/Src/main.c:481:6:StartDefaultTask	16	static
../Core/Src/main.c:499:6:GPS_Entry	16	static
../Core/Src/main.c:522:6:XBEE_Entry	16	static
../Core/Src/main.c:540:6:BMP388_Entry	16	static
../Core/Src/main.c:558:6:GZP_Entry	16	static
../Core/Src/main.c:579:6:HAL_TIM_PeriodElapsedCallback	16	static
../Core/Src/main.c:596:6:Error_Handler	4	static,ignoring_inline_asm
